Archive member included to satisfy reference by file (symbol)

C:/ST/STM32CubeIDE_1.14.1/STM32CubeIDE/plugins/com.st.stm32cube.ide.mcu.externaltools.gnu-tools-for-stm32.11.3.rel1.win32_1.1.100.202309141235/tools/bin/../lib/gcc/arm-none-eabi/11.3.1/../../../../arm-none-eabi/lib/thumb/v7e-m+fp/hard\libc_nano.a(libc_a-exit.o)
                              C:/ST/STM32CubeIDE_1.14.1/STM32CubeIDE/plugins/com.st.stm32cube.ide.mcu.externaltools.gnu-tools-for-stm32.11.3.rel1.win32_1.1.100.202309141235/tools/bin/../lib/gcc/arm-none-eabi/11.3.1/../../../../arm-none-eabi/lib/thumb/v7e-m+fp/hard/crt0.o (exit)
C:/ST/STM32CubeIDE_1.14.1/STM32CubeIDE/plugins/com.st.stm32cube.ide.mcu.externaltools.gnu-tools-for-stm32.11.3.rel1.win32_1.1.100.202309141235/tools/bin/../lib/gcc/arm-none-eabi/11.3.1/../../../../arm-none-eabi/lib/thumb/v7e-m+fp/hard\libc_nano.a(libc_a-findfp.o)
                              C:/ST/STM32CubeIDE_1.14.1/STM32CubeIDE/plugins/com.st.stm32cube.ide.mcu.externaltools.gnu-tools-for-stm32.11.3.rel1.win32_1.1.100.202309141235/tools/bin/../lib/gcc/arm-none-eabi/11.3.1/../../../../arm-none-eabi/lib/thumb/v7e-m+fp/hard\libc_nano.a(libc_a-exit.o) (__stdio_exit_handler)
C:/ST/STM32CubeIDE_1.14.1/STM32CubeIDE/plugins/com.st.stm32cube.ide.mcu.externaltools.gnu-tools-for-stm32.11.3.rel1.win32_1.1.100.202309141235/tools/bin/../lib/gcc/arm-none-eabi/11.3.1/../../../../arm-none-eabi/lib/thumb/v7e-m+fp/hard\libc_nano.a(libc_a-fwalk.o)
                              C:/ST/STM32CubeIDE_1.14.1/STM32CubeIDE/plugins/com.st.stm32cube.ide.mcu.externaltools.gnu-tools-for-stm32.11.3.rel1.win32_1.1.100.202309141235/tools/bin/../lib/gcc/arm-none-eabi/11.3.1/../../../../arm-none-eabi/lib/thumb/v7e-m+fp/hard\libc_nano.a(libc_a-findfp.o) (_fwalk_sglue)
C:/ST/STM32CubeIDE_1.14.1/STM32CubeIDE/plugins/com.st.stm32cube.ide.mcu.externaltools.gnu-tools-for-stm32.11.3.rel1.win32_1.1.100.202309141235/tools/bin/../lib/gcc/arm-none-eabi/11.3.1/../../../../arm-none-eabi/lib/thumb/v7e-m+fp/hard\libc_nano.a(libc_a-stdio.o)
                              C:/ST/STM32CubeIDE_1.14.1/STM32CubeIDE/plugins/com.st.stm32cube.ide.mcu.externaltools.gnu-tools-for-stm32.11.3.rel1.win32_1.1.100.202309141235/tools/bin/../lib/gcc/arm-none-eabi/11.3.1/../../../../arm-none-eabi/lib/thumb/v7e-m+fp/hard\libc_nano.a(libc_a-findfp.o) (__sread)
C:/ST/STM32CubeIDE_1.14.1/STM32CubeIDE/plugins/com.st.stm32cube.ide.mcu.externaltools.gnu-tools-for-stm32.11.3.rel1.win32_1.1.100.202309141235/tools/bin/../lib/gcc/arm-none-eabi/11.3.1/../../../../arm-none-eabi/lib/thumb/v7e-m+fp/hard\libc_nano.a(libc_a-memset.o)
                              C:/ST/STM32CubeIDE_1.14.1/STM32CubeIDE/plugins/com.st.stm32cube.ide.mcu.externaltools.gnu-tools-for-stm32.11.3.rel1.win32_1.1.100.202309141235/tools/bin/../lib/gcc/arm-none-eabi/11.3.1/../../../../arm-none-eabi/lib/thumb/v7e-m+fp/hard/crt0.o (memset)
C:/ST/STM32CubeIDE_1.14.1/STM32CubeIDE/plugins/com.st.stm32cube.ide.mcu.externaltools.gnu-tools-for-stm32.11.3.rel1.win32_1.1.100.202309141235/tools/bin/../lib/gcc/arm-none-eabi/11.3.1/../../../../arm-none-eabi/lib/thumb/v7e-m+fp/hard\libc_nano.a(libc_a-closer.o)
                              C:/ST/STM32CubeIDE_1.14.1/STM32CubeIDE/plugins/com.st.stm32cube.ide.mcu.externaltools.gnu-tools-for-stm32.11.3.rel1.win32_1.1.100.202309141235/tools/bin/../lib/gcc/arm-none-eabi/11.3.1/../../../../arm-none-eabi/lib/thumb/v7e-m+fp/hard\libc_nano.a(libc_a-stdio.o) (_close_r)
C:/ST/STM32CubeIDE_1.14.1/STM32CubeIDE/plugins/com.st.stm32cube.ide.mcu.externaltools.gnu-tools-for-stm32.11.3.rel1.win32_1.1.100.202309141235/tools/bin/../lib/gcc/arm-none-eabi/11.3.1/../../../../arm-none-eabi/lib/thumb/v7e-m+fp/hard\libc_nano.a(libc_a-reent.o)
                              C:/ST/STM32CubeIDE_1.14.1/STM32CubeIDE/plugins/com.st.stm32cube.ide.mcu.externaltools.gnu-tools-for-stm32.11.3.rel1.win32_1.1.100.202309141235/tools/bin/../lib/gcc/arm-none-eabi/11.3.1/../../../../arm-none-eabi/lib/thumb/v7e-m+fp/hard\libc_nano.a(libc_a-closer.o) (errno)
C:/ST/STM32CubeIDE_1.14.1/STM32CubeIDE/plugins/com.st.stm32cube.ide.mcu.externaltools.gnu-tools-for-stm32.11.3.rel1.win32_1.1.100.202309141235/tools/bin/../lib/gcc/arm-none-eabi/11.3.1/../../../../arm-none-eabi/lib/thumb/v7e-m+fp/hard\libc_nano.a(libc_a-impure.o)
                              C:/ST/STM32CubeIDE_1.14.1/STM32CubeIDE/plugins/com.st.stm32cube.ide.mcu.externaltools.gnu-tools-for-stm32.11.3.rel1.win32_1.1.100.202309141235/tools/bin/../lib/gcc/arm-none-eabi/11.3.1/../../../../arm-none-eabi/lib/thumb/v7e-m+fp/hard\libc_nano.a(libc_a-reent.o) (_impure_ptr)
C:/ST/STM32CubeIDE_1.14.1/STM32CubeIDE/plugins/com.st.stm32cube.ide.mcu.externaltools.gnu-tools-for-stm32.11.3.rel1.win32_1.1.100.202309141235/tools/bin/../lib/gcc/arm-none-eabi/11.3.1/../../../../arm-none-eabi/lib/thumb/v7e-m+fp/hard\libc_nano.a(libc_a-lseekr.o)
[...]
Memory Configuration

Name             Origin             Length             Attributes
RAM              0x0000000020000000 0x0000000000018000 xrw
FLASH            0x0000000008000000 0x0000000000080000 xr
*default*        0x0000000000000000 0xffffffffffffffff

Linker script and memory map

LOAD C:/ST/STM32CubeIDE_1.14.1/STM32CubeIDE/plugins/com.st.stm32cube.ide.mcu.externaltools.gnu-tools-for-stm32.11.3.rel1.win32_1.1.100.202309141235/tools/bin/../lib/gcc/arm-none-eabi/11.3.1/thumb/v7e-m+fp/hard/crti.o
LOAD C:/ST/STM32CubeIDE_1.14.1/STM32CubeIDE/plugins/com.st.stm32cube.ide.mcu.externaltools.gnu-tools-for-stm32.11.3.rel1.win32_1.1.100.202309141235/tools/bin/../lib/gcc/arm-none-eabi/11.3.1/thumb/v7e-m+fp/hard/crtbegin.o
LOAD C:/ST/STM32CubeIDE_1.14.1/STM32CubeIDE/plugins/com.st.stm32cube.ide.mcu.externaltools.gnu-tools-for-stm32.11.3.rel1.win32_1.1.100.202309141235/tools/bin/../lib/gcc/arm-none-eabi/11.3.1/../../../../arm-none-eabi/lib/thumb/v7e-m+fp/hard/crt0.o
LOAD ./Core/Src/BLE.o
LOAD ./Core/Src/Encoder.o
LOAD ./Core/Src/Motors.o
LOAD ./Core/Src/PID.o
LOAD ./Core/Src/Sensors.o
LOAD ./Core/Src/StateMachine.o
LOAD ./Core/Src/adc.o
LOAD ./Core/Src/dma.o
LOAD ./Core/Src/gpio.o
LOAD ./Core/Src/main.o
LOAD ./Core/Src/stm32f4xx_hal_msp.o
LOAD ./Core/Src/stm32f4xx_it.o
LOAD ./Core/Src/syscalls.o
LOAD ./Core/Src/sysmem.o
LOAD ./Core/Src/system_stm32f4xx.o
LOAD ./Core/Src/tim.o
LOAD ./Core/Src/usart.o
LOAD ./Core/Startup/startup_stm32f401retx.o
LOAD ./Drivers/STM32F4xx_HAL_Driver/Src/stm32f4xx_hal.o
LOAD ./Drivers/STM32F4xx_HAL_Driver/Src/stm32f4xx_hal_adc.o
LOAD ./Drivers/STM32F4xx_HAL_Driver/Src/stm32f4xx_hal_adc_ex.o
LOAD ./Drivers/STM32F4xx_HAL_Driver/Src/stm32f4xx_hal_cortex.o
LOAD ./Drivers/STM32F4xx_HAL_Driver/Src/stm32f4xx_hal_dma.o
LOAD ./Drivers/STM32F4xx_HAL_Driver/Src/stm32f4xx_hal_dma_ex.o
LOAD ./Drivers/STM32F4xx_HAL_Driver/Src/stm32f4xx_hal_exti.o
LOAD ./Drivers/STM32F4xx_HAL_Driver/Src/stm32f4xx_hal_flash.o
LOAD ./Drivers/STM32F4xx_HAL_Driver/Src/stm32f4xx_hal_flash_ex.o
LOAD ./Drivers/STM32F4xx_HAL_Driver/Src/stm32f4xx_hal_flash_ramfunc.o
LOAD ./Drivers/STM32F4xx_HAL_Driver/Src/stm32f4xx_hal_gpio.o
LOAD ./Drivers/STM32F4xx_HAL_Driver/Src/stm32f4xx_hal_pwr.o
LOAD ./Drivers/STM32F4xx_HAL_Driver/Src/stm32f4xx_hal_pwr_ex.o
LOAD ./Drivers/STM32F4xx_HAL_Driver/Src/stm32f4xx_hal_rcc.o
LOAD ./Drivers/STM32F4xx_HAL_Driver/Src/stm32f4xx_hal_rcc_ex.o
LOAD ./Drivers/STM32F4xx_HAL_Driver/Src/stm32f4xx_hal_tim.o
LOAD ./Drivers/STM32F4xx_HAL_Driver/Src/stm32f4xx_hal_tim_ex.o
LOAD ./Drivers/STM32F4xx_HAL_Driver/Src/stm32f4xx_hal_uart.o
LOAD ./Drivers/STM32F4xx_HAL_Driver/Src/stm32f4xx_ll_adc.o
START GROUP
LOAD C:/ST/STM32CubeIDE_1.14.1/STM32CubeIDE/plugins/com.st.stm32cube.ide.mcu.externaltools.gnu-tools-for-stm32.11.3.rel1.win32_1.1.100.202309141235/tools/bin/../lib/gcc/arm-none-eabi/11.3.1/../../../../arm-none-eabi/lib/thumb/v7e-m+fp/hard\libc_nano.a
LOAD C:/ST/STM32CubeIDE_1.14.1/STM32CubeIDE/plugins/com.st.stm32cube.ide.mcu.externaltools.gnu-tools-for-stm32.11.3.rel1.win32_1.1.100.202309141235/tools/bin/../lib/gcc/arm-none-eabi/11.3.1/../../../../arm-none-eabi/lib/thumb/v7e-m+fp/hard\libm.a
END GROUP
START GROUP
LOAD C:/ST/STM32CubeIDE_1.14.1/STM32CubeIDE/plugins/com.st.stm32cube.ide.mcu.externaltools.gnu-tools-for-stm32.11.3.rel1.win32_1.1.100.202309141235/tools/bin/../lib/gcc/arm-none-eabi/11.3.1/thumb/v7e-m+fp/hard\libgcc.a
LOAD C:/ST/STM32CubeIDE_1.14.1/STM32CubeIDE/plugins/com.st.stm32cube.ide.mcu.externaltools.gnu-tools-for-stm32.11.3.rel1.win32_1.1.100.202309141235/tools/bin/../lib/gcc/arm-none-eabi/11.3.1/../../../../arm-none-eabi/lib/thumb/v7e-m+fp/hard\libc_nano.a
END GROUP
START GROUP
LOAD C:/ST/STM32CubeIDE_1.14.1/STM32CubeIDE/plugins/com.st.stm32cube.ide.mcu.externaltools.gnu-tools-for-stm32.11.3.rel1.win32_1.1.100.202309141235/tools/bin/../lib/gcc/arm-none-eabi/11.3.1/thumb/v7e-m+fp/hard\libgcc.a
LOAD C:/ST/STM32CubeIDE_1.14.1/STM32CubeIDE/plugins/com.st.stm32cube.ide.mcu.externaltools.gnu-tools-for-stm32.11.3.rel1.win32_1.1.100.202309141235/tools/bin/../lib/gcc/arm-none-eabi/11.3.1/../../../../arm-none-eabi/lib/thumb/v7e-m+fp/hard\libc_nano.a
LOAD C:/ST/STM32CubeIDE_1.14.1/STM32CubeIDE/plugins/com.st.stm32cube.ide.mcu.externaltools.gnu-tools-for-stm32.11.3.rel1.win32_1.1.100.202309141235/tools/bin/../lib/gcc/arm-none-eabi/11.3.1/../../../../arm-none-eabi/lib/thumb/v7e-m+fp/hard\libnosys.a
END GROUP
START GROUP
LOAD C:/ST/STM32CubeIDE_1.14.1/STM32CubeIDE/plugins/com.st.stm32cube.ide.mcu.externaltools.gnu-tools-for-stm32.11.3.rel1.win32_1.1.100.202309141235/tools/bin/../lib/gcc/arm-none-eabi/11.3.1/thumb/v7e-m+fp/hard\libgcc.a
LOAD C:/ST/STM32CubeIDE_1.14.1/STM32CubeIDE/plugins/com.st.stm32cube.ide.mcu.externaltools.gnu-tools-for-stm32.11.3.rel1.win32_1.1.100.202309141235/tools/bin/../lib/gcc/arm-none-eabi/11.3.1/../../../../arm-none-eabi/lib/thumb/v7e-m+fp/hard\libc_nano.a
LOAD C:/ST/STM32CubeIDE_1.14.1/STM32CubeIDE/plugins/com.st.stm32cube.ide.mcu.externaltools.gnu-tools-for-stm32.11.3.rel1.win32_1.1.100.202309141235/tools/bin/../lib/gcc/arm-none-eabi/11.3.1/../../../../arm-none-eabi/lib/thumb/v7e-m+fp/hard\libnosys.a
END GROUP
LOAD C:/ST/STM32CubeIDE_1.14.1/STM32CubeIDE/plugins/com.st.stm32cube.ide.mcu.externaltools.gnu-tools-for-stm32.11.3.rel1.win32_1.1.100.202309141235/tools/bin/../lib/gcc/arm-none-eabi/11.3.1/thumb/v7e-m+fp/hard/crtend.o
LOAD C:/ST/STM32CubeIDE_1.14.1/STM32CubeIDE/plugins/com.st.stm32cube.ide.mcu.externaltools.gnu-tools-for-stm32.11.3.rel1.win32_1.1.100.202309141235/tools/bin/../lib/gcc/arm-none-eabi/11.3.1/thumb/v7e-m+fp/hard/crtn.o
                0x0000000020018000                _estack = (ORIGIN (RAM) + LENGTH (RAM))
                0x0000000000000200                _Min_Heap_Size = 0x200
                0x0000000000000400                _Min_Stack_Size = 0x400

.isr_vector     0x0000000008000000      0x194
                0x0000000008000000                . = ALIGN (0x4)
 *(.isr_vector)
 .isr_vector    0x0000000008000000      0x194 ./Core/Startup/startup_stm32f401retx.o
                0x0000000008000000                g_pfnVectors
                0x0000000008000194                . = ALIGN (0x4)

.text           0x0000000008000194     0x5ea8
                0x0000000008000194                . = ALIGN (0x4)
 *(.text)
 .text          0x0000000008000194       0x40 C:/ST/STM32CubeIDE_1.14.1/STM32CubeIDE/plugins/com.st.stm32cube.ide.mcu.externaltools.gnu-tools-for-stm32.11.3.rel1.win32_1.1.100.202309141235/tools/bin/../lib/gcc/arm-none-eabi/11.3.1/thumb/v7e-m+fp/hard/crtbegin.o
 .text          0x00000000080001d4      0x378 C:/ST/STM32CubeIDE_1.14.1/STM32CubeIDE/plugins/com.st.stm32cube.ide.mcu.externaltools.gnu-tools-for-stm32.11.3.rel1.win32_1.1.100.202309141235/tools/bin/../lib/gcc/arm-none-eabi/11.3.1/thumb/v7e-m+fp/hard\libgcc.a(_arm_addsubdf3.o)
                0x00000000080001d4                __aeabi_drsub
                0x00000000080001dc                __aeabi_dsub
                0x00000000080001dc                __subdf3
                0x00000000080001e0                __aeabi_dadd
                0x00000000080001e0                __adddf3
                0x0000000008000458                __floatunsidf
                0x0000000008000458                __aeabi_ui2d
                0x0000000008000478                __floatsidf
                0x0000000008000478                __aeabi_i2d
                0x000000000800049c                __aeabi_f2d
                0x000000000800049c                __extendsfdf2
                0x00000000080004e0                __floatundidf
                0x00000000080004e0                __aeabi_ul2d
                0x00000000080004f0                __floatdidf
                0x00000000080004f0                __aeabi_l2d
 .text          0x000000000800054c      0x110 C:/ST/STM32CubeIDE_1.14.1/STM32CubeIDE/plugins/com.st.stm32cube.ide.mcu.externaltools.gnu-tools-for-stm32.11.3.rel1.win32_1.1.100.202309141235/tools/bin/../lib/gcc/arm-none-eabi/11.3.1/thumb/v7e-m+fp/hard\libgcc.a(_arm_cmpdf2.o)
                0x000000000800054c                __gtdf2
                0x000000000800054c                __gedf2
                0x0000000008000554                __ltdf2
                0x0000000008000554                __ledf2
                0x000000000800055c                __nedf2
                0x000000000800055c                __eqdf2
                0x000000000800055c                __cmpdf2
                0x00000000080005d8                __aeabi_cdrcmple
                0x00000000080005e8                __aeabi_cdcmpeq
                0x00000000080005e8                __aeabi_cdcmple
                0x00000000080005f8                __aeabi_dcmpeq
                0x000000000800060c                __aeabi_dcmplt
                0x0000000008000620                __aeabi_dcmple
                0x0000000008000634                __aeabi_dcmpge
                0x0000000008000648                __aeabi_dcmpgt
 .text          0x000000000800065c       0x50 C:/ST/STM32CubeIDE_1.14.1/STM32CubeIDE/plugins/com.st.stm32cube.ide.mcu.externaltools.gnu-tools-for-stm32.11.3.rel1.win32_1.1.100.202309141235/tools/bin/../lib/gcc/arm-none-eabi/11.3.1/thumb/v7e-m+fp/hard\libgcc.a(_arm_fixdfsi.o)
                0x000000000800065c                __aeabi_d2iz
                0x000000000800065c                __fixdfsi
 .text          0x00000000080006ac       0xa0 C:/ST/STM32CubeIDE_1.14.1/STM32CubeIDE/plugins/com.st.stm32cube.ide.mcu.externaltools.gnu-tools-for-stm32.11.3.rel1.win32_1.1.100.202309141235/tools/bin/../lib/gcc/arm-none-eabi/11.3.1/thumb/v7e-m+fp/hard\libgcc.a(_arm_truncdfsf2.o)
                0x00000000080006ac                __truncdfsf2
                0x00000000080006ac                __aeabi_d2f
 .text          0x000000000800074c       0x30 C:/ST/STM32CubeIDE_1.14.1/STM32CubeIDE/plugins/com.st.stm32cube.ide.mcu.externaltools.gnu-tools-for-stm32.11.3.rel1.win32_1.1.100.202309141235/tools/bin/../lib/gcc/arm-none-eabi/11.3.1/thumb/v7e-m+fp/hard\libgcc.a(_aeabi_uldivmod.o)
                0x000000000800074c                __aeabi_uldivmod
 .text          0x000000000800077c      0x2c8 C:/ST/STM32CubeIDE_1.14.1/STM32CubeIDE/plugins/com.st.stm32cube.ide.mcu.externaltools.gnu-tools-for-stm32.11.3.rel1.win32_1.1.100.202309141235/tools/bin/../lib/gcc/arm-none-eabi/11.3.1/thumb/v7e-m+fp/hard\libgcc.a(_udivmoddi4.o)
                0x000000000800077c                __udivmoddi4
 .text          0x0000000008000a44        0x4 C:/ST/STM32CubeIDE_1.14.1/STM32CubeIDE/plugins/com.st.stm32cube.ide.mcu.externaltools.gnu-tools-for-stm32.11.3.rel1.win32_1.1.100.202309141235/tools/bin/../lib/gcc/arm-none-eabi/11.3.1/thumb/v7e-m+fp/hard\libgcc.a(_dvmd_tls.o)
                0x0000000008000a44                __aeabi_idiv0
                0x0000000008000a44                __aeabi_ldiv0
 *(.text*)
 .text.HAL_UART_RxCpltCallback
                0x0000000008000a48       0x2c ./Core/Src/BLE.o
                0x0000000008000a48                HAL_UART_RxCpltCallback
 .text.resetFilter
                0x0000000008000a74       0x64 ./Core/Src/Encoder.o
                0x0000000008000a74                resetFilter
 .text.computeFilter
                0x0000000008000ad8       0x82 ./Core/Src/Encoder.o
                0x0000000008000ad8                computeFilter
 *fill*         0x0000000008000b5a        0x2 
 .text.resetEncoder
                0x0000000008000b5c       0x3c ./Core/Src/Encoder.o
                0x0000000008000b5c                resetEncoder
 .text.updateEncoder
                0x0000000008000b98       0x98 ./Core/Src/Encoder.o
                0x0000000008000b98                updateEncoder
 .text.MOTORS_Reset
                0x0000000008000c30       0x48 ./Core/Src/Motors.o
                0x0000000008000c30                MOTORS_Reset
 .text.MOTOR_LEFT_SetPWM
                0x0000000008000c78       0x84 ./Core/Src/Motors.o
                0x0000000008000c78                MOTOR_LEFT_SetPWM
 .text.MOTOR_RIGHT_SetPWM
                0x0000000008000cfc       0x88 ./Core/Src/Motors.o
                0x0000000008000cfc                MOTOR_RIGHT_SetPWM
 .text.MOTORS_Enable
                0x0000000008000d84       0x18 ./Core/Src/Motors.o
                0x0000000008000d84                MOTORS_Enable
 .text.MOTORS_Disable
                0x0000000008000d9c       0x18 ./Core/Src/Motors.o
                0x0000000008000d9c                MOTORS_Disable
 .text.PIDController_Init
                0x0000000008000db4       0x78 ./Core/Src/PID.o
                0x0000000008000db4                PIDController_Init
 .text.PIDController_SetGain
                0x0000000008000e2c       0x46 ./Core/Src/PID.o
                0x0000000008000e2c                PIDController_SetGain
 .text.PIDController_SetLimits
                0x0000000008000e72       0x3e ./Core/Src/PID.o
                0x0000000008000e72                PIDController_SetLimits
 .text.PIDController_Update
                0x0000000008000eb0      0x164 ./Core/Src/PID.o
                0x0000000008000eb0                PIDController_Update
 .text.StateMachine
                0x0000000008001014       0xac ./Core/Src/StateMachine.o
                0x0000000008001014                StateMachine
 .text.State_Enter_RESET
                0x00000000080010c0        0xe ./Core/Src/StateMachine.o
                0x00000000080010c0                State_Enter_RESET
 *fill*         0x00000000080010ce        0x2 
 .text.State_Enter_IDLE
                0x00000000080010d0       0x18 ./Core/Src/StateMachine.o
                0x00000000080010d0                State_Enter_IDLE
 .text.State_Enter_TUNE
                0x00000000080010e8       0x28 ./Core/Src/StateMachine.o
                0x00000000080010e8                State_Enter_TUNE
 .text.State_Enter_CONSTANT_SPEED
                0x0000000008001110       0x18 ./Core/Src/StateMachine.o
                0x0000000008001110                State_Enter_CONSTANT_SPEED
 .text.State_InState_RESET
                0x0000000008001128        0xe ./Core/Src/StateMachine.o
                0x0000000008001128                State_InState_RESET
 .text.State_InState_IDLE
                0x0000000008001136        0xe ./Core/Src/StateMachine.o
                0x0000000008001136                State_InState_IDLE
 .text.State_InState_TUNE
                0x0000000008001144      0x144 ./Core/Src/StateMachine.o
                0x0000000008001144                State_InState_TUNE
 .text.State_InState_CONSTANT_SPEED
                0x0000000008001288        0xe ./Core/Src/StateMachine.o
                0x0000000008001288                State_InState_CONSTANT_SPEED
 *fill*         0x0000000008001296        0x2 
 .text.State_Exit_RESET
                0x0000000008001298       0xe0 ./Core/Src/StateMachine.o
                0x0000000008001298                State_Exit_RESET
 .text.State_Exit_IDLE
                0x0000000008001378        0xc ./Core/Src/StateMachine.o
                0x0000000008001378                State_Exit_IDLE
 .text.State_Exit_TUNE
                0x0000000008001384       0x18 ./Core/Src/StateMachine.o
                0x0000000008001384                State_Exit_TUNE
 .text.State_Exit_CONSTANT_SPEED
                0x000000000800139c        0xe ./Core/Src/StateMachine.o
                0x000000000800139c                State_Exit_CONSTANT_SPEED
 *fill*         0x00000000080013aa        0x2 
 .text.HAL_GPIO_EXTI_Callback
                0x00000000080013ac       0x28 ./Core/Src/StateMachine.o
                0x00000000080013ac                HAL_GPIO_EXTI_Callback
 .text.HAL_TIM_PeriodElapsedCallback
                0x00000000080013d4       0x98 ./Core/Src/StateMachine.o
                0x00000000080013d4                HAL_TIM_PeriodElapsedCallback
 .text.MX_ADC1_Init
                0x000000000800146c      0x114 ./Core/Src/adc.o
                0x000000000800146c                MX_ADC1_Init
 .text.HAL_ADC_MspInit
                0x0000000008001580       0xf0 ./Core/Src/adc.o
                0x0000000008001580                HAL_ADC_MspInit
 .text.MX_DMA_Init
                0x0000000008001670       0x40 ./Core/Src/dma.o
                0x0000000008001670                MX_DMA_Init
 .text.MX_GPIO_Init
                0x00000000080016b0      0x15c ./Core/Src/gpio.o
                0x00000000080016b0                MX_GPIO_Init
 .text.main     0x000000000800180c       0x48 ./Core/Src/main.o
                0x000000000800180c                main
 .text.SystemClock_Config
                0x0000000008001854       0xd8 ./Core/Src/main.o
                0x0000000008001854                SystemClock_Config
 .text.Error_Handler
                0x000000000800192c        0xa ./Core/Src/main.o
                0x000000000800192c                Error_Handler
 *fill*         0x0000000008001936        0x2 
 .text.HAL_MspInit
                0x0000000008001938       0x50 ./Core/Src/stm32f4xx_hal_msp.o
                0x0000000008001938                HAL_MspInit
 .text.NMI_Handler
                0x0000000008001988        0x6 ./Core/Src/stm32f4xx_it.o
                0x0000000008001988                NMI_Handler
 .text.HardFault_Handler
                0x000000000800198e        0x6 ./Core/Src/stm32f4xx_it.o
                0x000000000800198e                HardFault_Handler
 .text.MemManage_Handler
                0x0000000008001994        0x6 ./Core/Src/stm32f4xx_it.o
                0x0000000008001994                MemManage_Handler
 .text.BusFault_Handler
                0x000000000800199a        0x6 ./Core/Src/stm32f4xx_it.o
                0x000000000800199a                BusFault_Handler
 .text.UsageFault_Handler
                0x00000000080019a0        0x6 ./Core/Src/stm32f4xx_it.o
                0x00000000080019a0                UsageFault_Handler
 .text.SVC_Handler
                0x00000000080019a6        0xe ./Core/Src/stm32f4xx_it.o
                0x00000000080019a6                SVC_Handler
 .text.DebugMon_Handler
                0x00000000080019b4        0xe ./Core/Src/stm32f4xx_it.o
                0x00000000080019b4                DebugMon_Handler
 .text.PendSV_Handler
                0x00000000080019c2        0xe ./Core/Src/stm32f4xx_it.o
                0x00000000080019c2                PendSV_Handler
 .text.SysTick_Handler
                0x00000000080019d0        0xc ./Core/Src/stm32f4xx_it.o
                0x00000000080019d0                SysTick_Handler
 .text.TIM2_IRQHandler
                0x00000000080019dc       0x14 ./Core/Src/stm32f4xx_it.o
                0x00000000080019dc                TIM2_IRQHandler
 .text.TIM3_IRQHandler
                0x00000000080019f0       0x14 ./Core/Src/stm32f4xx_it.o
                0x00000000080019f0                TIM3_IRQHandler
 .text.USART2_IRQHandler
                0x0000000008001a04       0x14 ./Core/Src/stm32f4xx_it.o
                0x0000000008001a04                USART2_IRQHandler
 .text.EXTI15_10_IRQHandler
                0x0000000008001a18       0x10 ./Core/Src/stm32f4xx_it.o
                0x0000000008001a18                EXTI15_10_IRQHandler
 .text.TIM5_IRQHandler
                0x0000000008001a28       0x14 ./Core/Src/stm32f4xx_it.o
                0x0000000008001a28                TIM5_IRQHandler
 .text.DMA2_Stream0_IRQHandler
                0x0000000008001a3c       0x14 ./Core/Src/stm32f4xx_it.o
                0x0000000008001a3c                DMA2_Stream0_IRQHandler
 .text.SystemInit
                0x0000000008001a50       0x24 ./Core/Src/system_stm32f4xx.o
                0x0000000008001a50                SystemInit
 .text.MX_TIM1_Init
                0x0000000008001a74      0x134 ./Core/Src/tim.o
                0x0000000008001a74                MX_TIM1_Init
 .text.MX_TIM2_Init
                0x0000000008001ba8       0xb0 ./Core/Src/tim.o
                0x0000000008001ba8                MX_TIM2_Init
 .text.MX_TIM3_Init
                0x0000000008001c58       0xa0 ./Core/Src/tim.o
                0x0000000008001c58                MX_TIM3_Init
 .text.MX_TIM5_Init
                0x0000000008001cf8       0xb0 ./Core/Src/tim.o
                0x0000000008001cf8                MX_TIM5_Init
 .text.HAL_TIM_PWM_MspInit
                0x0000000008001da8       0x44 ./Core/Src/tim.o
                0x0000000008001da8                HAL_TIM_PWM_MspInit
 .text.HAL_TIM_Encoder_MspInit
                0x0000000008001dec      0x154 ./Core/Src/tim.o
                0x0000000008001dec                HAL_TIM_Encoder_MspInit
 .text.HAL_TIM_Base_MspInit
                0x0000000008001f40       0x50 ./Core/Src/tim.o
                0x0000000008001f40                HAL_TIM_Base_MspInit
 .text.HAL_TIM_MspPostInit
                0x0000000008001f90       0x74 ./Core/Src/tim.o
                0x0000000008001f90                HAL_TIM_MspPostInit
 .text.MX_USART2_UART_Init
                0x0000000008002004       0x60 ./Core/Src/usart.o
                0x0000000008002004                MX_USART2_UART_Init
 .text.HAL_UART_MspInit
                0x0000000008002064       0xa0 ./Core/Src/usart.o
                0x0000000008002064                HAL_UART_MspInit
 .text.Reset_Handler
                0x0000000008002104       0x50 ./Core/Startup/startup_stm32f401retx.o
                0x0000000008002104                Reset_Handler
 .text.Default_Handler
                0x0000000008002154        0x2 ./Core/Startup/startup_stm32f401retx.o
                0x0000000008002154                RTC_Alarm_IRQHandler
                0x0000000008002154                EXTI2_IRQHandler
                0x0000000008002154                SPI4_IRQHandler
                0x0000000008002154                TIM1_CC_IRQHandler
                0x0000000008002154                DMA2_Stream5_IRQHandler
                0x0000000008002154                DMA1_Stream5_IRQHandler
                0x0000000008002154                PVD_IRQHandler
                0x0000000008002154                SDIO_IRQHandler
                0x0000000008002154                TAMP_STAMP_IRQHandler
                0x0000000008002154                EXTI3_IRQHandler
                0x0000000008002154                TIM1_UP_TIM10_IRQHandler
                0x0000000008002154                I2C3_ER_IRQHandler
                0x0000000008002154                EXTI0_IRQHandler
                0x0000000008002154                I2C2_EV_IRQHandler
                0x0000000008002154                DMA1_Stream2_IRQHandler
                0x0000000008002154                FPU_IRQHandler
                0x0000000008002154                DMA2_Stream2_IRQHandler
                0x0000000008002154                SPI1_IRQHandler
                0x0000000008002154                TIM1_BRK_TIM9_IRQHandler
                0x0000000008002154                DMA2_Stream3_IRQHandler
                0x0000000008002154                USART6_IRQHandler
                0x0000000008002154                TIM4_IRQHandler
                0x0000000008002154                I2C1_EV_IRQHandler
                0x0000000008002154                DMA1_Stream6_IRQHandler
                0x0000000008002154                DMA1_Stream1_IRQHandler
                0x0000000008002154                RCC_IRQHandler
                0x0000000008002154                Default_Handler
                0x0000000008002154                ADC_IRQHandler
                0x0000000008002154                DMA1_Stream7_IRQHandler
                0x0000000008002154                DMA2_Stream7_IRQHandler
                0x0000000008002154                I2C3_EV_IRQHandler
                0x0000000008002154                EXTI9_5_IRQHandler
                0x0000000008002154                RTC_WKUP_IRQHandler
                0x0000000008002154                SPI2_IRQHandler
                0x0000000008002154                DMA1_Stream0_IRQHandler
                0x0000000008002154                EXTI4_IRQHandler
                0x0000000008002154                WWDG_IRQHandler
                0x0000000008002154                OTG_FS_WKUP_IRQHandler
                0x0000000008002154                TIM1_TRG_COM_TIM11_IRQHandler
                0x0000000008002154                EXTI1_IRQHandler
                0x0000000008002154                I2C2_ER_IRQHandler
                0x0000000008002154                DMA2_Stream1_IRQHandler
                0x0000000008002154                FLASH_IRQHandler
                0x0000000008002154                DMA2_Stream4_IRQHandler
                0x0000000008002154                USART1_IRQHandler
                0x0000000008002154                OTG_FS_IRQHandler
                0x0000000008002154                SPI3_IRQHandler
                0x0000000008002154                DMA1_Stream4_IRQHandler
                0x0000000008002154                I2C1_ER_IRQHandler
                0x0000000008002154                DMA2_Stream6_IRQHandler
                0x0000000008002154                DMA1_Stream3_IRQHandler
 *fill*         0x0000000008002156        0x2 
 .text.HAL_Init
                0x0000000008002158       0x44 ./Drivers/STM32F4xx_HAL_Driver/Src/stm32f4xx_hal.o
                0x0000000008002158                HAL_Init
 .text.HAL_InitTick
                0x000000000800219c       0x60 ./Drivers/STM32F4xx_HAL_Driver/Src/stm32f4xx_hal.o
                0x000000000800219c                HAL_InitTick
 .text.HAL_IncTick
                0x00000000080021fc       0x28 ./Drivers/STM32F4xx_HAL_Driver/Src/stm32f4xx_hal.o
                0x00000000080021fc                HAL_IncTick
 .text.HAL_GetTick
                0x0000000008002224       0x18 ./Drivers/STM32F4xx_HAL_Driver/Src/stm32f4xx_hal.o
                0x0000000008002224                HAL_GetTick
 .text.HAL_Delay
                0x000000000800223c       0x48 ./Drivers/STM32F4xx_HAL_Driver/Src/stm32f4xx_hal.o
                0x000000000800223c                HAL_Delay
 .text.HAL_ADC_Init
                0x0000000008002284       0x86 ./Drivers/STM32F4xx_HAL_Driver/Src/stm32f4xx_hal_adc.o
                0x0000000008002284                HAL_ADC_Init
 *fill*         0x000000000800230a        0x2 
 .text.HAL_ADC_ConfigChannel
                0x000000000800230c      0x244 ./Drivers/STM32F4xx_HAL_Driver/Src/stm32f4xx_hal_adc.o
                0x000000000800230c                HAL_ADC_ConfigChannel
 .text.ADC_Init
                0x0000000008002550      0x1f8 ./Drivers/STM32F4xx_HAL_Driver/Src/stm32f4xx_hal_adc.o
 .text.__NVIC_SetPriorityGrouping
                0x0000000008002748       0x48 ./Drivers/STM32F4xx_HAL_Driver/Src/stm32f4xx_hal_cortex.o
 .text.__NVIC_GetPriorityGrouping
                0x0000000008002790       0x1c ./Drivers/STM32F4xx_HAL_Driver/Src/stm32f4xx_hal_cortex.o
 .text.__NVIC_EnableIRQ
                0x00000000080027ac       0x3c ./Drivers/STM32F4xx_HAL_Driver/Src/stm32f4xx_hal_cortex.o
 .text.__NVIC_SetPriority
                0x00000000080027e8       0x54 ./Drivers/STM32F4xx_HAL_Driver/Src/stm32f4xx_hal_cortex.o
 .text.NVIC_EncodePriority
                0x000000000800283c       0x66 ./Drivers/STM32F4xx_HAL_Driver/Src/stm32f4xx_hal_cortex.o
 *fill*         0x00000000080028a2        0x2 
 .text.SysTick_Config
                0x00000000080028a4       0x44 ./Drivers/STM32F4xx_HAL_Driver/Src/stm32f4xx_hal_cortex.o
 .text.HAL_NVIC_SetPriorityGrouping
                0x00000000080028e8       0x16 ./Drivers/STM32F4xx_HAL_Driver/Src/stm32f4xx_hal_cortex.o
                0x00000000080028e8                HAL_NVIC_SetPriorityGrouping
 .text.HAL_NVIC_SetPriority
                0x00000000080028fe       0x38 ./Drivers/STM32F4xx_HAL_Driver/Src/stm32f4xx_hal_cortex.o
                0x00000000080028fe                HAL_NVIC_SetPriority
 .text.HAL_NVIC_EnableIRQ
                0x0000000008002936       0x1c ./Drivers/STM32F4xx_HAL_Driver/Src/stm32f4xx_hal_cortex.o
                0x0000000008002936                HAL_NVIC_EnableIRQ
 .text.HAL_SYSTICK_Config
                0x0000000008002952       0x18 ./Drivers/STM32F4xx_HAL_Driver/Src/stm32f4xx_hal_cortex.o
                0x0000000008002952                HAL_SYSTICK_Config
 *fill*         0x000000000800296a        0x2 
 .text.HAL_DMA_Init
                0x000000000800296c      0x15c ./Drivers/STM32F4xx_HAL_Driver/Src/stm32f4xx_hal_dma.o
                0x000000000800296c                HAL_DMA_Init
 .text.HAL_DMA_Abort
                0x0000000008002ac8       0xe0 ./Drivers/STM32F4xx_HAL_Driver/Src/stm32f4xx_hal_dma.o
                0x0000000008002ac8                HAL_DMA_Abort
 .text.HAL_DMA_Abort_IT
                0x0000000008002ba8       0x44 ./Drivers/STM32F4xx_HAL_Driver/Src/stm32f4xx_hal_dma.o
                0x0000000008002ba8                HAL_DMA_Abort_IT
 .text.HAL_DMA_IRQHandler
                0x0000000008002bec      0x314 ./Drivers/STM32F4xx_HAL_Driver/Src/stm32f4xx_hal_dma.o
                0x0000000008002bec                HAL_DMA_IRQHandler
 .text.DMA_CalcBaseAndBitshift
                0x0000000008002f00       0x6c ./Drivers/STM32F4xx_HAL_Driver/Src/stm32f4xx_hal_dma.o
 .text.DMA_CheckFifoParam
                0x0000000008002f6c       0xf8 ./Drivers/STM32F4xx_HAL_Driver/Src/stm32f4xx_hal_dma.o
 .text.HAL_GPIO_Init
                0x0000000008003064      0x308 ./Drivers/STM32F4xx_HAL_Driver/Src/stm32f4xx_hal_gpio.o
                0x0000000008003064                HAL_GPIO_Init
 .text.HAL_GPIO_WritePin
                0x000000000800336c       0x32 ./Drivers/STM32F4xx_HAL_Driver/Src/stm32f4xx_hal_gpio.o
                0x000000000800336c                HAL_GPIO_WritePin
 *fill*         0x000000000800339e        0x2 
 .text.HAL_GPIO_EXTI_IRQHandler
                0x00000000080033a0       0x30 ./Drivers/STM32F4xx_HAL_Driver/Src/stm32f4xx_hal_gpio.o
                0x00000000080033a0                HAL_GPIO_EXTI_IRQHandler
 .text.HAL_RCC_OscConfig
                0x00000000080033d0      0x4f0 ./Drivers/STM32F4xx_HAL_Driver/Src/stm32f4xx_hal_rcc.o
                0x00000000080033d0                HAL_RCC_OscConfig
 .text.HAL_RCC_ClockConfig
                0x00000000080038c0      0x1cc ./Drivers/STM32F4xx_HAL_Driver/Src/stm32f4xx_hal_rcc.o
                0x00000000080038c0                HAL_RCC_ClockConfig
 .text.HAL_RCC_GetSysClockFreq
                0x0000000008003a8c      0x20c ./Drivers/STM32F4xx_HAL_Driver/Src/stm32f4xx_hal_rcc.o
                0x0000000008003a8c                HAL_RCC_GetSysClockFreq
 .text.HAL_RCC_GetHCLKFreq
                0x0000000008003c98       0x18 ./Drivers/STM32F4xx_HAL_Driver/Src/stm32f4xx_hal_rcc.o
                0x0000000008003c98                HAL_RCC_GetHCLKFreq
 .text.HAL_RCC_GetPCLK1Freq
                0x0000000008003cb0       0x28 ./Drivers/STM32F4xx_HAL_Driver/Src/stm32f4xx_hal_rcc.o
                0x0000000008003cb0                HAL_RCC_GetPCLK1Freq
 .text.HAL_RCC_GetPCLK2Freq
                0x0000000008003cd8       0x28 ./Drivers/STM32F4xx_HAL_Driver/Src/stm32f4xx_hal_rcc.o
                0x0000000008003cd8                HAL_RCC_GetPCLK2Freq
 .text.HAL_TIM_Base_Init
                0x0000000008003d00       0x9e ./Drivers/STM32F4xx_HAL_Driver/Src/stm32f4xx_hal_tim.o
                0x0000000008003d00                HAL_TIM_Base_Init
 *fill*         0x0000000008003d9e        0x2 
 .text.HAL_TIM_Base_Start
                0x0000000008003da0       0xb4 ./Drivers/STM32F4xx_HAL_Driver/Src/stm32f4xx_hal_tim.o
                0x0000000008003da0                HAL_TIM_Base_Start
 .text.HAL_TIM_Base_Start_IT
                0x0000000008003e54       0xc4 ./Drivers/STM32F4xx_HAL_Driver/Src/stm32f4xx_hal_tim.o
                0x0000000008003e54                HAL_TIM_Base_Start_IT
 .text.HAL_TIM_Base_Stop_IT
                0x0000000008003f18       0x5e ./Drivers/STM32F4xx_HAL_Driver/Src/stm32f4xx_hal_tim.o
                0x0000000008003f18                HAL_TIM_Base_Stop_IT
 .text.HAL_TIM_PWM_Init
                0x0000000008003f76       0x9e ./Drivers/STM32F4xx_HAL_Driver/Src/stm32f4xx_hal_tim.o
                0x0000000008003f76                HAL_TIM_PWM_Init
 .text.HAL_TIM_PWM_Start
                0x0000000008004014      0x160 ./Drivers/STM32F4xx_HAL_Driver/Src/stm32f4xx_hal_tim.o
                0x0000000008004014                HAL_TIM_PWM_Start
 .text.HAL_TIM_Encoder_Init
                0x0000000008004174      0x14c ./Drivers/STM32F4xx_HAL_Driver/Src/stm32f4xx_hal_tim.o
                0x0000000008004174                HAL_TIM_Encoder_Init
 .text.HAL_TIM_Encoder_Start
                0x00000000080042c0      0x11c ./Drivers/STM32F4xx_HAL_Driver/Src/stm32f4xx_hal_tim.o
                0x00000000080042c0                HAL_TIM_Encoder_Start
 .text.HAL_TIM_IRQHandler
                0x00000000080043dc      0x1e0 ./Drivers/STM32F4xx_HAL_Driver/Src/stm32f4xx_hal_tim.o
                0x00000000080043dc                HAL_TIM_IRQHandler
 .text.HAL_TIM_PWM_ConfigChannel
                0x00000000080045bc      0x184 ./Drivers/STM32F4xx_HAL_Driver/Src/stm32f4xx_hal_tim.o
                0x00000000080045bc                HAL_TIM_PWM_ConfigChannel
 .text.HAL_TIM_ConfigClockSource
                0x0000000008004740      0x18e ./Drivers/STM32F4xx_HAL_Driver/Src/stm32f4xx_hal_tim.o
                0x0000000008004740                HAL_TIM_ConfigClockSource
 .text.HAL_TIM_OC_DelayElapsedCallback
                0x00000000080048ce       0x14 ./Drivers/STM32F4xx_HAL_Driver/Src/stm32f4xx_hal_tim.o
                0x00000000080048ce                HAL_TIM_OC_DelayElapsedCallback
 .text.HAL_TIM_IC_CaptureCallback
                0x00000000080048e2       0x14 ./Drivers/STM32F4xx_HAL_Driver/Src/stm32f4xx_hal_tim.o
                0x00000000080048e2                HAL_TIM_IC_CaptureCallback
 .text.HAL_TIM_PWM_PulseFinishedCallback
                0x00000000080048f6       0x14 ./Drivers/STM32F4xx_HAL_Driver/Src/stm32f4xx_hal_tim.o
                0x00000000080048f6                HAL_TIM_PWM_PulseFinishedCallback
 .text.HAL_TIM_TriggerCallback
                0x000000000800490a       0x14 ./Drivers/STM32F4xx_HAL_Driver/Src/stm32f4xx_hal_tim.o
                0x000000000800490a                HAL_TIM_TriggerCallback
 *fill*         0x000000000800491e        0x2 
 .text.TIM_Base_SetConfig
                0x0000000008004920      0x118 ./Drivers/STM32F4xx_HAL_Driver/Src/stm32f4xx_hal_tim.o
                0x0000000008004920                TIM_Base_SetConfig
 .text.TIM_OC1_SetConfig
                0x0000000008004a38       0xcc ./Drivers/STM32F4xx_HAL_Driver/Src/stm32f4xx_hal_tim.o
 .text.TIM_OC2_SetConfig
                0x0000000008004b04       0xd8 ./Drivers/STM32F4xx_HAL_Driver/Src/stm32f4xx_hal_tim.o
                0x0000000008004b04                TIM_OC2_SetConfig
 .text.TIM_OC3_SetConfig
                0x0000000008004bdc       0xd4 ./Drivers/STM32F4xx_HAL_Driver/Src/stm32f4xx_hal_tim.o
 .text.TIM_OC4_SetConfig
                0x0000000008004cb0       0xa0 ./Drivers/STM32F4xx_HAL_Driver/Src/stm32f4xx_hal_tim.o
 .text.TIM_TI1_ConfigInputStage
                0x0000000008004d50       0x5e ./Drivers/STM32F4xx_HAL_Driver/Src/stm32f4xx_hal_tim.o
 .text.TIM_TI2_ConfigInputStage
                0x0000000008004dae       0x60 ./Drivers/STM32F4xx_HAL_Driver/Src/stm32f4xx_hal_tim.o
 .text.TIM_ITRx_SetConfig
                0x0000000008004e0e       0x36 ./Drivers/STM32F4xx_HAL_Driver/Src/stm32f4xx_hal_tim.o
 .text.TIM_ETR_SetConfig
                0x0000000008004e44       0x40 ./Drivers/STM32F4xx_HAL_Driver/Src/stm32f4xx_hal_tim.o
                0x0000000008004e44                TIM_ETR_SetConfig
 .text.TIM_CCxChannelCmd
                0x0000000008004e84       0x4a ./Drivers/STM32F4xx_HAL_Driver/Src/stm32f4xx_hal_tim.o
                0x0000000008004e84                TIM_CCxChannelCmd
 *fill*         0x0000000008004ece        0x2 
 .text.HAL_TIMEx_MasterConfigSynchronization
                0x0000000008004ed0       0xdc ./Drivers/STM32F4xx_HAL_Driver/Src/stm32f4xx_hal_tim_ex.o
                0x0000000008004ed0                HAL_TIMEx_MasterConfigSynchronization
 .text.HAL_TIMEx_ConfigBreakDeadTime
                0x0000000008004fac       0xa4 ./Drivers/STM32F4xx_HAL_Driver/Src/stm32f4xx_hal_tim_ex.o
                0x0000000008004fac                HAL_TIMEx_ConfigBreakDeadTime
 .text.HAL_TIMEx_CommutCallback
                0x0000000008005050       0x14 ./Drivers/STM32F4xx_HAL_Driver/Src/stm32f4xx_hal_tim_ex.o
                0x0000000008005050                HAL_TIMEx_CommutCallback
 .text.HAL_TIMEx_BreakCallback
                0x0000000008005064       0x14 ./Drivers/STM32F4xx_HAL_Driver/Src/stm32f4xx_hal_tim_ex.o
                0x0000000008005064                HAL_TIMEx_BreakCallback
 .text.HAL_UART_Init
                0x0000000008005078       0xa0 ./Drivers/STM32F4xx_HAL_Driver/Src/stm32f4xx_hal_uart.o
                0x0000000008005078                HAL_UART_Init
 .text.HAL_UART_Transmit_IT
                0x0000000008005118       0x6c ./Drivers/STM32F4xx_HAL_Driver/Src/stm32f4xx_hal_uart.o
                0x0000000008005118                HAL_UART_Transmit_IT
 .text.HAL_UART_Receive_IT
                0x0000000008005184       0x4a ./Drivers/STM32F4xx_HAL_Driver/Src/stm32f4xx_hal_uart.o
                0x0000000008005184                HAL_UART_Receive_IT
 *fill*         0x00000000080051ce        0x2 
 .text.HAL_UART_IRQHandler
                0x00000000080051d0      0x524 ./Drivers/STM32F4xx_HAL_Driver/Src/stm32f4xx_hal_uart.o
                0x00000000080051d0                HAL_UART_IRQHandler
 .text.HAL_UART_TxCpltCallback
                0x00000000080056f4       0x14 ./Drivers/STM32F4xx_HAL_Driver/Src/stm32f4xx_hal_uart.o
                0x00000000080056f4                HAL_UART_TxCpltCallback
 .text.HAL_UART_ErrorCallback
                0x0000000008005708       0x14 ./Drivers/STM32F4xx_HAL_Driver/Src/stm32f4xx_hal_uart.o
                0x0000000008005708                HAL_UART_ErrorCallback
 .text.HAL_UARTEx_RxEventCallback
                0x000000000800571c       0x18 ./Drivers/STM32F4xx_HAL_Driver/Src/stm32f4xx_hal_uart.o
                0x000000000800571c                HAL_UARTEx_RxEventCallback
 .text.UART_Start_Receive_IT
                0x0000000008005734       0x74 ./Drivers/STM32F4xx_HAL_Driver/Src/stm32f4xx_hal_uart.o
                0x0000000008005734                UART_Start_Receive_IT
 .text.UART_EndRxTransfer
                0x00000000080057a8       0xc6 ./Drivers/STM32F4xx_HAL_Driver/Src/stm32f4xx_hal_uart.o
 .text.UART_DMAAbortOnError
                0x000000000800586e       0x28 ./Drivers/STM32F4xx_HAL_Driver/Src/stm32f4xx_hal_uart.o
 .text.UART_Transmit_IT
                0x0000000008005896       0xa0 ./Drivers/STM32F4xx_HAL_Driver/Src/stm32f4xx_hal_uart.o
 .text.UART_EndTransmit_IT
                0x0000000008005936       0x30 ./Drivers/STM32F4xx_HAL_Driver/Src/stm32f4xx_hal_uart.o
 .text.UART_Receive_IT
                0x0000000008005966      0x17c ./Drivers/STM32F4xx_HAL_Driver/Src/stm32f4xx_hal_uart.o
 *fill*         0x0000000008005ae2        0x2 
 .text.UART_SetConfig
                0x0000000008005ae4      0x4e8 ./Drivers/STM32F4xx_HAL_Driver/Src/stm32f4xx_hal_uart.o
 .text.memset   0x0000000008005fcc       0x10 C:/ST/STM32CubeIDE_1.14.1/STM32CubeIDE/plugins/com.st.stm32cube.ide.mcu.externaltools.gnu-tools-for-stm32.11.3.rel1.win32_1.1.100.202309141235/tools/bin/../lib/gcc/arm-none-eabi/11.3.1/../../../../arm-none-eabi/lib/thumb/v7e-m+fp/hard\libc_nano.a(libc_a-memset.o)
                0x0000000008005fcc                memset
 .text.__libc_init_array
                0x0000000008005fdc       0x48 C:/ST/STM32CubeIDE_1.14.1/STM32CubeIDE/plugins/com.st.stm32cube.ide.mcu.externaltools.gnu-tools-for-stm32.11.3.rel1.win32_1.1.100.202309141235/tools/bin/../lib/gcc/arm-none-eabi/11.3.1/../../../../arm-none-eabi/lib/thumb/v7e-m+fp/hard\libc_nano.a(libc_a-init.o)
                0x0000000008005fdc                __libc_init_array
 *(.glue_7)
 .glue_7        0x0000000008006024        0x0 linker stubs
 *(.glue_7t)
 .glue_7t       0x0000000008006024        0x0 linker stubs
 *(.eh_frame)
 .eh_frame      0x0000000008006024        0x0 C:/ST/STM32CubeIDE_1.14.1/STM32CubeIDE/plugins/com.st.stm32cube.ide.mcu.externaltools.gnu-tools-for-stm32.11.3.rel1.win32_1.1.100.202309141235/tools/bin/../lib/gcc/arm-none-eabi/11.3.1/thumb/v7e-m+fp/hard/crtbegin.o
 *(.init)
 .init          0x0000000008006024        0x4 C:/ST/STM32CubeIDE_1.14.1/STM32CubeIDE/plugins/com.st.stm32cube.ide.mcu.externaltools.gnu-tools-for-stm32.11.3.rel1.win32_1.1.100.202309141235/tools/bin/../lib/gcc/arm-none-eabi/11.3.1/thumb/v7e-m+fp/hard/crti.o
                0x0000000008006024                _init
 .init          0x0000000008006028        0x8 C:/ST/STM32CubeIDE_1.14.1/STM32CubeIDE/plugins/com.st.stm32cube.ide.mcu.externaltools.gnu-tools-for-stm32.11.3.rel1.win32_1.1.100.202309141235/tools/bin/../lib/gcc/arm-none-eabi/11.3.1/thumb/v7e-m+fp/hard/crtn.o
 *(.fini)
 .fini          0x0000000008006030        0x4 C:/ST/STM32CubeIDE_1.14.1/STM32CubeIDE/plugins/com.st.stm32cube.ide.mcu.externaltools.gnu-tools-for-stm32.11.3.rel1.win32_1.1.100.202309141235/tools/bin/../lib/gcc/arm-none-eabi/11.3.1/thumb/v7e-m+fp/hard/crti.o
                0x0000000008006030                _fini
 .fini          0x0000000008006034        0x8 C:/ST/STM32CubeIDE_1.14.1/STM32CubeIDE/plugins/com.st.stm32cube.ide.mcu.externaltools.gnu-tools-for-stm32.11.3.rel1.win32_1.1.100.202309141235/tools/bin/../lib/gcc/arm-none-eabi/11.3.1/thumb/v7e-m+fp/hard/crtn.o
                0x000000000800603c                . = ALIGN (0x4)
                0x000000000800603c                _etext = .

.vfp11_veneer   0x000000000800603c        0x0
 .vfp11_veneer  0x000000000800603c        0x0 linker stubs

.v4_bx          0x000000000800603c        0x0
 .v4_bx         0x000000000800603c        0x0 linker stubs

.iplt           0x000000000800603c        0x0
 .iplt          0x000000000800603c        0x0 C:/ST/STM32CubeIDE_1.14.1/STM32CubeIDE/plugins/com.st.stm32cube.ide.mcu.externaltools.gnu-tools-for-stm32.11.3.rel1.win32_1.1.100.202309141235/tools/bin/../lib/gcc/arm-none-eabi/11.3.1/thumb/v7e-m+fp/hard/crtbegin.o

.rodata         0x000000000800603c       0x50
                0x000000000800603c                . = ALIGN (0x4)
 *(.rodata)
 *(.rodata*)
 .rodata.UponEnter
                0x000000000800603c       0x10 ./Core/Src/StateMachine.o
                0x000000000800603c                UponEnter
 .rodata.ActionWhileInState
                0x000000000800604c       0x10 ./Core/Src/StateMachine.o
                0x000000000800604c                ActionWhileInState
 .rodata.UponExit
                0x000000000800605c       0x10 ./Core/Src/StateMachine.o
                0x000000000800605c                UponExit
 .rodata.AHBPrescTable
                0x000000000800606c       0x10 ./Core/Src/system_stm32f4xx.o
                0x000000000800606c                AHBPrescTable
 .rodata.APBPrescTable
                0x000000000800607c        0x8 ./Core/Src/system_stm32f4xx.o
                0x000000000800607c                APBPrescTable
 .rodata.flagBitshiftOffset.0
                0x0000000008006084        0x8 ./Drivers/STM32F4xx_HAL_Driver/Src/stm32f4xx_hal_dma.o
                0x000000000800608c                . = ALIGN (0x4)

.ARM.extab      0x000000000800608c        0x0
                0x000000000800608c                . = ALIGN (0x4)
 *(.ARM.extab* .gnu.linkonce.armextab.*)
                0x000000000800608c                . = ALIGN (0x4)

.ARM            0x000000000800608c        0x8
                0x000000000800608c                . = ALIGN (0x4)
                0x000000000800608c                __exidx_start = .
 *(.ARM.exidx*)
 .ARM.exidx     0x000000000800608c        0x8 C:/ST/STM32CubeIDE_1.14.1/STM32CubeIDE/plugins/com.st.stm32cube.ide.mcu.externaltools.gnu-tools-for-stm32.11.3.rel1.win32_1.1.100.202309141235/tools/bin/../lib/gcc/arm-none-eabi/11.3.1/thumb/v7e-m+fp/hard\libgcc.a(_udivmoddi4.o)
                0x0000000008006094                __exidx_end = .
                0x0000000008006094                . = ALIGN (0x4)

.rel.dyn        0x0000000008006094        0x0
 .rel.iplt      0x0000000008006094        0x0 C:/ST/STM32CubeIDE_1.14.1/STM32CubeIDE/plugins/com.st.stm32cube.ide.mcu.externaltools.gnu-tools-for-stm32.11.3.rel1.win32_1.1.100.202309141235/tools/bin/../lib/gcc/arm-none-eabi/11.3.1/thumb/v7e-m+fp/hard/crtbegin.o

.preinit_array  0x0000000008006094        0x0
                0x0000000008006094                . = ALIGN (0x4)
                0x0000000008006094                PROVIDE (__preinit_array_start = .)
 *(.preinit_array*)
                0x0000000008006094                PROVIDE (__preinit_array_end = .)
                0x0000000008006094                . = ALIGN (0x4)

.init_array     0x0000000008006094        0x4
                0x0000000008006094                . = ALIGN (0x4)
                0x0000000008006094                PROVIDE (__init_array_start = .)
 *(SORT_BY_NAME(.init_array.*))
 *(.init_array*)
 .init_array    0x0000000008006094        0x4 C:/ST/STM32CubeIDE_1.14.1/STM32CubeIDE/plugins/com.st.stm32cube.ide.mcu.externaltools.gnu-tools-for-stm32.11.3.rel1.win32_1.1.100.202309141235/tools/bin/../lib/gcc/arm-none-eabi/11.3.1/thumb/v7e-m+fp/hard/crtbegin.o
                0x0000000008006098                PROVIDE (__init_array_end = .)
                0x0000000008006098                . = ALIGN (0x4)

.fini_array     0x0000000008006098        0x4
                0x0000000008006098                . = ALIGN (0x4)
                [!provide]                        PROVIDE (__fini_array_start = .)
 *(SORT_BY_NAME(.fini_array.*))
 *(.fini_array*)
 .fini_array    0x0000000008006098        0x4 C:/ST/STM32CubeIDE_1.14.1/STM32CubeIDE/plugins/com.st.stm32cube.ide.mcu.externaltools.gnu-tools-for-stm32.11.3.rel1.win32_1.1.100.202309141235/tools/bin/../lib/gcc/arm-none-eabi/11.3.1/thumb/v7e-m+fp/hard/crtbegin.o
                [!provide]                        PROVIDE (__fini_array_end = .)
                0x000000000800609c                . = ALIGN (0x4)
                0x000000000800609c                _sidata = LOADADDR (.data)

.data           0x0000000020000000        0xc load address 0x000000000800609c
                0x0000000020000000                . = ALIGN (0x4)
                0x0000000020000000                _sdata = .
 *(.data)
 *(.data*)
 .data.SystemCoreClock
                0x0000000020000000        0x4 ./Core/Src/system_stm32f4xx.o
                0x0000000020000000                SystemCoreClock
 .data.uwTickPrio
                0x0000000020000004        0x4 ./Drivers/STM32F4xx_HAL_Driver/Src/stm32f4xx_hal.o
                0x0000000020000004                uwTickPrio
 .data.uwTickFreq
                0x0000000020000008        0x1 ./Drivers/STM32F4xx_HAL_Driver/Src/stm32f4xx_hal.o
                0x0000000020000008                uwTickFreq
 *(.RamFunc)
 *(.RamFunc*)
                0x000000002000000c                . = ALIGN (0x4)
 *fill*         0x0000000020000009        0x3 
                0x000000002000000c                _edata = .

.igot.plt       0x000000002000000c        0x0 load address 0x00000000080060a8
 .igot.plt      0x000000002000000c        0x0 C:/ST/STM32CubeIDE_1.14.1/STM32CubeIDE/plugins/com.st.stm32cube.ide.mcu.externaltools.gnu-tools-for-stm32.11.3.rel1.win32_1.1.100.202309141235/tools/bin/../lib/gcc/arm-none-eabi/11.3.1/thumb/v7e-m+fp/hard/crtbegin.o
                0x000000002000000c                . = ALIGN (0x4)

.bss            0x0000000020000010      0x4f8 load address 0x00000000080060a8
                0x0000000020000010                _sbss = .
                0x0000000020000010                __bss_start__ = _sbss
 *(.bss)
 .bss           0x0000000020000010       0x1c C:/ST/STM32CubeIDE_1.14.1/STM32CubeIDE/plugins/com.st.stm32cube.ide.mcu.externaltools.gnu-tools-for-stm32.11.3.rel1.win32_1.1.100.202309141235/tools/bin/../lib/gcc/arm-none-eabi/11.3.1/thumb/v7e-m+fp/hard/crtbegin.o
 *(.bss*)
 .bss.bufferBLE
                0x000000002000002c        0x8 ./Core/Src/BLE.o
                0x000000002000002c                bufferBLE
 .bss.rightWheel
                0x0000000020000034        0xc ./Core/Src/Encoder.o
                0x0000000020000034                rightWheel
 .bss.leftWheel
                0x0000000020000040        0xc ./Core/Src/Encoder.o
                0x0000000020000040                leftWheel
 .bss.myFilterLeft
                0x000000002000004c      0x10c ./Core/Src/Encoder.o
                0x000000002000004c                myFilterLeft
 .bss.myFilterRight
                0x0000000020000158      0x10c ./Core/Src/Encoder.o
                0x0000000020000158                myFilterRight
 .bss.button_pushed
                0x0000000020000264        0x1 ./Core/Src/StateMachine.o
                0x0000000020000264                button_pushed
 *fill*         0x0000000020000265        0x3 
 .bss.KpLeft    0x0000000020000268        0x8 ./Core/Src/StateMachine.o
                0x0000000020000268                KpLeft
 .bss.KiLeft    0x0000000020000270        0x8 ./Core/Src/StateMachine.o
                0x0000000020000270                KiLeft
 .bss.KdLeft    0x0000000020000278        0x8 ./Core/Src/StateMachine.o
                0x0000000020000278                KdLeft
 .bss.KpRight   0x0000000020000280        0x8 ./Core/Src/StateMachine.o
                0x0000000020000280                KpRight
 .bss.KiRight   0x0000000020000288        0x8 ./Core/Src/StateMachine.o
                0x0000000020000288                KiRight
 .bss.KdRight   0x0000000020000290        0x8 ./Core/Src/StateMachine.o
                0x0000000020000290                KdRight
 .bss.LEFT      0x0000000020000298        0x2 ./Core/Src/StateMachine.o
                0x0000000020000298                LEFT
 .bss.RIGHT     0x000000002000029a        0x2 ./Core/Src/StateMachine.o
                0x000000002000029a                RIGHT
 .bss.PIDleft_Speed
                0x000000002000029c       0x2c ./Core/Src/StateMachine.o
                0x000000002000029c                PIDleft_Speed
 .bss.PIDright_Speed
                0x00000000200002c8       0x2c ./Core/Src/StateMachine.o
                0x00000000200002c8                PIDright_Speed
 .bss.hadc1     0x00000000200002f4       0x48 ./Core/Src/adc.o
                0x00000000200002f4                hadc1
 .bss.hdma_adc1
                0x000000002000033c       0x60 ./Core/Src/adc.o
                0x000000002000033c                hdma_adc1
 .bss.htim1     0x000000002000039c       0x48 ./Core/Src/tim.o
                0x000000002000039c                htim1
 .bss.htim2     0x00000000200003e4       0x48 ./Core/Src/tim.o
                0x00000000200003e4                htim2
 .bss.htim3     0x000000002000042c       0x48 ./Core/Src/tim.o
                0x000000002000042c                htim3
 .bss.htim5     0x0000000020000474       0x48 ./Core/Src/tim.o
                0x0000000020000474                htim5
 .bss.huart2    0x00000000200004bc       0x48 ./Core/Src/usart.o
                0x00000000200004bc                huart2
 .bss.uwTick    0x0000000020000504        0x4 ./Drivers/STM32F4xx_HAL_Driver/Src/stm32f4xx_hal.o
                0x0000000020000504                uwTick
 *(COMMON)
                0x0000000020000508                . = ALIGN (0x4)
                0x0000000020000508                _ebss = .
                0x0000000020000508                __bss_end__ = _ebss

._user_heap_stack
                0x0000000020000508      0x600 load address 0x00000000080060a8
                0x0000000020000508                . = ALIGN (0x8)
                [!provide]                        PROVIDE (end = .)
                0x0000000020000508                PROVIDE (_end = .)
                0x0000000020000708                . = (. + _Min_Heap_Size)
 *fill*         0x0000000020000508      0x200 
                0x0000000020000b08                . = (. + _Min_Stack_Size)
 *fill*         0x0000000020000708      0x400 
                0x0000000020000b08                . = ALIGN (0x8)

/DISCARD/
 libc.a(*)
 libm.a(*)
 libgcc.a(*)

.ARM.attributes
                0x0000000000000000       0x30
 *(.ARM.attributes)
 .ARM.attributes
                0x0000000000000000       0x1e C:/ST/STM32CubeIDE_1.14.1/STM32CubeIDE/plugins/com.st.stm32cube.ide.mcu.externaltools.gnu-tools-for-stm32.11.3.rel1.win32_1.1.100.202309141235/tools/bin/../lib/gcc/arm-none-eabi/11.3.1/thumb/v7e-m+fp/hard/crti.o
 .ARM.attributes
                0x000000000000001e       0x34 C:/ST/STM32CubeIDE_1.14.1/STM32CubeIDE/plugins/com.st.stm32cube.ide.mcu.externaltools.gnu-tools-for-stm32.11.3.rel1.win32_1.1.100.202309141235/tools/bin/../lib/gcc/arm-none-eabi/11.3.1/thumb/v7e-m+fp/hard/crtbegin.o
 .ARM.attributes
                0x0000000000000052       0x34 ./Core/Src/BLE.o
 .ARM.attributes
                0x0000000000000086       0x34 ./Core/Src/Encoder.o
 .ARM.attributes
                0x00000000000000ba       0x34 ./Core/Src/Motors.o
 .ARM.attributes
                0x00000000000000ee       0x34 ./Core/Src/PID.o
 .ARM.attributes
                0x0000000000000122       0x34 ./Core/Src/StateMachine.o
 .ARM.attributes
                0x0000000000000156       0x34 ./Core/Src/adc.o
 .ARM.attributes
                0x000000000000018a       0x34 ./Core/Src/dma.o
 .ARM.attributes
                0x00000000000001be       0x34 ./Core/Src/gpio.o
 .ARM.attributes
                0x00000000000001f2       0x34 ./Core/Src/main.o
 .ARM.attributes
                0x0000000000000226       0x34 ./Core/Src/stm32f4xx_hal_msp.o
 .ARM.attributes
                0x000000000000025a       0x34 ./Core/Src/stm32f4xx_it.o
 .ARM.attributes
                0x000000000000028e       0x34 ./Core/Src/system_stm32f4xx.o
 .ARM.attributes
                0x00000000000002c2       0x34 ./Core/Src/tim.o
 .ARM.attributes
                0x00000000000002f6       0x34 ./Core/Src/usart.o
 .ARM.attributes
                0x000000000000032a       0x21 ./Core/Startup/startup_stm32f401retx.o
 .ARM.attributes
                0x000000000000034b       0x34 ./Drivers/STM32F4xx_HAL_Driver/Src/stm32f4xx_hal.o
 .ARM.attributes
                0x000000000000037f       0x34 ./Drivers/STM32F4xx_HAL_Driver/Src/stm32f4xx_hal_adc.o
 .ARM.attributes
                0x00000000000003b3       0x34 ./Drivers/STM32F4xx_HAL_Driver/Src/stm32f4xx_hal_cortex.o
 .ARM.attributes
                0x00000000000003e7       0x34 ./Drivers/STM32F4xx_HAL_Driver/Src/stm32f4xx_hal_dma.o
 .ARM.attributes
                0x000000000000041b       0x34 ./Drivers/STM32F4xx_HAL_Driver/Src/stm32f4xx_hal_gpio.o
 .ARM.attributes
                0x000000000000044f       0x34 ./Drivers/STM32F4xx_HAL_Driver/Src/stm32f4xx_hal_rcc.o
 .ARM.attributes
                0x0000000000000483       0x34 ./Drivers/STM32F4xx_HAL_Driver/Src/stm32f4xx_hal_tim.o
 .ARM.attributes
                0x00000000000004b7       0x34 ./Drivers/STM32F4xx_HAL_Driver/Src/stm32f4xx_hal_tim_ex.o
 .ARM.attributes
                0x00000000000004eb       0x34 ./Drivers/STM32F4xx_HAL_Driver/Src/stm32f4xx_hal_uart.o
 .ARM.attributes
                0x000000000000051f       0x34 C:/ST/STM32CubeIDE_1.14.1/STM32CubeIDE/plugins/com.st.stm32cube.ide.mcu.externaltools.gnu-tools-for-stm32.11.3.rel1.win32_1.1.100.202309141235/tools/bin/../lib/gcc/arm-none-eabi/11.3.1/../../../../arm-none-eabi/lib/thumb/v7e-m+fp/hard\libc_nano.a(libc_a-memset.o)
 .ARM.attributes
                0x0000000000000553       0x34 C:/ST/STM32CubeIDE_1.14.1/STM32CubeIDE/plugins/com.st.stm32cube.ide.mcu.externaltools.gnu-tools-for-stm32.11.3.rel1.win32_1.1.100.202309141235/tools/bin/../lib/gcc/arm-none-eabi/11.3.1/../../../../arm-none-eabi/lib/thumb/v7e-m+fp/hard\libc_nano.a(libc_a-init.o)
 .ARM.attributes
                0x0000000000000587       0x1e C:/ST/STM32CubeIDE_1.14.1/STM32CubeIDE/plugins/com.st.stm32cube.ide.mcu.externaltools.gnu-tools-for-stm32.11.3.rel1.win32_1.1.100.202309141235/tools/bin/../lib/gcc/arm-none-eabi/11.3.1/thumb/v7e-m+fp/hard\libgcc.a(_arm_addsubdf3.o)
 .ARM.attributes
                0x00000000000005a5       0x1e C:/ST/STM32CubeIDE_1.14.1/STM32CubeIDE/plugins/com.st.stm32cube.ide.mcu.externaltools.gnu-tools-for-stm32.11.3.rel1.win32_1.1.100.202309141235/tools/bin/../lib/gcc/arm-none-eabi/11.3.1/thumb/v7e-m+fp/hard\libgcc.a(_arm_cmpdf2.o)
 .ARM.attributes
                0x00000000000005c3       0x1e C:/ST/STM32CubeIDE_1.14.1/STM32CubeIDE/plugins/com.st.stm32cube.ide.mcu.externaltools.gnu-tools-for-stm32.11.3.rel1.win32_1.1.100.202309141235/tools/bin/../lib/gcc/arm-none-eabi/11.3.1/thumb/v7e-m+fp/hard\libgcc.a(_arm_fixdfsi.o)
 .ARM.attributes
                0x00000000000005e1       0x1e C:/ST/STM32CubeIDE_1.14.1/STM32CubeIDE/plugins/com.st.stm32cube.ide.mcu.externaltools.gnu-tools-for-stm32.11.3.rel1.win32_1.1.100.202309141235/tools/bin/../lib/gcc/arm-none-eabi/11.3.1/thumb/v7e-m+fp/hard\libgcc.a(_arm_truncdfsf2.o)
 .ARM.attributes
                0x00000000000005ff       0x1e C:/ST/STM32CubeIDE_1.14.1/STM32CubeIDE/plugins/com.st.stm32cube.ide.mcu.externaltools.gnu-tools-for-stm32.11.3.rel1.win32_1.1.100.202309141235/tools/bin/../lib/gcc/arm-none-eabi/11.3.1/thumb/v7e-m+fp/hard\libgcc.a(_aeabi_uldivmod.o)
 .ARM.attributes
                0x000000000000061d       0x34 C:/ST/STM32CubeIDE_1.14.1/STM32CubeIDE/plugins/com.st.stm32cube.ide.mcu.externaltools.gnu-tools-for-stm32.11.3.rel1.win32_1.1.100.202309141235/tools/bin/../lib/gcc/arm-none-eabi/11.3.1/thumb/v7e-m+fp/hard\libgcc.a(_udivmoddi4.o)
 .ARM.attributes
                0x0000000000000651       0x1e C:/ST/STM32CubeIDE_1.14.1/STM32CubeIDE/plugins/com.st.stm32cube.ide.mcu.externaltools.gnu-tools-for-stm32.11.3.rel1.win32_1.1.100.202309141235/tools/bin/../lib/gcc/arm-none-eabi/11.3.1/thumb/v7e-m+fp/hard\libgcc.a(_dvmd_tls.o)
 .ARM.attributes
                0x000000000000066f       0x1e C:/ST/STM32CubeIDE_1.14.1/STM32CubeIDE/plugins/com.st.stm32cube.ide.mcu.externaltools.gnu-tools-for-stm32.11.3.rel1.win32_1.1.100.202309141235/tools/bin/../lib/gcc/arm-none-eabi/11.3.1/thumb/v7e-m+fp/hard/crtn.o
OUTPUT(buggy_Using_HAL.elf elf32-littlearm)
LOAD linker stubs
LOAD C:/ST/STM32CubeIDE_1.14.1/STM32CubeIDE/plugins/com.st.stm32cube.ide.mcu.externaltools.gnu-tools-for-stm32.11.3.rel1.win32_1.1.100.202309141235/tools/bin/../lib/gcc/arm-none-eabi/11.3.1/../../../../arm-none-eabi/lib/thumb/v7e-m+fp/hard\libc.a
LOAD C:/ST/STM32CubeIDE_1.14.1/STM32CubeIDE/plugins/com.st.stm32cube.ide.mcu.externaltools.gnu-tools-for-stm32.11.3.rel1.win32_1.1.100.202309141235/tools/bin/../lib/gcc/arm-none-eabi/11.3.1/../../../../arm-none-eabi/lib/thumb/v7e-m+fp/hard\libm.a
LOAD C:/ST/STM32CubeIDE_1.14.1/STM32CubeIDE/plugins/com.st.stm32cube.ide.mcu.externaltools.gnu-tools-for-stm32.11.3.rel1.win32_1.1.100.202309141235/tools/bin/../lib/gcc/arm-none-eabi/11.3.1/thumb/v7e-m+fp/hard\libgcc.a

.comment        0x0000000000000000       0x43
 .comment       0x0000000000000000       0x43 C:/ST/STM32CubeIDE_1.14.1/STM32CubeIDE/plugins/com.st.stm32cube.ide.mcu.externaltools.gnu-tools-for-stm32.11.3.rel1.win32_1.1.100.202309141235/tools/bin/../lib/gcc/arm-none-eabi/11.3.1/thumb/v7e-m+fp/hard/crtbegin.o
                                         0x44 (size before relaxing)
 .comment       0x0000000000000043       0x44 ./Core/Src/BLE.o
 .comment       0x0000000000000043       0x44 ./Core/Src/Encoder.o
 .comment       0x0000000000000043       0x44 ./Core/Src/Motors.o
 .comment       0x0000000000000043       0x44 ./Core/Src/PID.o
 .comment       0x0000000000000043       0x44 ./Core/Src/StateMachine.o
 .comment       0x0000000000000043       0x44 ./Core/Src/adc.o
 .comment       0x0000000000000043       0x44 ./Core/Src/dma.o
 .comment       0x0000000000000043       0x44 ./Core/Src/gpio.o
 .comment       0x0000000000000043       0x44 ./Core/Src/main.o
 .comment       0x0000000000000043       0x44 ./Core/Src/stm32f4xx_hal_msp.o
 .comment       0x0000000000000043       0x44 ./Core/Src/stm32f4xx_it.o
 .comment       0x0000000000000043       0x44 ./Core/Src/system_stm32f4xx.o
 .comment       0x0000000000000043       0x44 ./Core/Src/tim.o
 .comment       0x0000000000000043       0x44 ./Core/Src/usart.o
 .comment       0x0000000000000043       0x44 ./Drivers/STM32F4xx_HAL_Driver/Src/stm32f4xx_hal.o
 .comment       0x0000000000000043       0x44 ./Drivers/STM32F4xx_HAL_Driver/Src/stm32f4xx_hal_adc.o
 .comment       0x0000000000000043       0x44 ./Drivers/STM32F4xx_HAL_Driver/Src/stm32f4xx_hal_cortex.o
 .comment       0x0000000000000043       0x44 ./Drivers/STM32F4xx_HAL_Driver/Src/stm32f4xx_hal_dma.o
 .comment       0x0000000000000043       0x44 ./Drivers/STM32F4xx_HAL_Driver/Src/stm32f4xx_hal_gpio.o
 .comment       0x0000000000000043       0x44 ./Drivers/STM32F4xx_HAL_Driver/Src/stm32f4xx_hal_rcc.o
 .comment       0x0000000000000043       0x44 ./Drivers/STM32F4xx_HAL_Driver/Src/stm32f4xx_hal_tim.o
 .comment       0x0000000000000043       0x44 ./Drivers/STM32F4xx_HAL_Driver/Src/stm32f4xx_hal_tim_ex.o
 .comment       0x0000000000000043       0x44 ./Drivers/STM32F4xx_HAL_Driver/Src/stm32f4xx_hal_uart.o

.debug_info     0x0000000000000000    0x11868
 .debug_info    0x0000000000000000      0x63f ./Core/Src/BLE.o
 .debug_info    0x000000000000063f      0x802 ./Core/Src/Encoder.o
 .debug_info    0x0000000000000e41      0x7c7 ./Core/Src/Motors.o
 .debug_info    0x0000000000001608      0x2e0 ./Core/Src/PID.o
 .debug_info    0x00000000000018e8      0xd68 ./Core/Src/StateMachine.o
 .debug_info    0x0000000000002650      0xa06 ./Core/Src/adc.o
 .debug_info    0x0000000000003056      0x43f ./Core/Src/dma.o
 .debug_info    0x0000000000003495      0x5f6 ./Core/Src/gpio.o
 .debug_info    0x0000000000003a8b      0x5ab ./Core/Src/main.o
 .debug_info    0x0000000000004036      0x2a4 ./Core/Src/stm32f4xx_hal_msp.o
 .debug_info    0x00000000000042da      0xa14 ./Core/Src/stm32f4xx_it.o
 .debug_info    0x0000000000004cee      0x53e ./Core/Src/system_stm32f4xx.o
 .debug_info    0x000000000000522c     0x11d9 ./Core/Src/tim.o
 .debug_info    0x0000000000006405      0xb61 ./Core/Src/usart.o
 .debug_info    0x0000000000006f66       0x23 ./Core/Startup/startup_stm32f401retx.o
 .debug_info    0x0000000000006f89      0x8bb ./Drivers/STM32F4xx_HAL_Driver/Src/stm32f4xx_hal.o
 .debug_info    0x0000000000007844      0xcd1 ./Drivers/STM32F4xx_HAL_Driver/Src/stm32f4xx_hal_adc.o
 .debug_info    0x0000000000008515      0xcc1 ./Drivers/STM32F4xx_HAL_Driver/Src/stm32f4xx_hal_cortex.o
 .debug_info    0x00000000000091d6      0x8e6 ./Drivers/STM32F4xx_HAL_Driver/Src/stm32f4xx_hal_dma.o
 .debug_info    0x0000000000009abc      0x6f9 ./Drivers/STM32F4xx_HAL_Driver/Src/stm32f4xx_hal_gpio.o
 .debug_info    0x000000000000a1b5      0x8f3 ./Drivers/STM32F4xx_HAL_Driver/Src/stm32f4xx_hal_rcc.o
 .debug_info    0x000000000000aaa8     0x2996 ./Drivers/STM32F4xx_HAL_Driver/Src/stm32f4xx_hal_tim.o
 .debug_info    0x000000000000d43e     0x14d4 ./Drivers/STM32F4xx_HAL_Driver/Src/stm32f4xx_hal_tim_ex.o
 .debug_info    0x000000000000e912     0x2f56 ./Drivers/STM32F4xx_HAL_Driver/Src/stm32f4xx_hal_uart.o

.debug_abbrev   0x0000000000000000     0x2ee1
 .debug_abbrev  0x0000000000000000      0x188 ./Core/Src/BLE.o
 .debug_abbrev  0x0000000000000188      0x208 ./Core/Src/Encoder.o
 .debug_abbrev  0x0000000000000390      0x1c0 ./Core/Src/Motors.o
 .debug_abbrev  0x0000000000000550      0x12e ./Core/Src/PID.o
 .debug_abbrev  0x000000000000067e      0x2b8 ./Core/Src/StateMachine.o
 .debug_abbrev  0x0000000000000936      0x204 ./Core/Src/adc.o
 .debug_abbrev  0x0000000000000b3a      0x10e ./Core/Src/dma.o
 .debug_abbrev  0x0000000000000c48      0x173 ./Core/Src/gpio.o
 .debug_abbrev  0x0000000000000dbb      0x205 ./Core/Src/main.o
 .debug_abbrev  0x0000000000000fc0       0xf4 ./Core/Src/stm32f4xx_hal_msp.o
 .debug_abbrev  0x00000000000010b4      0x1dd ./Core/Src/stm32f4xx_it.o
 .debug_abbrev  0x0000000000001291      0x11a ./Core/Src/system_stm32f4xx.o
 .debug_abbrev  0x00000000000013ab      0x2a5 ./Core/Src/tim.o
 .debug_abbrev  0x0000000000001650      0x219 ./Core/Src/usart.o
 .debug_abbrev  0x0000000000001869       0x12 ./Core/Startup/startup_stm32f401retx.o
 .debug_abbrev  0x000000000000187b      0x24b ./Drivers/STM32F4xx_HAL_Driver/Src/stm32f4xx_hal.o
 .debug_abbrev  0x0000000000001ac6      0x20e ./Drivers/STM32F4xx_HAL_Driver/Src/stm32f4xx_hal_adc.o
 .debug_abbrev  0x0000000000001cd4      0x328 ./Drivers/STM32F4xx_HAL_Driver/Src/stm32f4xx_hal_cortex.o
 .debug_abbrev  0x0000000000001ffc      0x221 ./Drivers/STM32F4xx_HAL_Driver/Src/stm32f4xx_hal_dma.o
 .debug_abbrev  0x000000000000221d      0x1d3 ./Drivers/STM32F4xx_HAL_Driver/Src/stm32f4xx_hal_gpio.o
 .debug_abbrev  0x00000000000023f0      0x2b5 ./Drivers/STM32F4xx_HAL_Driver/Src/stm32f4xx_hal_rcc.o
 .debug_abbrev  0x00000000000026a5      0x28b ./Drivers/STM32F4xx_HAL_Driver/Src/stm32f4xx_hal_tim.o
 .debug_abbrev  0x0000000000002930      0x296 ./Drivers/STM32F4xx_HAL_Driver/Src/stm32f4xx_hal_tim_ex.o
 .debug_abbrev  0x0000000000002bc6      0x31b ./Drivers/STM32F4xx_HAL_Driver/Src/stm32f4xx_hal_uart.o

.debug_aranges  0x0000000000000000      0xf48
 .debug_aranges
                0x0000000000000000       0x20 ./Core/Src/BLE.o
 .debug_aranges
                0x0000000000000020       0x38 ./Core/Src/Encoder.o
 .debug_aranges
                0x0000000000000058       0x40 ./Core/Src/Motors.o
 .debug_aranges
                0x0000000000000098       0x38 ./Core/Src/PID.o
 .debug_aranges
                0x00000000000000d0       0x90 ./Core/Src/StateMachine.o
 .debug_aranges
                0x0000000000000160       0x30 ./Core/Src/adc.o
 .debug_aranges
                0x0000000000000190       0x20 ./Core/Src/dma.o
 .debug_aranges
                0x00000000000001b0       0x20 ./Core/Src/gpio.o
 .debug_aranges
                0x00000000000001d0       0x30 ./Core/Src/main.o
 .debug_aranges
                0x0000000000000200       0x20 ./Core/Src/stm32f4xx_hal_msp.o
 .debug_aranges
                0x0000000000000220       0x90 ./Core/Src/stm32f4xx_it.o
 .debug_aranges
                0x00000000000002b0       0x28 ./Core/Src/system_stm32f4xx.o
 .debug_aranges
                0x00000000000002d8       0x70 ./Core/Src/tim.o
 .debug_aranges
                0x0000000000000348       0x30 ./Core/Src/usart.o
 .debug_aranges
                0x0000000000000378       0x28 ./Core/Startup/startup_stm32f401retx.o
 .debug_aranges
                0x00000000000003a0       0xf0 ./Drivers/STM32F4xx_HAL_Driver/Src/stm32f4xx_hal.o
 .debug_aranges
                0x0000000000000490       0xe8 ./Drivers/STM32F4xx_HAL_Driver/Src/stm32f4xx_hal_adc.o
 .debug_aranges
                0x0000000000000578      0x120 ./Drivers/STM32F4xx_HAL_Driver/Src/stm32f4xx_hal_cortex.o
 .debug_aranges
                0x0000000000000698       0x90 ./Drivers/STM32F4xx_HAL_Driver/Src/stm32f4xx_hal_dma.o
 .debug_aranges
                0x0000000000000728       0x58 ./Drivers/STM32F4xx_HAL_Driver/Src/stm32f4xx_hal_gpio.o
 .debug_aranges
                0x0000000000000780       0x88 ./Drivers/STM32F4xx_HAL_Driver/Src/stm32f4xx_hal_rcc.o
 .debug_aranges
                0x0000000000000808      0x3d0 ./Drivers/STM32F4xx_HAL_Driver/Src/stm32f4xx_hal_tim.o
 .debug_aranges
                0x0000000000000bd8      0x168 ./Drivers/STM32F4xx_HAL_Driver/Src/stm32f4xx_hal_tim_ex.o
 .debug_aranges
                0x0000000000000d40      0x208 ./Drivers/STM32F4xx_HAL_Driver/Src/stm32f4xx_hal_uart.o

.debug_rnglists
                0x0000000000000000      0xbc9
 .debug_rnglists
                0x0000000000000000       0x13 ./Core/Src/BLE.o
 .debug_rnglists
                0x0000000000000013       0x27 ./Core/Src/Encoder.o
 .debug_rnglists
                0x000000000000003a       0x2d ./Core/Src/Motors.o
 .debug_rnglists
                0x0000000000000067       0x26 ./Core/Src/PID.o
 .debug_rnglists
                0x000000000000008d       0x6b ./Core/Src/StateMachine.o
 .debug_rnglists
                0x00000000000000f8       0x21 ./Core/Src/adc.o
 .debug_rnglists
                0x0000000000000119       0x13 ./Core/Src/dma.o
 .debug_rnglists
                0x000000000000012c       0x14 ./Core/Src/gpio.o
 .debug_rnglists
                0x0000000000000140       0x20 ./Core/Src/main.o
 .debug_rnglists
                0x0000000000000160       0x13 ./Core/Src/stm32f4xx_hal_msp.o
 .debug_rnglists
                0x0000000000000173       0x67 ./Core/Src/stm32f4xx_it.o
 .debug_rnglists
                0x00000000000001da       0x1a ./Core/Src/system_stm32f4xx.o
 .debug_rnglists
                0x00000000000001f4       0x54 ./Core/Src/tim.o
 .debug_rnglists
                0x0000000000000248       0x20 ./Core/Src/usart.o
 .debug_rnglists
                0x0000000000000268       0x19 ./Core/Startup/startup_stm32f401retx.o
 .debug_rnglists
                0x0000000000000281       0xaf ./Drivers/STM32F4xx_HAL_Driver/Src/stm32f4xx_hal.o
 .debug_rnglists
                0x0000000000000330       0xb5 ./Drivers/STM32F4xx_HAL_Driver/Src/stm32f4xx_hal_adc.o
 .debug_rnglists
                0x00000000000003e5       0xd4 ./Drivers/STM32F4xx_HAL_Driver/Src/stm32f4xx_hal_cortex.o
 .debug_rnglists
                0x00000000000004b9       0x70 ./Drivers/STM32F4xx_HAL_Driver/Src/stm32f4xx_hal_dma.o
 .debug_rnglists
                0x0000000000000529       0x3f ./Drivers/STM32F4xx_HAL_Driver/Src/stm32f4xx_hal_gpio.o
 .debug_rnglists
                0x0000000000000568       0x66 ./Drivers/STM32F4xx_HAL_Driver/Src/stm32f4xx_hal_rcc.o
 .debug_rnglists
                0x00000000000005ce      0x31a ./Drivers/STM32F4xx_HAL_Driver/Src/stm32f4xx_hal_tim.o
 .debug_rnglists
                0x00000000000008e8      0x125 ./Drivers/STM32F4xx_HAL_Driver/Src/stm32f4xx_hal_tim_ex.o
 .debug_rnglists
                0x0000000000000a0d      0x1bc ./Drivers/STM32F4xx_HAL_Driver/Src/stm32f4xx_hal_uart.o

.debug_macro    0x0000000000000000    0x180eb
 .debug_macro   0x0000000000000000      0x219 ./Core/Src/BLE.o
 .debug_macro   0x0000000000000219      0xaa8 ./Core/Src/BLE.o
 .debug_macro   0x0000000000000cc1      0x2a1 ./Core/Src/BLE.o
 .debug_macro   0x0000000000000f62       0x2e ./Core/Src/BLE.o
 .debug_macro   0x0000000000000f90       0x28 ./Core/Src/BLE.o
 .debug_macro   0x0000000000000fb8       0x22 ./Core/Src/BLE.o
 .debug_macro   0x0000000000000fda       0x8e ./Core/Src/BLE.o
 .debug_macro   0x0000000000001068       0x51 ./Core/Src/BLE.o
 .debug_macro   0x00000000000010b9      0x103 ./Core/Src/BLE.o
 .debug_macro   0x00000000000011bc       0x6a ./Core/Src/BLE.o
 .debug_macro   0x0000000000001226      0x1df ./Core/Src/BLE.o
 .debug_macro   0x0000000000001405       0x1c ./Core/Src/BLE.o
 .debug_macro   0x0000000000001421       0x22 ./Core/Src/BLE.o
 .debug_macro   0x0000000000001443       0xfb ./Core/Src/BLE.o
 .debug_macro   0x000000000000153e     0x1011 ./Core/Src/BLE.o
 .debug_macro   0x000000000000254f      0x11f ./Core/Src/BLE.o
 .debug_macro   0x000000000000266e     0xb86c ./Core/Src/BLE.o
 .debug_macro   0x000000000000deda       0x6d ./Core/Src/BLE.o
 .debug_macro   0x000000000000df47     0x368c ./Core/Src/BLE.o
 .debug_macro   0x00000000000115d3      0x174 ./Core/Src/BLE.o
 .debug_macro   0x0000000000011747       0x5c ./Core/Src/BLE.o
 .debug_macro   0x00000000000117a3      0x416 ./Core/Src/BLE.o
 .debug_macro   0x0000000000011bb9      0x9e9 ./Core/Src/BLE.o
 .debug_macro   0x00000000000125a2      0x115 ./Core/Src/BLE.o
 .debug_macro   0x00000000000126b7       0xf8 ./Core/Src/BLE.o
 .debug_macro   0x00000000000127af       0xa5 ./Core/Src/BLE.o
 .debug_macro   0x0000000000012854      0x15f ./Core/Src/BLE.o
 .debug_macro   0x00000000000129b3      0x287 ./Core/Src/BLE.o
 .debug_macro   0x0000000000012c3a       0x5f ./Core/Src/BLE.o
 .debug_macro   0x0000000000012c99      0x236 ./Core/Src/BLE.o
 .debug_macro   0x0000000000012ecf      0x9e1 ./Core/Src/BLE.o
 .debug_macro   0x00000000000138b0      0x38b ./Core/Src/BLE.o
 .debug_macro   0x0000000000013c3b      0x176 ./Core/Src/BLE.o
 .debug_macro   0x0000000000013db1       0xf9 ./Core/Src/BLE.o
 .debug_macro   0x0000000000013eaa      0x132 ./Core/Src/BLE.o
 .debug_macro   0x0000000000013fdc      0x264 ./Core/Src/BLE.o
 .debug_macro   0x0000000000014240       0x2e ./Core/Src/BLE.o
 .debug_macro   0x000000000001426e      0x127 ./Core/Src/BLE.o
 .debug_macro   0x0000000000014395       0x85 ./Core/Src/BLE.o
 .debug_macro   0x000000000001441a       0x89 ./Core/Src/BLE.o
 .debug_macro   0x00000000000144a3      0x8ed ./Core/Src/BLE.o
 .debug_macro   0x0000000000014d90       0x47 ./Core/Src/BLE.o
 .debug_macro   0x0000000000014dd7      0x2aa ./Core/Src/BLE.o
 .debug_macro   0x0000000000015081      0x126 ./Core/Src/BLE.o
 .debug_macro   0x00000000000151a7      0x14e ./Core/Src/BLE.o
 .debug_macro   0x00000000000152f5      0x218 ./Core/Src/Encoder.o
 .debug_macro   0x000000000001550d       0x10 ./Core/Src/Encoder.o
 .debug_macro   0x000000000001551d      0x23b ./Core/Src/Motors.o
 .debug_macro   0x0000000000015758      0x21b ./Core/Src/PID.o
 .debug_macro   0x0000000000015973      0x24f ./Core/Src/StateMachine.o
 .debug_macro   0x0000000000015bc2       0x10 ./Core/Src/StateMachine.o
 .debug_macro   0x0000000000015bd2      0x20f ./Core/Src/adc.o
 .debug_macro   0x0000000000015de1      0x20f ./Core/Src/dma.o
 .debug_macro   0x0000000000015ff0      0x20f ./Core/Src/gpio.o
 .debug_macro   0x00000000000161ff      0x264 ./Core/Src/main.o
 .debug_macro   0x0000000000016463       0x10 ./Core/Src/main.o
 .debug_macro   0x0000000000016473      0x205 ./Core/Src/stm32f4xx_hal_msp.o
 .debug_macro   0x0000000000016678      0x226 ./Core/Src/stm32f4xx_it.o
 .debug_macro   0x000000000001689e      0x1f6 ./Core/Src/system_stm32f4xx.o
 .debug_macro   0x0000000000016a94      0x20f ./Core/Src/tim.o
 .debug_macro   0x0000000000016ca3      0x20f ./Core/Src/usart.o
 .debug_macro   0x0000000000016eb2      0x256 ./Drivers/STM32F4xx_HAL_Driver/Src/stm32f4xx_hal.o
 .debug_macro   0x0000000000017108      0x1f7 ./Drivers/STM32F4xx_HAL_Driver/Src/stm32f4xx_hal_adc.o
 .debug_macro   0x00000000000172ff      0x1f6 ./Drivers/STM32F4xx_HAL_Driver/Src/stm32f4xx_hal_cortex.o
 .debug_macro   0x00000000000174f5      0x1fc ./Drivers/STM32F4xx_HAL_Driver/Src/stm32f4xx_hal_dma.o
 .debug_macro   0x00000000000176f1      0x1fc ./Drivers/STM32F4xx_HAL_Driver/Src/stm32f4xx_hal_gpio.o
 .debug_macro   0x00000000000178ed      0x21a ./Drivers/STM32F4xx_HAL_Driver/Src/stm32f4xx_hal_rcc.o
 .debug_macro   0x0000000000017b07      0x1f7 ./Drivers/STM32F4xx_HAL_Driver/Src/stm32f4xx_hal_tim.o
 .debug_macro   0x0000000000017cfe      0x1f6 ./Drivers/STM32F4xx_HAL_Driver/Src/stm32f4xx_hal_tim_ex.o
 .debug_macro   0x0000000000017ef4      0x1f7 ./Drivers/STM32F4xx_HAL_Driver/Src/stm32f4xx_hal_uart.o

.debug_line     0x0000000000000000    0x1434d
 .debug_line    0x0000000000000000      0x79b ./Core/Src/BLE.o
 .debug_line    0x000000000000079b      0x87f ./Core/Src/Encoder.o
 .debug_line    0x000000000000101a      0x83d ./Core/Src/Motors.o
 .debug_line    0x0000000000001857      0x864 ./Core/Src/PID.o
 .debug_line    0x00000000000020bb      0xa06 ./Core/Src/StateMachine.o
 .debug_line    0x0000000000002ac1      0x87a ./Core/Src/adc.o
 .debug_line    0x000000000000333b      0x791 ./Core/Src/dma.o
 .debug_line    0x0000000000003acc      0x7cf ./Core/Src/gpio.o
 .debug_line    0x000000000000429b      0x883 ./Core/Src/main.o
 .debug_line    0x0000000000004b1e      0x797 ./Core/Src/stm32f4xx_hal_msp.o
 .debug_line    0x00000000000052b5      0x900 ./Core/Src/stm32f4xx_it.o
 .debug_line    0x0000000000005bb5      0x817 ./Core/Src/system_stm32f4xx.o
 .debug_line    0x00000000000063cc      0xa4e ./Core/Src/tim.o
 .debug_line    0x0000000000006e1a      0x805 ./Core/Src/usart.o
 .debug_line    0x000000000000761f       0x7a ./Core/Startup/startup_stm32f401retx.o
 .debug_line    0x0000000000007699      0xa7d ./Drivers/STM32F4xx_HAL_Driver/Src/stm32f4xx_hal.o
 .debug_line    0x0000000000008116     0x1231 ./Drivers/STM32F4xx_HAL_Driver/Src/stm32f4xx_hal_adc.o
 .debug_line    0x0000000000009347      0xd49 ./Drivers/STM32F4xx_HAL_Driver/Src/stm32f4xx_hal_cortex.o
 .debug_line    0x000000000000a090      0xfe1 ./Drivers/STM32F4xx_HAL_Driver/Src/stm32f4xx_hal_dma.o
 .debug_line    0x000000000000b071      0xbb5 ./Drivers/STM32F4xx_HAL_Driver/Src/stm32f4xx_hal_gpio.o
 .debug_line    0x000000000000bc26      0xdf6 ./Drivers/STM32F4xx_HAL_Driver/Src/stm32f4xx_hal_rcc.o
 .debug_line    0x000000000000ca1c     0x35e3 ./Drivers/STM32F4xx_HAL_Driver/Src/stm32f4xx_hal_tim.o
 .debug_line    0x000000000000ffff     0x1a14 ./Drivers/STM32F4xx_HAL_Driver/Src/stm32f4xx_hal_tim_ex.o
 .debug_line    0x0000000000011a13     0x293a ./Drivers/STM32F4xx_HAL_Driver/Src/stm32f4xx_hal_uart.o

.debug_str      0x0000000000000000    0x96230
 .debug_str     0x0000000000000000    0x9219a ./Core/Src/BLE.o
                                      0x92462 (size before relaxing)
 .debug_str     0x000000000009219a      0x3b1 ./Core/Src/Encoder.o
                                      0x925cc (size before relaxing)
 .debug_str     0x000000000009254b      0x123 ./Core/Src/Motors.o
                                      0x925ad (size before relaxing)
 .debug_str     0x000000000009266e      0x170 ./Core/Src/PID.o
                                      0x920e0 (size before relaxing)
 .debug_str     0x00000000000927de      0x292 ./Core/Src/StateMachine.o
                                      0x92a7e (size before relaxing)
 .debug_str     0x0000000000092a70      0x391 ./Core/Src/adc.o
                                      0x925dc (size before relaxing)
 .debug_str     0x0000000000092e01      0x3ce ./Core/Src/dma.o
                                      0x92434 (size before relaxing)
 .debug_str     0x00000000000931cf       0x2c ./Core/Src/gpio.o
                                      0x92502 (size before relaxing)
 .debug_str     0x00000000000931fb      0x1d0 ./Core/Src/main.o
                                      0x923d2 (size before relaxing)
 .debug_str     0x00000000000933cb       0x49 ./Core/Src/stm32f4xx_hal_msp.o
                                      0x92096 (size before relaxing)
 .debug_str     0x0000000000093414      0x18b ./Core/Src/stm32f4xx_it.o
                                      0x92855 (size before relaxing)
 .debug_str     0x000000000009359f       0xdb ./Core/Src/system_stm32f4xx.o
                                      0x91c0b (size before relaxing)
 .debug_str     0x000000000009367a      0x3f1 ./Core/Src/tim.o
                                      0x92ea8 (size before relaxing)
 .debug_str     0x0000000000093a6b       0x51 ./Core/Src/usart.o
                                      0x929f1 (size before relaxing)
 .debug_str     0x0000000000093abc       0x34 ./Core/Startup/startup_stm32f401retx.o
                                         0x57 (size before relaxing)
 .debug_str     0x0000000000093af0      0x5e4 ./Drivers/STM32F4xx_HAL_Driver/Src/stm32f4xx_hal.o
                                      0x9262d (size before relaxing)
 .debug_str     0x00000000000940d4      0x2c6 ./Drivers/STM32F4xx_HAL_Driver/Src/stm32f4xx_hal_adc.o
                                      0x921e6 (size before relaxing)
 .debug_str     0x000000000009439a      0x329 ./Drivers/STM32F4xx_HAL_Driver/Src/stm32f4xx_hal_cortex.o
                                      0x92365 (size before relaxing)
 .debug_str     0x00000000000946c3      0x2d5 ./Drivers/STM32F4xx_HAL_Driver/Src/stm32f4xx_hal_dma.o
                                      0x92013 (size before relaxing)
 .debug_str     0x0000000000094998       0xe8 ./Drivers/STM32F4xx_HAL_Driver/Src/stm32f4xx_hal_gpio.o
                                      0x91d86 (size before relaxing)
 .debug_str     0x0000000000094a80      0x233 ./Drivers/STM32F4xx_HAL_Driver/Src/stm32f4xx_hal_rcc.o
                                      0x9203f (size before relaxing)
 .debug_str     0x0000000000094cb3      0xbda ./Drivers/STM32F4xx_HAL_Driver/Src/stm32f4xx_hal_tim.o
                                      0x92f83 (size before relaxing)
 .debug_str     0x000000000009588d      0x3e1 ./Drivers/STM32F4xx_HAL_Driver/Src/stm32f4xx_hal_tim_ex.o
                                      0x9278f (size before relaxing)
 .debug_str     0x0000000000095c6e      0x5c2 ./Drivers/STM32F4xx_HAL_Driver/Src/stm32f4xx_hal_uart.o
                                      0x9260e (size before relaxing)

.debug_frame    0x0000000000000000     0x3f1c
 .debug_frame   0x0000000000000000       0x34 ./Core/Src/BLE.o
 .debug_frame   0x0000000000000034       0xa8 ./Core/Src/Encoder.o
 .debug_frame   0x00000000000000dc       0xac ./Core/Src/Motors.o
 .debug_frame   0x0000000000000188       0xa8 ./Core/Src/PID.o
 .debug_frame   0x0000000000000230      0x1ec ./Core/Src/StateMachine.o
 .debug_frame   0x000000000000041c       0x7c ./Core/Src/adc.o
 .debug_frame   0x0000000000000498       0x34 ./Core/Src/dma.o
 .debug_frame   0x00000000000004cc       0x34 ./Core/Src/gpio.o
 .debug_frame   0x0000000000000500       0x6c ./Core/Src/main.o
 .debug_frame   0x000000000000056c       0x34 ./Core/Src/stm32f4xx_hal_msp.o
 .debug_frame   0x00000000000005a0      0x1ac ./Core/Src/stm32f4xx_it.o
 .debug_frame   0x000000000000074c       0x58 ./Core/Src/system_stm32f4xx.o
 .debug_frame   0x00000000000007a4      0x1a4 ./Core/Src/tim.o
 .debug_frame   0x0000000000000948       0x74 ./Core/Src/usart.o
 .debug_frame   0x00000000000009bc      0x374 ./Drivers/STM32F4xx_HAL_Driver/Src/stm32f4xx_hal.o
 .debug_frame   0x0000000000000d30      0x3fc ./Drivers/STM32F4xx_HAL_Driver/Src/stm32f4xx_hal_adc.o
 .debug_frame   0x000000000000112c      0x4b8 ./Drivers/STM32F4xx_HAL_Driver/Src/stm32f4xx_hal_cortex.o
 .debug_frame   0x00000000000015e4      0x250 ./Drivers/STM32F4xx_HAL_Driver/Src/stm32f4xx_hal_dma.o
 .debug_frame   0x0000000000001834      0x14c ./Drivers/STM32F4xx_HAL_Driver/Src/stm32f4xx_hal_gpio.o
 .debug_frame   0x0000000000001980      0x1f4 ./Drivers/STM32F4xx_HAL_Driver/Src/stm32f4xx_hal_rcc.o
 .debug_frame   0x0000000000001b74     0x11b8 ./Drivers/STM32F4xx_HAL_Driver/Src/stm32f4xx_hal_tim.o
 .debug_frame   0x0000000000002d2c      0x638 ./Drivers/STM32F4xx_HAL_Driver/Src/stm32f4xx_hal_tim_ex.o
 .debug_frame   0x0000000000003364      0x954 ./Drivers/STM32F4xx_HAL_Driver/Src/stm32f4xx_hal_uart.o
 .debug_frame   0x0000000000003cb8       0x20 C:/ST/STM32CubeIDE_1.14.1/STM32CubeIDE/plugins/com.st.stm32cube.ide.mcu.externaltools.gnu-tools-for-stm32.11.3.rel1.win32_1.1.100.202309141235/tools/bin/../lib/gcc/arm-none-eabi/11.3.1/../../../../arm-none-eabi/lib/thumb/v7e-m+fp/hard\libc_nano.a(libc_a-memset.o)
 .debug_frame   0x0000000000003cd8       0x2c C:/ST/STM32CubeIDE_1.14.1/STM32CubeIDE/plugins/com.st.stm32cube.ide.mcu.externaltools.gnu-tools-for-stm32.11.3.rel1.win32_1.1.100.202309141235/tools/bin/../lib/gcc/arm-none-eabi/11.3.1/../../../../arm-none-eabi/lib/thumb/v7e-m+fp/hard\libc_nano.a(libc_a-init.o)
 .debug_frame   0x0000000000003d04       0xac C:/ST/STM32CubeIDE_1.14.1/STM32CubeIDE/plugins/com.st.stm32cube.ide.mcu.externaltools.gnu-tools-for-stm32.11.3.rel1.win32_1.1.100.202309141235/tools/bin/../lib/gcc/arm-none-eabi/11.3.1/thumb/v7e-m+fp/hard\libgcc.a(_arm_addsubdf3.o)
 .debug_frame   0x0000000000003db0       0xc4 C:/ST/STM32CubeIDE_1.14.1/STM32CubeIDE/plugins/com.st.stm32cube.ide.mcu.externaltools.gnu-tools-for-stm32.11.3.rel1.win32_1.1.100.202309141235/tools/bin/../lib/gcc/arm-none-eabi/11.3.1/thumb/v7e-m+fp/hard\libgcc.a(_arm_cmpdf2.o)
 .debug_frame   0x0000000000003e74       0x24 C:/ST/STM32CubeIDE_1.14.1/STM32CubeIDE/plugins/com.st.stm32cube.ide.mcu.externaltools.gnu-tools-for-stm32.11.3.rel1.win32_1.1.100.202309141235/tools/bin/../lib/gcc/arm-none-eabi/11.3.1/thumb/v7e-m+fp/hard\libgcc.a(_arm_fixdfsi.o)
 .debug_frame   0x0000000000003e98       0x24 C:/ST/STM32CubeIDE_1.14.1/STM32CubeIDE/plugins/com.st.stm32cube.ide.mcu.externaltools.gnu-tools-for-stm32.11.3.rel1.win32_1.1.100.202309141235/tools/bin/../lib/gcc/arm-none-eabi/11.3.1/thumb/v7e-m+fp/hard\libgcc.a(_arm_truncdfsf2.o)
 .debug_frame   0x0000000000003ebc       0x2c C:/ST/STM32CubeIDE_1.14.1/STM32CubeIDE/plugins/com.st.stm32cube.ide.mcu.externaltools.gnu-tools-for-stm32.11.3.rel1.win32_1.1.100.202309141235/tools/bin/../lib/gcc/arm-none-eabi/11.3.1/thumb/v7e-m+fp/hard\libgcc.a(_aeabi_uldivmod.o)
 .debug_frame   0x0000000000003ee8       0x34 C:/ST/STM32CubeIDE_1.14.1/STM32CubeIDE/plugins/com.st.stm32cube.ide.mcu.externaltools.gnu-tools-for-stm32.11.3.rel1.win32_1.1.100.202309141235/tools/bin/../lib/gcc/arm-none-eabi/11.3.1/thumb/v7e-m+fp/hard\libgcc.a(_udivmoddi4.o)

.debug_line_str
                0x0000000000000000       0x4b
 .debug_line_str
                0x0000000000000000       0x4b ./Core/Startup/startup_stm32f401retx.o
                                         0x63 (size before relaxing)
