Archive member included to satisfy reference by file (symbol)

D:/ST/STM32CubeIDE_1.15.0/STM32CubeIDE/plugins/com.st.stm32cube.ide.mcu.externaltools.gnu-tools-for-stm32.12.3.rel1.win32_1.0.100.202403111256/tools/bin/../lib/gcc/arm-none-eabi/12.3.1/../../../../arm-none-eabi/lib/thumb/v7e-m+fp/hard\libc_nano.a(libc_a-exit.o)
                              D:/ST/STM32CubeIDE_1.15.0/STM32CubeIDE/plugins/com.st.stm32cube.ide.mcu.externaltools.gnu-tools-for-stm32.12.3.rel1.win32_1.0.100.202403111256/tools/bin/../lib/gcc/arm-none-eabi/12.3.1/../../../../arm-none-eabi/lib/thumb/v7e-m+fp/hard/crt0.o (exit)
D:/ST/STM32CubeIDE_1.15.0/STM32CubeIDE/plugins/com.st.stm32cube.ide.mcu.externaltools.gnu-tools-for-stm32.12.3.rel1.win32_1.0.100.202403111256/tools/bin/../lib/gcc/arm-none-eabi/12.3.1/../../../../arm-none-eabi/lib/thumb/v7e-m+fp/hard\libc_nano.a(libc_a-findfp.o)
                              D:/ST/STM32CubeIDE_1.15.0/STM32CubeIDE/plugins/com.st.stm32cube.ide.mcu.externaltools.gnu-tools-for-stm32.12.3.rel1.win32_1.0.100.202403111256/tools/bin/../lib/gcc/arm-none-eabi/12.3.1/../../../../arm-none-eabi/lib/thumb/v7e-m+fp/hard\libc_nano.a(libc_a-exit.o) (__stdio_exit_handler)
D:/ST/STM32CubeIDE_1.15.0/STM32CubeIDE/plugins/com.st.stm32cube.ide.mcu.externaltools.gnu-tools-for-stm32.12.3.rel1.win32_1.0.100.202403111256/tools/bin/../lib/gcc/arm-none-eabi/12.3.1/../../../../arm-none-eabi/lib/thumb/v7e-m+fp/hard\libc_nano.a(libc_a-fwalk.o)
                              D:/ST/STM32CubeIDE_1.15.0/STM32CubeIDE/plugins/com.st.stm32cube.ide.mcu.externaltools.gnu-tools-for-stm32.12.3.rel1.win32_1.0.100.202403111256/tools/bin/../lib/gcc/arm-none-eabi/12.3.1/../../../../arm-none-eabi/lib/thumb/v7e-m+fp/hard\libc_nano.a(libc_a-findfp.o) (_fwalk_sglue)
D:/ST/STM32CubeIDE_1.15.0/STM32CubeIDE/plugins/com.st.stm32cube.ide.mcu.externaltools.gnu-tools-for-stm32.12.3.rel1.win32_1.0.100.202403111256/tools/bin/../lib/gcc/arm-none-eabi/12.3.1/../../../../arm-none-eabi/lib/thumb/v7e-m+fp/hard\libc_nano.a(libc_a-stdio.o)
                              D:/ST/STM32CubeIDE_1.15.0/STM32CubeIDE/plugins/com.st.stm32cube.ide.mcu.externaltools.gnu-tools-for-stm32.12.3.rel1.win32_1.0.100.202403111256/tools/bin/../lib/gcc/arm-none-eabi/12.3.1/../../../../arm-none-eabi/lib/thumb/v7e-m+fp/hard\libc_nano.a(libc_a-findfp.o) (__sread)
D:/ST/STM32CubeIDE_1.15.0/STM32CubeIDE/plugins/com.st.stm32cube.ide.mcu.externaltools.gnu-tools-for-stm32.12.3.rel1.win32_1.0.100.202403111256/tools/bin/../lib/gcc/arm-none-eabi/12.3.1/../../../../arm-none-eabi/lib/thumb/v7e-m+fp/hard\libc_nano.a(libc_a-memset.o)
                              D:/ST/STM32CubeIDE_1.15.0/STM32CubeIDE/plugins/com.st.stm32cube.ide.mcu.externaltools.gnu-tools-for-stm32.12.3.rel1.win32_1.0.100.202403111256/tools/bin/../lib/gcc/arm-none-eabi/12.3.1/../../../../arm-none-eabi/lib/thumb/v7e-m+fp/hard/crt0.o (memset)
D:/ST/STM32CubeIDE_1.15.0/STM32CubeIDE/plugins/com.st.stm32cube.ide.mcu.externaltools.gnu-tools-for-stm32.12.3.rel1.win32_1.0.100.202403111256/tools/bin/../lib/gcc/arm-none-eabi/12.3.1/../../../../arm-none-eabi/lib/thumb/v7e-m+fp/hard\libc_nano.a(libc_a-closer.o)
                              D:/ST/STM32CubeIDE_1.15.0/STM32CubeIDE/plugins/com.st.stm32cube.ide.mcu.externaltools.gnu-tools-for-stm32.12.3.rel1.win32_1.0.100.202403111256/tools/bin/../lib/gcc/arm-none-eabi/12.3.1/../../../../arm-none-eabi/lib/thumb/v7e-m+fp/hard\libc_nano.a(libc_a-stdio.o) (_close_r)
D:/ST/STM32CubeIDE_1.15.0/STM32CubeIDE/plugins/com.st.stm32cube.ide.mcu.externaltools.gnu-tools-for-stm32.12.3.rel1.win32_1.0.100.202403111256/tools/bin/../lib/gcc/arm-none-eabi/12.3.1/../../../../arm-none-eabi/lib/thumb/v7e-m+fp/hard\libc_nano.a(libc_a-reent.o)
                              D:/ST/STM32CubeIDE_1.15.0/STM32CubeIDE/plugins/com.st.stm32cube.ide.mcu.externaltools.gnu-tools-for-stm32.12.3.rel1.win32_1.0.100.202403111256/tools/bin/../lib/gcc/arm-none-eabi/12.3.1/../../../../arm-none-eabi/lib/thumb/v7e-m+fp/hard\libc_nano.a(libc_a-closer.o) (errno)
D:/ST/STM32CubeIDE_1.15.0/STM32CubeIDE/plugins/com.st.stm32cube.ide.mcu.externaltools.gnu-tools-for-stm32.12.3.rel1.win32_1.0.100.202403111256/tools/bin/../lib/gcc/arm-none-eabi/12.3.1/../../../../arm-none-eabi/lib/thumb/v7e-m+fp/hard\libc_nano.a(libc_a-impure.o)
                              D:/ST/STM32CubeIDE_1.15.0/STM32CubeIDE/plugins/com.st.stm32cube.ide.mcu.externaltools.gnu-tools-for-stm32.12.3.rel1.win32_1.0.100.202403111256/tools/bin/../lib/gcc/arm-none-eabi/12.3.1/../../../../arm-none-eabi/lib/thumb/v7e-m+fp/hard\libc_nano.a(libc_a-reent.o) (_impure_ptr)
D:/ST/STM32CubeIDE_1.15.0/STM32CubeIDE/plugins/com.st.stm32cube.ide.mcu.externaltools.gnu-tools-for-stm32.12.3.rel1.win32_1.0.100.202403111256/tools/bin/../lib/gcc/arm-none-eabi/12.3.1/../../../../arm-none-eabi/lib/thumb/v7e-m+fp/hard\libc_nano.a(libc_a-lseekr.o)
[...]
Memory Configuration

Name             Origin             Length             Attributes
RAM              0x20000000         0x00018000         xrw
FLASH            0x08000000         0x00080000         xr
*default*        0x00000000         0xffffffff

Linker script and memory map

LOAD D:/ST/STM32CubeIDE_1.15.0/STM32CubeIDE/plugins/com.st.stm32cube.ide.mcu.externaltools.gnu-tools-for-stm32.12.3.rel1.win32_1.0.100.202403111256/tools/bin/../lib/gcc/arm-none-eabi/12.3.1/thumb/v7e-m+fp/hard/crti.o
LOAD D:/ST/STM32CubeIDE_1.15.0/STM32CubeIDE/plugins/com.st.stm32cube.ide.mcu.externaltools.gnu-tools-for-stm32.12.3.rel1.win32_1.0.100.202403111256/tools/bin/../lib/gcc/arm-none-eabi/12.3.1/thumb/v7e-m+fp/hard/crtbegin.o
LOAD D:/ST/STM32CubeIDE_1.15.0/STM32CubeIDE/plugins/com.st.stm32cube.ide.mcu.externaltools.gnu-tools-for-stm32.12.3.rel1.win32_1.0.100.202403111256/tools/bin/../lib/gcc/arm-none-eabi/12.3.1/../../../../arm-none-eabi/lib/thumb/v7e-m+fp/hard/crt0.o
LOAD ./Core/Src/BLE.o
LOAD ./Core/Src/Encoder.o
LOAD ./Core/Src/Motors.o
LOAD ./Core/Src/PID.o
LOAD ./Core/Src/Sensors.o
LOAD ./Core/Src/StateMachine.o
LOAD ./Core/Src/adc.o
LOAD ./Core/Src/dma.o
LOAD ./Core/Src/gpio.o
LOAD ./Core/Src/main.o
LOAD ./Core/Src/stm32f4xx_hal_msp.o
LOAD ./Core/Src/stm32f4xx_it.o
LOAD ./Core/Src/syscalls.o
LOAD ./Core/Src/sysmem.o
LOAD ./Core/Src/system_stm32f4xx.o
LOAD ./Core/Src/tim.o
LOAD ./Core/Src/usart.o
LOAD ./Core/Startup/startup_stm32f401retx.o
LOAD ./Drivers/STM32F4xx_HAL_Driver/Src/stm32f4xx_hal.o
LOAD ./Drivers/STM32F4xx_HAL_Driver/Src/stm32f4xx_hal_adc.o
LOAD ./Drivers/STM32F4xx_HAL_Driver/Src/stm32f4xx_hal_adc_ex.o
LOAD ./Drivers/STM32F4xx_HAL_Driver/Src/stm32f4xx_hal_cortex.o
LOAD ./Drivers/STM32F4xx_HAL_Driver/Src/stm32f4xx_hal_dma.o
LOAD ./Drivers/STM32F4xx_HAL_Driver/Src/stm32f4xx_hal_dma_ex.o
LOAD ./Drivers/STM32F4xx_HAL_Driver/Src/stm32f4xx_hal_exti.o
LOAD ./Drivers/STM32F4xx_HAL_Driver/Src/stm32f4xx_hal_flash.o
LOAD ./Drivers/STM32F4xx_HAL_Driver/Src/stm32f4xx_hal_flash_ex.o
LOAD ./Drivers/STM32F4xx_HAL_Driver/Src/stm32f4xx_hal_flash_ramfunc.o
LOAD ./Drivers/STM32F4xx_HAL_Driver/Src/stm32f4xx_hal_gpio.o
LOAD ./Drivers/STM32F4xx_HAL_Driver/Src/stm32f4xx_hal_pwr.o
LOAD ./Drivers/STM32F4xx_HAL_Driver/Src/stm32f4xx_hal_pwr_ex.o
LOAD ./Drivers/STM32F4xx_HAL_Driver/Src/stm32f4xx_hal_rcc.o
LOAD ./Drivers/STM32F4xx_HAL_Driver/Src/stm32f4xx_hal_rcc_ex.o
LOAD ./Drivers/STM32F4xx_HAL_Driver/Src/stm32f4xx_hal_tim.o
LOAD ./Drivers/STM32F4xx_HAL_Driver/Src/stm32f4xx_hal_tim_ex.o
LOAD ./Drivers/STM32F4xx_HAL_Driver/Src/stm32f4xx_hal_uart.o
LOAD ./Drivers/STM32F4xx_HAL_Driver/Src/stm32f4xx_ll_adc.o
START GROUP
LOAD D:/ST/STM32CubeIDE_1.15.0/STM32CubeIDE/plugins/com.st.stm32cube.ide.mcu.externaltools.gnu-tools-for-stm32.12.3.rel1.win32_1.0.100.202403111256/tools/bin/../lib/gcc/arm-none-eabi/12.3.1/../../../../arm-none-eabi/lib/thumb/v7e-m+fp/hard\libc_nano.a
LOAD D:/ST/STM32CubeIDE_1.15.0/STM32CubeIDE/plugins/com.st.stm32cube.ide.mcu.externaltools.gnu-tools-for-stm32.12.3.rel1.win32_1.0.100.202403111256/tools/bin/../lib/gcc/arm-none-eabi/12.3.1/../../../../arm-none-eabi/lib/thumb/v7e-m+fp/hard\libm.a
END GROUP
START GROUP
LOAD D:/ST/STM32CubeIDE_1.15.0/STM32CubeIDE/plugins/com.st.stm32cube.ide.mcu.externaltools.gnu-tools-for-stm32.12.3.rel1.win32_1.0.100.202403111256/tools/bin/../lib/gcc/arm-none-eabi/12.3.1/thumb/v7e-m+fp/hard\libgcc.a
LOAD D:/ST/STM32CubeIDE_1.15.0/STM32CubeIDE/plugins/com.st.stm32cube.ide.mcu.externaltools.gnu-tools-for-stm32.12.3.rel1.win32_1.0.100.202403111256/tools/bin/../lib/gcc/arm-none-eabi/12.3.1/../../../../arm-none-eabi/lib/thumb/v7e-m+fp/hard\libc_nano.a
END GROUP
START GROUP
LOAD D:/ST/STM32CubeIDE_1.15.0/STM32CubeIDE/plugins/com.st.stm32cube.ide.mcu.externaltools.gnu-tools-for-stm32.12.3.rel1.win32_1.0.100.202403111256/tools/bin/../lib/gcc/arm-none-eabi/12.3.1/thumb/v7e-m+fp/hard\libgcc.a
LOAD D:/ST/STM32CubeIDE_1.15.0/STM32CubeIDE/plugins/com.st.stm32cube.ide.mcu.externaltools.gnu-tools-for-stm32.12.3.rel1.win32_1.0.100.202403111256/tools/bin/../lib/gcc/arm-none-eabi/12.3.1/../../../../arm-none-eabi/lib/thumb/v7e-m+fp/hard\libc_nano.a
LOAD D:/ST/STM32CubeIDE_1.15.0/STM32CubeIDE/plugins/com.st.stm32cube.ide.mcu.externaltools.gnu-tools-for-stm32.12.3.rel1.win32_1.0.100.202403111256/tools/bin/../lib/gcc/arm-none-eabi/12.3.1/../../../../arm-none-eabi/lib/thumb/v7e-m+fp/hard\libnosys.a
END GROUP
START GROUP
LOAD D:/ST/STM32CubeIDE_1.15.0/STM32CubeIDE/plugins/com.st.stm32cube.ide.mcu.externaltools.gnu-tools-for-stm32.12.3.rel1.win32_1.0.100.202403111256/tools/bin/../lib/gcc/arm-none-eabi/12.3.1/thumb/v7e-m+fp/hard\libgcc.a
LOAD D:/ST/STM32CubeIDE_1.15.0/STM32CubeIDE/plugins/com.st.stm32cube.ide.mcu.externaltools.gnu-tools-for-stm32.12.3.rel1.win32_1.0.100.202403111256/tools/bin/../lib/gcc/arm-none-eabi/12.3.1/../../../../arm-none-eabi/lib/thumb/v7e-m+fp/hard\libc_nano.a
LOAD D:/ST/STM32CubeIDE_1.15.0/STM32CubeIDE/plugins/com.st.stm32cube.ide.mcu.externaltools.gnu-tools-for-stm32.12.3.rel1.win32_1.0.100.202403111256/tools/bin/../lib/gcc/arm-none-eabi/12.3.1/../../../../arm-none-eabi/lib/thumb/v7e-m+fp/hard\libnosys.a
END GROUP
LOAD D:/ST/STM32CubeIDE_1.15.0/STM32CubeIDE/plugins/com.st.stm32cube.ide.mcu.externaltools.gnu-tools-for-stm32.12.3.rel1.win32_1.0.100.202403111256/tools/bin/../lib/gcc/arm-none-eabi/12.3.1/thumb/v7e-m+fp/hard/crtend.o
LOAD D:/ST/STM32CubeIDE_1.15.0/STM32CubeIDE/plugins/com.st.stm32cube.ide.mcu.externaltools.gnu-tools-for-stm32.12.3.rel1.win32_1.0.100.202403111256/tools/bin/../lib/gcc/arm-none-eabi/12.3.1/thumb/v7e-m+fp/hard/crtn.o
                0x20018000                        _estack = (ORIGIN (RAM) + LENGTH (RAM))
                0x00000200                        _Min_Heap_Size = 0x200
                0x00000400                        _Min_Stack_Size = 0x400

.isr_vector     0x08000000      0x194
                0x08000000                        . = ALIGN (0x4)
 *(.isr_vector)
 .isr_vector    0x08000000      0x194 ./Core/Startup/startup_stm32f401retx.o
                0x08000000                g_pfnVectors
                0x08000194                        . = ALIGN (0x4)

.text           0x08000194     0x5cf0
                0x08000194                        . = ALIGN (0x4)
 *(.text)
 .text          0x08000194       0x40 D:/ST/STM32CubeIDE_1.15.0/STM32CubeIDE/plugins/com.st.stm32cube.ide.mcu.externaltools.gnu-tools-for-stm32.12.3.rel1.win32_1.0.100.202403111256/tools/bin/../lib/gcc/arm-none-eabi/12.3.1/thumb/v7e-m+fp/hard/crtbegin.o
 .text          0x080001d4      0x378 D:/ST/STM32CubeIDE_1.15.0/STM32CubeIDE/plugins/com.st.stm32cube.ide.mcu.externaltools.gnu-tools-for-stm32.12.3.rel1.win32_1.0.100.202403111256/tools/bin/../lib/gcc/arm-none-eabi/12.3.1/thumb/v7e-m+fp/hard\libgcc.a(_arm_addsubdf3.o)
                0x080001d4                __aeabi_drsub
                0x080001dc                __aeabi_dsub
                0x080001dc                __subdf3
                0x080001e0                __aeabi_dadd
                0x080001e0                __adddf3
                0x08000458                __floatunsidf
                0x08000458                __aeabi_ui2d
                0x08000478                __floatsidf
                0x08000478                __aeabi_i2d
                0x0800049c                __aeabi_f2d
                0x0800049c                __extendsfdf2
                0x080004e0                __floatundidf
                0x080004e0                __aeabi_ul2d
                0x080004f0                __floatdidf
                0x080004f0                __aeabi_l2d
 .text          0x0800054c      0x110 D:/ST/STM32CubeIDE_1.15.0/STM32CubeIDE/plugins/com.st.stm32cube.ide.mcu.externaltools.gnu-tools-for-stm32.12.3.rel1.win32_1.0.100.202403111256/tools/bin/../lib/gcc/arm-none-eabi/12.3.1/thumb/v7e-m+fp/hard\libgcc.a(_arm_cmpdf2.o)
                0x0800054c                __gtdf2
                0x0800054c                __gedf2
                0x08000554                __ltdf2
                0x08000554                __ledf2
                0x0800055c                __nedf2
                0x0800055c                __eqdf2
                0x0800055c                __cmpdf2
                0x080005d8                __aeabi_cdrcmple
                0x080005e8                __aeabi_cdcmpeq
                0x080005e8                __aeabi_cdcmple
                0x080005f8                __aeabi_dcmpeq
                0x0800060c                __aeabi_dcmplt
                0x08000620                __aeabi_dcmple
                0x08000634                __aeabi_dcmpge
                0x08000648                __aeabi_dcmpgt
 .text          0x0800065c       0xa0 D:/ST/STM32CubeIDE_1.15.0/STM32CubeIDE/plugins/com.st.stm32cube.ide.mcu.externaltools.gnu-tools-for-stm32.12.3.rel1.win32_1.0.100.202403111256/tools/bin/../lib/gcc/arm-none-eabi/12.3.1/thumb/v7e-m+fp/hard\libgcc.a(_arm_truncdfsf2.o)
                0x0800065c                __truncdfsf2
                0x0800065c                __aeabi_d2f
 .text          0x080006fc       0x30 D:/ST/STM32CubeIDE_1.15.0/STM32CubeIDE/plugins/com.st.stm32cube.ide.mcu.externaltools.gnu-tools-for-stm32.12.3.rel1.win32_1.0.100.202403111256/tools/bin/../lib/gcc/arm-none-eabi/12.3.1/thumb/v7e-m+fp/hard\libgcc.a(_aeabi_uldivmod.o)
                0x080006fc                __aeabi_uldivmod
 .text          0x0800072c      0x2bc D:/ST/STM32CubeIDE_1.15.0/STM32CubeIDE/plugins/com.st.stm32cube.ide.mcu.externaltools.gnu-tools-for-stm32.12.3.rel1.win32_1.0.100.202403111256/tools/bin/../lib/gcc/arm-none-eabi/12.3.1/thumb/v7e-m+fp/hard\libgcc.a(_udivmoddi4.o)
                0x0800072c                __udivmoddi4
 .text          0x080009e8        0x4 D:/ST/STM32CubeIDE_1.15.0/STM32CubeIDE/plugins/com.st.stm32cube.ide.mcu.externaltools.gnu-tools-for-stm32.12.3.rel1.win32_1.0.100.202403111256/tools/bin/../lib/gcc/arm-none-eabi/12.3.1/thumb/v7e-m+fp/hard\libgcc.a(_dvmd_tls.o)
                0x080009e8                __aeabi_idiv0
                0x080009e8                __aeabi_ldiv0
 *(.text*)
 .text.HAL_UART_RxCpltCallback
                0x080009ec       0x2c ./Core/Src/BLE.o
                0x080009ec                HAL_UART_RxCpltCallback
 .text.resetFilter
                0x08000a18       0x64 ./Core/Src/Encoder.o
                0x08000a18                resetFilter
 .text.computeFilter
                0x08000a7c       0x82 ./Core/Src/Encoder.o
                0x08000a7c                computeFilter
 *fill*         0x08000afe        0x2 
 .text.resetEncoder
                0x08000b00       0x3c ./Core/Src/Encoder.o
                0x08000b00                resetEncoder
 .text.updateEncoder
                0x08000b3c       0x98 ./Core/Src/Encoder.o
                0x08000b3c                updateEncoder
 .text.MOTORS_Reset
                0x08000bd4       0x48 ./Core/Src/Motors.o
                0x08000bd4                MOTORS_Reset
 .text.MOTOR_LEFT_SetPWM
                0x08000c1c       0x84 ./Core/Src/Motors.o
                0x08000c1c                MOTOR_LEFT_SetPWM
 .text.MOTOR_RIGHT_SetPWM
                0x08000ca0       0x88 ./Core/Src/Motors.o
                0x08000ca0                MOTOR_RIGHT_SetPWM
 .text.MOTORS_Disable
                0x08000d28       0x18 ./Core/Src/Motors.o
                0x08000d28                MOTORS_Disable
 .text.PIDController_Init
                0x08000d40       0x64 ./Core/Src/PID.o
                0x08000d40                PIDController_Init
 .text.PIDController_SetGain
                0x08000da4       0x46 ./Core/Src/PID.o
                0x08000da4                PIDController_SetGain
 .text.PIDController_SetLimits
                0x08000dea       0x3e ./Core/Src/PID.o
                0x08000dea                PIDController_SetLimits
 .text.PIDController_Update
                0x08000e28      0x15e ./Core/Src/PID.o
                0x08000e28                PIDController_Update
 *fill*         0x08000f86        0x2 
 .text.StateMachine
                0x08000f88       0xac ./Core/Src/StateMachine.o
                0x08000f88                StateMachine
 .text.State_Enter_RESET
                0x08001034       0x7c ./Core/Src/StateMachine.o
                0x08001034                State_Enter_RESET
 .text.State_Enter_IDLE
                0x080010b0       0x18 ./Core/Src/StateMachine.o
                0x080010b0                State_Enter_IDLE
 .text.State_Enter_TUNE
                0x080010c8       0x28 ./Core/Src/StateMachine.o
                0x080010c8                State_Enter_TUNE
 .text.State_Enter_CONSTANT_SPEED
                0x080010f0       0x18 ./Core/Src/StateMachine.o
                0x080010f0                State_Enter_CONSTANT_SPEED
 .text.State_InState_RESET
                0x08001108        0xe ./Core/Src/StateMachine.o
                0x08001108                State_InState_RESET
 .text.State_InState_IDLE
                0x08001116        0xe ./Core/Src/StateMachine.o
                0x08001116                State_InState_IDLE
 .text.State_InState_TUNE
                0x08001124       0xb0 ./Core/Src/StateMachine.o
                0x08001124                State_InState_TUNE
 .text.State_InState_CONSTANT_SPEED
                0x080011d4        0xe ./Core/Src/StateMachine.o
                0x080011d4                State_InState_CONSTANT_SPEED
 .text.State_Exit_RESET
                0x080011e2        0xe ./Core/Src/StateMachine.o
                0x080011e2                State_Exit_RESET
 .text.State_Exit_IDLE
                0x080011f0        0xc ./Core/Src/StateMachine.o
                0x080011f0                State_Exit_IDLE
 .text.State_Exit_TUNE
                0x080011fc       0x18 ./Core/Src/StateMachine.o
                0x080011fc                State_Exit_TUNE
 .text.State_Exit_CONSTANT_SPEED
                0x08001214        0xe ./Core/Src/StateMachine.o
                0x08001214                State_Exit_CONSTANT_SPEED
 *fill*         0x08001222        0x2 
 .text.HAL_GPIO_EXTI_Callback
                0x08001224       0x28 ./Core/Src/StateMachine.o
                0x08001224                HAL_GPIO_EXTI_Callback
 .text.HAL_TIM_PeriodElapsedCallback
                0x0800124c       0x60 ./Core/Src/StateMachine.o
                0x0800124c                HAL_TIM_PeriodElapsedCallback
 .text.MX_ADC1_Init
                0x080012ac      0x114 ./Core/Src/adc.o
                0x080012ac                MX_ADC1_Init
 .text.HAL_ADC_MspInit
                0x080013c0       0xf0 ./Core/Src/adc.o
                0x080013c0                HAL_ADC_MspInit
 .text.MX_DMA_Init
                0x080014b0       0x40 ./Core/Src/dma.o
                0x080014b0                MX_DMA_Init
 .text.MX_GPIO_Init
                0x080014f0      0x15c ./Core/Src/gpio.o
                0x080014f0                MX_GPIO_Init
 .text.main     0x0800164c       0x42 ./Core/Src/main.o
                0x0800164c                main
 *fill*         0x0800168e        0x2 
 .text.SystemClock_Config
                0x08001690       0xd8 ./Core/Src/main.o
                0x08001690                SystemClock_Config
 .text.Error_Handler
                0x08001768        0xc ./Core/Src/main.o
                0x08001768                Error_Handler
 .text.HAL_MspInit
                0x08001774       0x50 ./Core/Src/stm32f4xx_hal_msp.o
                0x08001774                HAL_MspInit
 .text.NMI_Handler
                0x080017c4        0x8 ./Core/Src/stm32f4xx_it.o
                0x080017c4                NMI_Handler
 .text.HardFault_Handler
                0x080017cc        0x8 ./Core/Src/stm32f4xx_it.o
                0x080017cc                HardFault_Handler
 .text.MemManage_Handler
                0x080017d4        0x8 ./Core/Src/stm32f4xx_it.o
                0x080017d4                MemManage_Handler
 .text.BusFault_Handler
                0x080017dc        0x8 ./Core/Src/stm32f4xx_it.o
                0x080017dc                BusFault_Handler
 .text.UsageFault_Handler
                0x080017e4        0x8 ./Core/Src/stm32f4xx_it.o
                0x080017e4                UsageFault_Handler
 .text.SVC_Handler
                0x080017ec        0xe ./Core/Src/stm32f4xx_it.o
                0x080017ec                SVC_Handler
 .text.DebugMon_Handler
                0x080017fa        0xe ./Core/Src/stm32f4xx_it.o
                0x080017fa                DebugMon_Handler
 .text.PendSV_Handler
                0x08001808        0xe ./Core/Src/stm32f4xx_it.o
                0x08001808                PendSV_Handler
 .text.SysTick_Handler
                0x08001816        0xc ./Core/Src/stm32f4xx_it.o
                0x08001816                SysTick_Handler
 *fill*         0x08001822        0x2 
 .text.TIM2_IRQHandler
                0x08001824       0x14 ./Core/Src/stm32f4xx_it.o
                0x08001824                TIM2_IRQHandler
 .text.TIM3_IRQHandler
                0x08001838       0x14 ./Core/Src/stm32f4xx_it.o
                0x08001838                TIM3_IRQHandler
 .text.USART2_IRQHandler
                0x0800184c       0x14 ./Core/Src/stm32f4xx_it.o
                0x0800184c                USART2_IRQHandler
 .text.EXTI15_10_IRQHandler
                0x08001860       0x10 ./Core/Src/stm32f4xx_it.o
                0x08001860                EXTI15_10_IRQHandler
 .text.TIM5_IRQHandler
                0x08001870       0x14 ./Core/Src/stm32f4xx_it.o
                0x08001870                TIM5_IRQHandler
 .text.DMA2_Stream0_IRQHandler
                0x08001884       0x14 ./Core/Src/stm32f4xx_it.o
                0x08001884                DMA2_Stream0_IRQHandler
 .text.SystemInit
                0x08001898       0x24 ./Core/Src/system_stm32f4xx.o
                0x08001898                SystemInit
 .text.MX_TIM1_Init
                0x080018bc      0x134 ./Core/Src/tim.o
                0x080018bc                MX_TIM1_Init
 .text.MX_TIM2_Init
                0x080019f0       0xb0 ./Core/Src/tim.o
                0x080019f0                MX_TIM2_Init
 .text.MX_TIM3_Init
                0x08001aa0       0xa0 ./Core/Src/tim.o
                0x08001aa0                MX_TIM3_Init
 .text.MX_TIM5_Init
                0x08001b40       0xb0 ./Core/Src/tim.o
                0x08001b40                MX_TIM5_Init
 .text.HAL_TIM_PWM_MspInit
                0x08001bf0       0x44 ./Core/Src/tim.o
                0x08001bf0                HAL_TIM_PWM_MspInit
 .text.HAL_TIM_Encoder_MspInit
                0x08001c34      0x154 ./Core/Src/tim.o
                0x08001c34                HAL_TIM_Encoder_MspInit
 .text.HAL_TIM_Base_MspInit
                0x08001d88       0x50 ./Core/Src/tim.o
                0x08001d88                HAL_TIM_Base_MspInit
 .text.HAL_TIM_MspPostInit
                0x08001dd8       0x74 ./Core/Src/tim.o
                0x08001dd8                HAL_TIM_MspPostInit
 .text.MX_USART2_UART_Init
                0x08001e4c       0x60 ./Core/Src/usart.o
                0x08001e4c                MX_USART2_UART_Init
 .text.HAL_UART_MspInit
                0x08001eac       0xa0 ./Core/Src/usart.o
                0x08001eac                HAL_UART_MspInit
 .text.Reset_Handler
                0x08001f4c       0x50 ./Core/Startup/startup_stm32f401retx.o
                0x08001f4c                Reset_Handler
 .text.Default_Handler
                0x08001f9c        0x2 ./Core/Startup/startup_stm32f401retx.o
                0x08001f9c                RTC_Alarm_IRQHandler
                0x08001f9c                EXTI2_IRQHandler
                0x08001f9c                SPI4_IRQHandler
                0x08001f9c                TIM1_CC_IRQHandler
                0x08001f9c                DMA2_Stream5_IRQHandler
                0x08001f9c                DMA1_Stream5_IRQHandler
                0x08001f9c                PVD_IRQHandler
                0x08001f9c                SDIO_IRQHandler
                0x08001f9c                TAMP_STAMP_IRQHandler
                0x08001f9c                EXTI3_IRQHandler
                0x08001f9c                TIM1_UP_TIM10_IRQHandler
                0x08001f9c                I2C3_ER_IRQHandler
                0x08001f9c                EXTI0_IRQHandler
                0x08001f9c                I2C2_EV_IRQHandler
                0x08001f9c                DMA1_Stream2_IRQHandler
                0x08001f9c                FPU_IRQHandler
                0x08001f9c                DMA2_Stream2_IRQHandler
                0x08001f9c                SPI1_IRQHandler
                0x08001f9c                TIM1_BRK_TIM9_IRQHandler
                0x08001f9c                DMA2_Stream3_IRQHandler
                0x08001f9c                USART6_IRQHandler
                0x08001f9c                TIM4_IRQHandler
                0x08001f9c                I2C1_EV_IRQHandler
                0x08001f9c                DMA1_Stream6_IRQHandler
                0x08001f9c                DMA1_Stream1_IRQHandler
                0x08001f9c                RCC_IRQHandler
                0x08001f9c                Default_Handler
                0x08001f9c                ADC_IRQHandler
                0x08001f9c                DMA1_Stream7_IRQHandler
                0x08001f9c                DMA2_Stream7_IRQHandler
                0x08001f9c                I2C3_EV_IRQHandler
                0x08001f9c                EXTI9_5_IRQHandler
                0x08001f9c                RTC_WKUP_IRQHandler
                0x08001f9c                SPI2_IRQHandler
                0x08001f9c                DMA1_Stream0_IRQHandler
                0x08001f9c                EXTI4_IRQHandler
                0x08001f9c                WWDG_IRQHandler
                0x08001f9c                OTG_FS_WKUP_IRQHandler
                0x08001f9c                TIM1_TRG_COM_TIM11_IRQHandler
                0x08001f9c                EXTI1_IRQHandler
                0x08001f9c                I2C2_ER_IRQHandler
                0x08001f9c                DMA2_Stream1_IRQHandler
                0x08001f9c                FLASH_IRQHandler
                0x08001f9c                DMA2_Stream4_IRQHandler
                0x08001f9c                USART1_IRQHandler
                0x08001f9c                OTG_FS_IRQHandler
                0x08001f9c                SPI3_IRQHandler
                0x08001f9c                DMA1_Stream4_IRQHandler
                0x08001f9c                I2C1_ER_IRQHandler
                0x08001f9c                DMA2_Stream6_IRQHandler
                0x08001f9c                DMA1_Stream3_IRQHandler
 *fill*         0x08001f9e        0x2 
 .text.HAL_Init
                0x08001fa0       0x44 ./Drivers/STM32F4xx_HAL_Driver/Src/stm32f4xx_hal.o
                0x08001fa0                HAL_Init
 .text.HAL_InitTick
                0x08001fe4       0x60 ./Drivers/STM32F4xx_HAL_Driver/Src/stm32f4xx_hal.o
                0x08001fe4                HAL_InitTick
 .text.HAL_IncTick
                0x08002044       0x28 ./Drivers/STM32F4xx_HAL_Driver/Src/stm32f4xx_hal.o
                0x08002044                HAL_IncTick
 .text.HAL_GetTick
                0x0800206c       0x18 ./Drivers/STM32F4xx_HAL_Driver/Src/stm32f4xx_hal.o
                0x0800206c                HAL_GetTick
 .text.HAL_Delay
                0x08002084       0x48 ./Drivers/STM32F4xx_HAL_Driver/Src/stm32f4xx_hal.o
                0x08002084                HAL_Delay
 .text.HAL_ADC_Init
                0x080020cc       0x86 ./Drivers/STM32F4xx_HAL_Driver/Src/stm32f4xx_hal_adc.o
                0x080020cc                HAL_ADC_Init
 *fill*         0x08002152        0x2 
 .text.HAL_ADC_ConfigChannel
                0x08002154      0x244 ./Drivers/STM32F4xx_HAL_Driver/Src/stm32f4xx_hal_adc.o
                0x08002154                HAL_ADC_ConfigChannel
 .text.ADC_Init
                0x08002398      0x1f8 ./Drivers/STM32F4xx_HAL_Driver/Src/stm32f4xx_hal_adc.o
 .text.__NVIC_SetPriorityGrouping
                0x08002590       0x48 ./Drivers/STM32F4xx_HAL_Driver/Src/stm32f4xx_hal_cortex.o
 .text.__NVIC_GetPriorityGrouping
                0x080025d8       0x1c ./Drivers/STM32F4xx_HAL_Driver/Src/stm32f4xx_hal_cortex.o
 .text.__NVIC_EnableIRQ
                0x080025f4       0x3c ./Drivers/STM32F4xx_HAL_Driver/Src/stm32f4xx_hal_cortex.o
 .text.__NVIC_SetPriority
                0x08002630       0x54 ./Drivers/STM32F4xx_HAL_Driver/Src/stm32f4xx_hal_cortex.o
 .text.NVIC_EncodePriority
                0x08002684       0x66 ./Drivers/STM32F4xx_HAL_Driver/Src/stm32f4xx_hal_cortex.o
 *fill*         0x080026ea        0x2 
 .text.SysTick_Config
                0x080026ec       0x44 ./Drivers/STM32F4xx_HAL_Driver/Src/stm32f4xx_hal_cortex.o
 .text.HAL_NVIC_SetPriorityGrouping
                0x08002730       0x16 ./Drivers/STM32F4xx_HAL_Driver/Src/stm32f4xx_hal_cortex.o
                0x08002730                HAL_NVIC_SetPriorityGrouping
 .text.HAL_NVIC_SetPriority
                0x08002746       0x38 ./Drivers/STM32F4xx_HAL_Driver/Src/stm32f4xx_hal_cortex.o
                0x08002746                HAL_NVIC_SetPriority
 .text.HAL_NVIC_EnableIRQ
                0x0800277e       0x1c ./Drivers/STM32F4xx_HAL_Driver/Src/stm32f4xx_hal_cortex.o
                0x0800277e                HAL_NVIC_EnableIRQ
 .text.HAL_SYSTICK_Config
                0x0800279a       0x18 ./Drivers/STM32F4xx_HAL_Driver/Src/stm32f4xx_hal_cortex.o
                0x0800279a                HAL_SYSTICK_Config
 *fill*         0x080027b2        0x2 
 .text.HAL_DMA_Init
                0x080027b4      0x15c ./Drivers/STM32F4xx_HAL_Driver/Src/stm32f4xx_hal_dma.o
                0x080027b4                HAL_DMA_Init
 .text.HAL_DMA_Abort
                0x08002910       0xe0 ./Drivers/STM32F4xx_HAL_Driver/Src/stm32f4xx_hal_dma.o
                0x08002910                HAL_DMA_Abort
 .text.HAL_DMA_Abort_IT
                0x080029f0       0x44 ./Drivers/STM32F4xx_HAL_Driver/Src/stm32f4xx_hal_dma.o
                0x080029f0                HAL_DMA_Abort_IT
 .text.HAL_DMA_IRQHandler
                0x08002a34      0x314 ./Drivers/STM32F4xx_HAL_Driver/Src/stm32f4xx_hal_dma.o
                0x08002a34                HAL_DMA_IRQHandler
 .text.DMA_CalcBaseAndBitshift
                0x08002d48       0x6c ./Drivers/STM32F4xx_HAL_Driver/Src/stm32f4xx_hal_dma.o
 .text.DMA_CheckFifoParam
                0x08002db4       0xf8 ./Drivers/STM32F4xx_HAL_Driver/Src/stm32f4xx_hal_dma.o
 .text.HAL_GPIO_Init
                0x08002eac      0x308 ./Drivers/STM32F4xx_HAL_Driver/Src/stm32f4xx_hal_gpio.o
                0x08002eac                HAL_GPIO_Init
 .text.HAL_GPIO_WritePin
                0x080031b4       0x32 ./Drivers/STM32F4xx_HAL_Driver/Src/stm32f4xx_hal_gpio.o
                0x080031b4                HAL_GPIO_WritePin
 *fill*         0x080031e6        0x2 
 .text.HAL_GPIO_EXTI_IRQHandler
                0x080031e8       0x30 ./Drivers/STM32F4xx_HAL_Driver/Src/stm32f4xx_hal_gpio.o
                0x080031e8                HAL_GPIO_EXTI_IRQHandler
 .text.HAL_RCC_OscConfig
                0x08003218      0x4f0 ./Drivers/STM32F4xx_HAL_Driver/Src/stm32f4xx_hal_rcc.o
                0x08003218                HAL_RCC_OscConfig
 .text.HAL_RCC_ClockConfig
                0x08003708      0x1cc ./Drivers/STM32F4xx_HAL_Driver/Src/stm32f4xx_hal_rcc.o
                0x08003708                HAL_RCC_ClockConfig
 .text.HAL_RCC_GetSysClockFreq
                0x080038d4      0x20c ./Drivers/STM32F4xx_HAL_Driver/Src/stm32f4xx_hal_rcc.o
                0x080038d4                HAL_RCC_GetSysClockFreq
 .text.HAL_RCC_GetHCLKFreq
                0x08003ae0       0x18 ./Drivers/STM32F4xx_HAL_Driver/Src/stm32f4xx_hal_rcc.o
                0x08003ae0                HAL_RCC_GetHCLKFreq
 .text.HAL_RCC_GetPCLK1Freq
                0x08003af8       0x28 ./Drivers/STM32F4xx_HAL_Driver/Src/stm32f4xx_hal_rcc.o
                0x08003af8                HAL_RCC_GetPCLK1Freq
 .text.HAL_RCC_GetPCLK2Freq
                0x08003b20       0x28 ./Drivers/STM32F4xx_HAL_Driver/Src/stm32f4xx_hal_rcc.o
                0x08003b20                HAL_RCC_GetPCLK2Freq
 .text.HAL_TIM_Base_Init
                0x08003b48       0x9e ./Drivers/STM32F4xx_HAL_Driver/Src/stm32f4xx_hal_tim.o
                0x08003b48                HAL_TIM_Base_Init
 *fill*         0x08003be6        0x2 
 .text.HAL_TIM_Base_Start
                0x08003be8       0xb4 ./Drivers/STM32F4xx_HAL_Driver/Src/stm32f4xx_hal_tim.o
                0x08003be8                HAL_TIM_Base_Start
 .text.HAL_TIM_Base_Start_IT
                0x08003c9c       0xc4 ./Drivers/STM32F4xx_HAL_Driver/Src/stm32f4xx_hal_tim.o
                0x08003c9c                HAL_TIM_Base_Start_IT
 .text.HAL_TIM_Base_Stop_IT
                0x08003d60       0x5e ./Drivers/STM32F4xx_HAL_Driver/Src/stm32f4xx_hal_tim.o
                0x08003d60                HAL_TIM_Base_Stop_IT
 .text.HAL_TIM_PWM_Init
                0x08003dbe       0x9e ./Drivers/STM32F4xx_HAL_Driver/Src/stm32f4xx_hal_tim.o
                0x08003dbe                HAL_TIM_PWM_Init
 .text.HAL_TIM_PWM_Start
                0x08003e5c      0x160 ./Drivers/STM32F4xx_HAL_Driver/Src/stm32f4xx_hal_tim.o
                0x08003e5c                HAL_TIM_PWM_Start
 .text.HAL_TIM_Encoder_Init
                0x08003fbc      0x14c ./Drivers/STM32F4xx_HAL_Driver/Src/stm32f4xx_hal_tim.o
                0x08003fbc                HAL_TIM_Encoder_Init
 .text.HAL_TIM_Encoder_Start
                0x08004108      0x11c ./Drivers/STM32F4xx_HAL_Driver/Src/stm32f4xx_hal_tim.o
                0x08004108                HAL_TIM_Encoder_Start
 .text.HAL_TIM_IRQHandler
                0x08004224      0x1e0 ./Drivers/STM32F4xx_HAL_Driver/Src/stm32f4xx_hal_tim.o
                0x08004224                HAL_TIM_IRQHandler
 .text.HAL_TIM_PWM_ConfigChannel
                0x08004404      0x184 ./Drivers/STM32F4xx_HAL_Driver/Src/stm32f4xx_hal_tim.o
                0x08004404                HAL_TIM_PWM_ConfigChannel
 .text.HAL_TIM_ConfigClockSource
                0x08004588      0x18e ./Drivers/STM32F4xx_HAL_Driver/Src/stm32f4xx_hal_tim.o
                0x08004588                HAL_TIM_ConfigClockSource
 .text.HAL_TIM_OC_DelayElapsedCallback
                0x08004716       0x14 ./Drivers/STM32F4xx_HAL_Driver/Src/stm32f4xx_hal_tim.o
                0x08004716                HAL_TIM_OC_DelayElapsedCallback
 .text.HAL_TIM_IC_CaptureCallback
                0x0800472a       0x14 ./Drivers/STM32F4xx_HAL_Driver/Src/stm32f4xx_hal_tim.o
                0x0800472a                HAL_TIM_IC_CaptureCallback
 .text.HAL_TIM_PWM_PulseFinishedCallback
                0x0800473e       0x14 ./Drivers/STM32F4xx_HAL_Driver/Src/stm32f4xx_hal_tim.o
                0x0800473e                HAL_TIM_PWM_PulseFinishedCallback
 .text.HAL_TIM_TriggerCallback
                0x08004752       0x14 ./Drivers/STM32F4xx_HAL_Driver/Src/stm32f4xx_hal_tim.o
                0x08004752                HAL_TIM_TriggerCallback
 *fill*         0x08004766        0x2 
 .text.TIM_Base_SetConfig
                0x08004768      0x118 ./Drivers/STM32F4xx_HAL_Driver/Src/stm32f4xx_hal_tim.o
                0x08004768                TIM_Base_SetConfig
 .text.TIM_OC1_SetConfig
                0x08004880       0xcc ./Drivers/STM32F4xx_HAL_Driver/Src/stm32f4xx_hal_tim.o
 .text.TIM_OC2_SetConfig
                0x0800494c       0xd8 ./Drivers/STM32F4xx_HAL_Driver/Src/stm32f4xx_hal_tim.o
                0x0800494c                TIM_OC2_SetConfig
 .text.TIM_OC3_SetConfig
                0x08004a24       0xd4 ./Drivers/STM32F4xx_HAL_Driver/Src/stm32f4xx_hal_tim.o
 .text.TIM_OC4_SetConfig
                0x08004af8       0xa0 ./Drivers/STM32F4xx_HAL_Driver/Src/stm32f4xx_hal_tim.o
 .text.TIM_TI1_ConfigInputStage
                0x08004b98       0x5e ./Drivers/STM32F4xx_HAL_Driver/Src/stm32f4xx_hal_tim.o
 .text.TIM_TI2_ConfigInputStage
                0x08004bf6       0x60 ./Drivers/STM32F4xx_HAL_Driver/Src/stm32f4xx_hal_tim.o
 .text.TIM_ITRx_SetConfig
                0x08004c56       0x36 ./Drivers/STM32F4xx_HAL_Driver/Src/stm32f4xx_hal_tim.o
 .text.TIM_ETR_SetConfig
                0x08004c8c       0x40 ./Drivers/STM32F4xx_HAL_Driver/Src/stm32f4xx_hal_tim.o
                0x08004c8c                TIM_ETR_SetConfig
 .text.TIM_CCxChannelCmd
                0x08004ccc       0x4a ./Drivers/STM32F4xx_HAL_Driver/Src/stm32f4xx_hal_tim.o
                0x08004ccc                TIM_CCxChannelCmd
 *fill*         0x08004d16        0x2 
 .text.HAL_TIMEx_MasterConfigSynchronization
                0x08004d18       0xdc ./Drivers/STM32F4xx_HAL_Driver/Src/stm32f4xx_hal_tim_ex.o
                0x08004d18                HAL_TIMEx_MasterConfigSynchronization
 .text.HAL_TIMEx_ConfigBreakDeadTime
                0x08004df4       0xa4 ./Drivers/STM32F4xx_HAL_Driver/Src/stm32f4xx_hal_tim_ex.o
                0x08004df4                HAL_TIMEx_ConfigBreakDeadTime
 .text.HAL_TIMEx_CommutCallback
                0x08004e98       0x14 ./Drivers/STM32F4xx_HAL_Driver/Src/stm32f4xx_hal_tim_ex.o
                0x08004e98                HAL_TIMEx_CommutCallback
 .text.HAL_TIMEx_BreakCallback
                0x08004eac       0x14 ./Drivers/STM32F4xx_HAL_Driver/Src/stm32f4xx_hal_tim_ex.o
                0x08004eac                HAL_TIMEx_BreakCallback
 .text.HAL_UART_Init
                0x08004ec0       0xa0 ./Drivers/STM32F4xx_HAL_Driver/Src/stm32f4xx_hal_uart.o
                0x08004ec0                HAL_UART_Init
 .text.HAL_UART_Transmit_IT
                0x08004f60       0x6c ./Drivers/STM32F4xx_HAL_Driver/Src/stm32f4xx_hal_uart.o
                0x08004f60                HAL_UART_Transmit_IT
 .text.HAL_UART_Receive_IT
                0x08004fcc       0x4a ./Drivers/STM32F4xx_HAL_Driver/Src/stm32f4xx_hal_uart.o
                0x08004fcc                HAL_UART_Receive_IT
 *fill*         0x08005016        0x2 
 .text.HAL_UART_IRQHandler
                0x08005018      0x524 ./Drivers/STM32F4xx_HAL_Driver/Src/stm32f4xx_hal_uart.o
                0x08005018                HAL_UART_IRQHandler
 .text.HAL_UART_TxCpltCallback
                0x0800553c       0x14 ./Drivers/STM32F4xx_HAL_Driver/Src/stm32f4xx_hal_uart.o
                0x0800553c                HAL_UART_TxCpltCallback
 .text.HAL_UART_ErrorCallback
                0x08005550       0x14 ./Drivers/STM32F4xx_HAL_Driver/Src/stm32f4xx_hal_uart.o
                0x08005550                HAL_UART_ErrorCallback
 .text.HAL_UARTEx_RxEventCallback
                0x08005564       0x18 ./Drivers/STM32F4xx_HAL_Driver/Src/stm32f4xx_hal_uart.o
                0x08005564                HAL_UARTEx_RxEventCallback
 .text.UART_Start_Receive_IT
                0x0800557c       0x74 ./Drivers/STM32F4xx_HAL_Driver/Src/stm32f4xx_hal_uart.o
                0x0800557c                UART_Start_Receive_IT
 .text.UART_EndRxTransfer
                0x080055f0       0xc6 ./Drivers/STM32F4xx_HAL_Driver/Src/stm32f4xx_hal_uart.o
 .text.UART_DMAAbortOnError
                0x080056b6       0x28 ./Drivers/STM32F4xx_HAL_Driver/Src/stm32f4xx_hal_uart.o
 .text.UART_Transmit_IT
                0x080056de       0xa0 ./Drivers/STM32F4xx_HAL_Driver/Src/stm32f4xx_hal_uart.o
 .text.UART_EndTransmit_IT
                0x0800577e       0x30 ./Drivers/STM32F4xx_HAL_Driver/Src/stm32f4xx_hal_uart.o
 .text.UART_Receive_IT
                0x080057ae      0x17c ./Drivers/STM32F4xx_HAL_Driver/Src/stm32f4xx_hal_uart.o
 *fill*         0x0800592a        0x2 
 .text.UART_SetConfig
                0x0800592c      0x4e8 ./Drivers/STM32F4xx_HAL_Driver/Src/stm32f4xx_hal_uart.o
 .text.memset   0x08005e14       0x10 D:/ST/STM32CubeIDE_1.15.0/STM32CubeIDE/plugins/com.st.stm32cube.ide.mcu.externaltools.gnu-tools-for-stm32.12.3.rel1.win32_1.0.100.202403111256/tools/bin/../lib/gcc/arm-none-eabi/12.3.1/../../../../arm-none-eabi/lib/thumb/v7e-m+fp/hard\libc_nano.a(libc_a-memset.o)
                0x08005e14                memset
 .text.__libc_init_array
                0x08005e24       0x48 D:/ST/STM32CubeIDE_1.15.0/STM32CubeIDE/plugins/com.st.stm32cube.ide.mcu.externaltools.gnu-tools-for-stm32.12.3.rel1.win32_1.0.100.202403111256/tools/bin/../lib/gcc/arm-none-eabi/12.3.1/../../../../arm-none-eabi/lib/thumb/v7e-m+fp/hard\libc_nano.a(libc_a-init.o)
                0x08005e24                __libc_init_array
 *(.glue_7)
 .glue_7        0x08005e6c        0x0 linker stubs
 *(.glue_7t)
 .glue_7t       0x08005e6c        0x0 linker stubs
 *(.eh_frame)
 .eh_frame      0x08005e6c        0x0 D:/ST/STM32CubeIDE_1.15.0/STM32CubeIDE/plugins/com.st.stm32cube.ide.mcu.externaltools.gnu-tools-for-stm32.12.3.rel1.win32_1.0.100.202403111256/tools/bin/../lib/gcc/arm-none-eabi/12.3.1/thumb/v7e-m+fp/hard/crtbegin.o
 *(.init)
 .init          0x08005e6c        0x4 D:/ST/STM32CubeIDE_1.15.0/STM32CubeIDE/plugins/com.st.stm32cube.ide.mcu.externaltools.gnu-tools-for-stm32.12.3.rel1.win32_1.0.100.202403111256/tools/bin/../lib/gcc/arm-none-eabi/12.3.1/thumb/v7e-m+fp/hard/crti.o
                0x08005e6c                _init
 .init          0x08005e70        0x8 D:/ST/STM32CubeIDE_1.15.0/STM32CubeIDE/plugins/com.st.stm32cube.ide.mcu.externaltools.gnu-tools-for-stm32.12.3.rel1.win32_1.0.100.202403111256/tools/bin/../lib/gcc/arm-none-eabi/12.3.1/thumb/v7e-m+fp/hard/crtn.o
 *(.fini)
 .fini          0x08005e78        0x4 D:/ST/STM32CubeIDE_1.15.0/STM32CubeIDE/plugins/com.st.stm32cube.ide.mcu.externaltools.gnu-tools-for-stm32.12.3.rel1.win32_1.0.100.202403111256/tools/bin/../lib/gcc/arm-none-eabi/12.3.1/thumb/v7e-m+fp/hard/crti.o
                0x08005e78                _fini
 .fini          0x08005e7c        0x8 D:/ST/STM32CubeIDE_1.15.0/STM32CubeIDE/plugins/com.st.stm32cube.ide.mcu.externaltools.gnu-tools-for-stm32.12.3.rel1.win32_1.0.100.202403111256/tools/bin/../lib/gcc/arm-none-eabi/12.3.1/thumb/v7e-m+fp/hard/crtn.o
                0x08005e84                        . = ALIGN (0x4)
                0x08005e84                        _etext = .

.vfp11_veneer   0x08005e84        0x0
 .vfp11_veneer  0x08005e84        0x0 linker stubs

.v4_bx          0x08005e84        0x0
 .v4_bx         0x08005e84        0x0 linker stubs

.iplt           0x08005e84        0x0
 .iplt          0x08005e84        0x0 D:/ST/STM32CubeIDE_1.15.0/STM32CubeIDE/plugins/com.st.stm32cube.ide.mcu.externaltools.gnu-tools-for-stm32.12.3.rel1.win32_1.0.100.202403111256/tools/bin/../lib/gcc/arm-none-eabi/12.3.1/thumb/v7e-m+fp/hard/crtbegin.o

.rodata         0x08005e84       0x50
                0x08005e84                        . = ALIGN (0x4)
 *(.rodata)
 *(.rodata*)
 .rodata.UponEnter
                0x08005e84       0x10 ./Core/Src/StateMachine.o
                0x08005e84                UponEnter
 .rodata.ActionWhileInState
                0x08005e94       0x10 ./Core/Src/StateMachine.o
                0x08005e94                ActionWhileInState
 .rodata.UponExit
                0x08005ea4       0x10 ./Core/Src/StateMachine.o
                0x08005ea4                UponExit
 .rodata.AHBPrescTable
                0x08005eb4       0x10 ./Core/Src/system_stm32f4xx.o
                0x08005eb4                AHBPrescTable
 .rodata.APBPrescTable
                0x08005ec4        0x8 ./Core/Src/system_stm32f4xx.o
                0x08005ec4                APBPrescTable
 .rodata.flagBitshiftOffset.0
                0x08005ecc        0x8 ./Drivers/STM32F4xx_HAL_Driver/Src/stm32f4xx_hal_dma.o
                0x08005ed4                        . = ALIGN (0x4)

.ARM.extab      0x08005ed4        0x0
                0x08005ed4                        . = ALIGN (0x4)
 *(.ARM.extab* .gnu.linkonce.armextab.*)
                0x08005ed4                        . = ALIGN (0x4)

.ARM            0x08005ed4        0x8
                0x08005ed4                        . = ALIGN (0x4)
                0x08005ed4                        __exidx_start = .
 *(.ARM.exidx*)
 .ARM.exidx     0x08005ed4        0x8 D:/ST/STM32CubeIDE_1.15.0/STM32CubeIDE/plugins/com.st.stm32cube.ide.mcu.externaltools.gnu-tools-for-stm32.12.3.rel1.win32_1.0.100.202403111256/tools/bin/../lib/gcc/arm-none-eabi/12.3.1/thumb/v7e-m+fp/hard\libgcc.a(_udivmoddi4.o)
                0x08005edc                        __exidx_end = .
                0x08005edc                        . = ALIGN (0x4)

.rel.dyn        0x08005edc        0x0
 .rel.iplt      0x08005edc        0x0 D:/ST/STM32CubeIDE_1.15.0/STM32CubeIDE/plugins/com.st.stm32cube.ide.mcu.externaltools.gnu-tools-for-stm32.12.3.rel1.win32_1.0.100.202403111256/tools/bin/../lib/gcc/arm-none-eabi/12.3.1/thumb/v7e-m+fp/hard/crtbegin.o

.preinit_array  0x08005edc        0x0
                0x08005edc                        . = ALIGN (0x4)
                0x08005edc                        PROVIDE (__preinit_array_start = .)
 *(.preinit_array*)
                0x08005edc                        PROVIDE (__preinit_array_end = .)
                0x08005edc                        . = ALIGN (0x4)

.init_array     0x08005edc        0x4
                0x08005edc                        . = ALIGN (0x4)
                0x08005edc                        PROVIDE (__init_array_start = .)
 *(SORT_BY_NAME(.init_array.*))
 *(.init_array*)
 .init_array    0x08005edc        0x4 D:/ST/STM32CubeIDE_1.15.0/STM32CubeIDE/plugins/com.st.stm32cube.ide.mcu.externaltools.gnu-tools-for-stm32.12.3.rel1.win32_1.0.100.202403111256/tools/bin/../lib/gcc/arm-none-eabi/12.3.1/thumb/v7e-m+fp/hard/crtbegin.o
                0x08005ee0                        PROVIDE (__init_array_end = .)
                0x08005ee0                        . = ALIGN (0x4)

.fini_array     0x08005ee0        0x4
                0x08005ee0                        . = ALIGN (0x4)
                [!provide]                        PROVIDE (__fini_array_start = .)
 *(SORT_BY_NAME(.fini_array.*))
 *(.fini_array*)
 .fini_array    0x08005ee0        0x4 D:/ST/STM32CubeIDE_1.15.0/STM32CubeIDE/plugins/com.st.stm32cube.ide.mcu.externaltools.gnu-tools-for-stm32.12.3.rel1.win32_1.0.100.202403111256/tools/bin/../lib/gcc/arm-none-eabi/12.3.1/thumb/v7e-m+fp/hard/crtbegin.o
                [!provide]                        PROVIDE (__fini_array_end = .)
                0x08005ee4                        . = ALIGN (0x4)
                0x08005ee4                        _sidata = LOADADDR (.data)

.data           0x20000000        0xc load address 0x08005ee4
                0x20000000                        . = ALIGN (0x4)
                0x20000000                        _sdata = .
 *(.data)
 *(.data*)
 .data.SystemCoreClock
                0x20000000        0x4 ./Core/Src/system_stm32f4xx.o
                0x20000000                SystemCoreClock
 .data.uwTickPrio
                0x20000004        0x4 ./Drivers/STM32F4xx_HAL_Driver/Src/stm32f4xx_hal.o
                0x20000004                uwTickPrio
 .data.uwTickFreq
                0x20000008        0x1 ./Drivers/STM32F4xx_HAL_Driver/Src/stm32f4xx_hal.o
                0x20000008                uwTickFreq
 *(.RamFunc)
 *(.RamFunc*)
                0x2000000c                        . = ALIGN (0x4)
 *fill*         0x20000009        0x3 
                0x2000000c                        _edata = .

.igot.plt       0x2000000c        0x0 load address 0x08005ef0
 .igot.plt      0x2000000c        0x0 D:/ST/STM32CubeIDE_1.15.0/STM32CubeIDE/plugins/com.st.stm32cube.ide.mcu.externaltools.gnu-tools-for-stm32.12.3.rel1.win32_1.0.100.202403111256/tools/bin/../lib/gcc/arm-none-eabi/12.3.1/thumb/v7e-m+fp/hard/crtbegin.o
                0x2000000c                        . = ALIGN (0x4)

.bss            0x20000010      0x4bc load address 0x08005ef0
                0x20000010                        _sbss = .
                0x20000010                        __bss_start__ = _sbss
 *(.bss)
 .bss           0x20000010       0x1c D:/ST/STM32CubeIDE_1.15.0/STM32CubeIDE/plugins/com.st.stm32cube.ide.mcu.externaltools.gnu-tools-for-stm32.12.3.rel1.win32_1.0.100.202403111256/tools/bin/../lib/gcc/arm-none-eabi/12.3.1/thumb/v7e-m+fp/hard/crtbegin.o
 *(.bss*)
 .bss.bufferBLE
                0x2000002c        0x8 ./Core/Src/BLE.o
                0x2000002c                bufferBLE
 .bss.rightWheel
                0x20000034        0xc ./Core/Src/Encoder.o
                0x20000034                rightWheel
 .bss.leftWheel
                0x20000040        0xc ./Core/Src/Encoder.o
                0x20000040                leftWheel
 .bss.myFilterLeft
                0x2000004c      0x10c ./Core/Src/Encoder.o
                0x2000004c                myFilterLeft
 .bss.myFilterRight
                0x20000158      0x10c ./Core/Src/Encoder.o
                0x20000158                myFilterRight
 .bss.button_pushed
                0x20000264        0x1 ./Core/Src/StateMachine.o
                0x20000264                button_pushed
 *fill*         0x20000265        0x3 
 .bss.Kp        0x20000268        0x8 ./Core/Src/StateMachine.o
                0x20000268                Kp
 .bss.Ki        0x20000270        0x8 ./Core/Src/StateMachine.o
                0x20000270                Ki
 .bss.Kd        0x20000278        0x8 ./Core/Src/StateMachine.o
                0x20000278                Kd
 .bss.LEFT      0x20000280        0x2 ./Core/Src/StateMachine.o
                0x20000280                LEFT
 .bss.RIGHT     0x20000282        0x2 ./Core/Src/StateMachine.o
                0x20000282                RIGHT
 .bss.PID_Speed
                0x20000284       0x30 ./Core/Src/StateMachine.o
                0x20000284                PID_Speed
 .bss.outputVel
                0x200002b4        0x2 ./Core/Src/StateMachine.o
                0x200002b4                outputVel
 *fill*         0x200002b6        0x2 
 .bss.hadc1     0x200002b8       0x48 ./Core/Src/adc.o
                0x200002b8                hadc1
 .bss.hdma_adc1
                0x20000300       0x60 ./Core/Src/adc.o
                0x20000300                hdma_adc1
 .bss.htim1     0x20000360       0x48 ./Core/Src/tim.o
                0x20000360                htim1
 .bss.htim2     0x200003a8       0x48 ./Core/Src/tim.o
                0x200003a8                htim2
 .bss.htim3     0x200003f0       0x48 ./Core/Src/tim.o
                0x200003f0                htim3
 .bss.htim5     0x20000438       0x48 ./Core/Src/tim.o
                0x20000438                htim5
 .bss.huart2    0x20000480       0x48 ./Core/Src/usart.o
                0x20000480                huart2
 .bss.uwTick    0x200004c8        0x4 ./Drivers/STM32F4xx_HAL_Driver/Src/stm32f4xx_hal.o
                0x200004c8                uwTick
 *(COMMON)
                0x200004cc                        . = ALIGN (0x4)
                0x200004cc                        _ebss = .
                0x200004cc                        __bss_end__ = _ebss

._user_heap_stack
                0x200004cc      0x604 load address 0x08005ef0
                0x200004d0                        . = ALIGN (0x8)
 *fill*         0x200004cc        0x4 
                [!provide]                        PROVIDE (end = .)
                0x200004d0                        PROVIDE (_end = .)
                0x200006d0                        . = (. + _Min_Heap_Size)
 *fill*         0x200004d0      0x200 
                0x20000ad0                        . = (. + _Min_Stack_Size)
 *fill*         0x200006d0      0x400 
                0x20000ad0                        . = ALIGN (0x8)

/DISCARD/
 libc.a(*)
 libm.a(*)
 libgcc.a(*)

.ARM.attributes
                0x00000000       0x30
 *(.ARM.attributes)
 .ARM.attributes
                0x00000000       0x22 D:/ST/STM32CubeIDE_1.15.0/STM32CubeIDE/plugins/com.st.stm32cube.ide.mcu.externaltools.gnu-tools-for-stm32.12.3.rel1.win32_1.0.100.202403111256/tools/bin/../lib/gcc/arm-none-eabi/12.3.1/thumb/v7e-m+fp/hard/crti.o
 .ARM.attributes
                0x00000022       0x34 D:/ST/STM32CubeIDE_1.15.0/STM32CubeIDE/plugins/com.st.stm32cube.ide.mcu.externaltools.gnu-tools-for-stm32.12.3.rel1.win32_1.0.100.202403111256/tools/bin/../lib/gcc/arm-none-eabi/12.3.1/thumb/v7e-m+fp/hard/crtbegin.o
 .ARM.attributes
                0x00000056       0x34 ./Core/Src/BLE.o
 .ARM.attributes
                0x0000008a       0x34 ./Core/Src/Encoder.o
 .ARM.attributes
                0x000000be       0x34 ./Core/Src/Motors.o
 .ARM.attributes
                0x000000f2       0x34 ./Core/Src/PID.o
 .ARM.attributes
                0x00000126       0x34 ./Core/Src/StateMachine.o
 .ARM.attributes
                0x0000015a       0x34 ./Core/Src/adc.o
 .ARM.attributes
                0x0000018e       0x34 ./Core/Src/dma.o
 .ARM.attributes
                0x000001c2       0x34 ./Core/Src/gpio.o
 .ARM.attributes
                0x000001f6       0x34 ./Core/Src/main.o
 .ARM.attributes
                0x0000022a       0x34 ./Core/Src/stm32f4xx_hal_msp.o
 .ARM.attributes
                0x0000025e       0x34 ./Core/Src/stm32f4xx_it.o
 .ARM.attributes
                0x00000292       0x34 ./Core/Src/system_stm32f4xx.o
 .ARM.attributes
                0x000002c6       0x34 ./Core/Src/tim.o
 .ARM.attributes
                0x000002fa       0x34 ./Core/Src/usart.o
 .ARM.attributes
                0x0000032e       0x21 ./Core/Startup/startup_stm32f401retx.o
 .ARM.attributes
                0x0000034f       0x34 ./Drivers/STM32F4xx_HAL_Driver/Src/stm32f4xx_hal.o
 .ARM.attributes
                0x00000383       0x34 ./Drivers/STM32F4xx_HAL_Driver/Src/stm32f4xx_hal_adc.o
 .ARM.attributes
                0x000003b7       0x34 ./Drivers/STM32F4xx_HAL_Driver/Src/stm32f4xx_hal_cortex.o
 .ARM.attributes
                0x000003eb       0x34 ./Drivers/STM32F4xx_HAL_Driver/Src/stm32f4xx_hal_dma.o
 .ARM.attributes
                0x0000041f       0x34 ./Drivers/STM32F4xx_HAL_Driver/Src/stm32f4xx_hal_gpio.o
 .ARM.attributes
                0x00000453       0x34 ./Drivers/STM32F4xx_HAL_Driver/Src/stm32f4xx_hal_rcc.o
 .ARM.attributes
                0x00000487       0x34 ./Drivers/STM32F4xx_HAL_Driver/Src/stm32f4xx_hal_tim.o
 .ARM.attributes
                0x000004bb       0x34 ./Drivers/STM32F4xx_HAL_Driver/Src/stm32f4xx_hal_tim_ex.o
 .ARM.attributes
                0x000004ef       0x34 ./Drivers/STM32F4xx_HAL_Driver/Src/stm32f4xx_hal_uart.o
 .ARM.attributes
                0x00000523       0x34 D:/ST/STM32CubeIDE_1.15.0/STM32CubeIDE/plugins/com.st.stm32cube.ide.mcu.externaltools.gnu-tools-for-stm32.12.3.rel1.win32_1.0.100.202403111256/tools/bin/../lib/gcc/arm-none-eabi/12.3.1/../../../../arm-none-eabi/lib/thumb/v7e-m+fp/hard\libc_nano.a(libc_a-memset.o)
 .ARM.attributes
                0x00000557       0x34 D:/ST/STM32CubeIDE_1.15.0/STM32CubeIDE/plugins/com.st.stm32cube.ide.mcu.externaltools.gnu-tools-for-stm32.12.3.rel1.win32_1.0.100.202403111256/tools/bin/../lib/gcc/arm-none-eabi/12.3.1/../../../../arm-none-eabi/lib/thumb/v7e-m+fp/hard\libc_nano.a(libc_a-init.o)
 .ARM.attributes
                0x0000058b       0x22 D:/ST/STM32CubeIDE_1.15.0/STM32CubeIDE/plugins/com.st.stm32cube.ide.mcu.externaltools.gnu-tools-for-stm32.12.3.rel1.win32_1.0.100.202403111256/tools/bin/../lib/gcc/arm-none-eabi/12.3.1/thumb/v7e-m+fp/hard\libgcc.a(_arm_addsubdf3.o)
 .ARM.attributes
                0x000005ad       0x22 D:/ST/STM32CubeIDE_1.15.0/STM32CubeIDE/plugins/com.st.stm32cube.ide.mcu.externaltools.gnu-tools-for-stm32.12.3.rel1.win32_1.0.100.202403111256/tools/bin/../lib/gcc/arm-none-eabi/12.3.1/thumb/v7e-m+fp/hard\libgcc.a(_arm_cmpdf2.o)
 .ARM.attributes
                0x000005cf       0x22 D:/ST/STM32CubeIDE_1.15.0/STM32CubeIDE/plugins/com.st.stm32cube.ide.mcu.externaltools.gnu-tools-for-stm32.12.3.rel1.win32_1.0.100.202403111256/tools/bin/../lib/gcc/arm-none-eabi/12.3.1/thumb/v7e-m+fp/hard\libgcc.a(_arm_truncdfsf2.o)
 .ARM.attributes
                0x000005f1       0x22 D:/ST/STM32CubeIDE_1.15.0/STM32CubeIDE/plugins/com.st.stm32cube.ide.mcu.externaltools.gnu-tools-for-stm32.12.3.rel1.win32_1.0.100.202403111256/tools/bin/../lib/gcc/arm-none-eabi/12.3.1/thumb/v7e-m+fp/hard\libgcc.a(_aeabi_uldivmod.o)
 .ARM.attributes
                0x00000613       0x34 D:/ST/STM32CubeIDE_1.15.0/STM32CubeIDE/plugins/com.st.stm32cube.ide.mcu.externaltools.gnu-tools-for-stm32.12.3.rel1.win32_1.0.100.202403111256/tools/bin/../lib/gcc/arm-none-eabi/12.3.1/thumb/v7e-m+fp/hard\libgcc.a(_udivmoddi4.o)
 .ARM.attributes
                0x00000647       0x22 D:/ST/STM32CubeIDE_1.15.0/STM32CubeIDE/plugins/com.st.stm32cube.ide.mcu.externaltools.gnu-tools-for-stm32.12.3.rel1.win32_1.0.100.202403111256/tools/bin/../lib/gcc/arm-none-eabi/12.3.1/thumb/v7e-m+fp/hard\libgcc.a(_dvmd_tls.o)
 .ARM.attributes
                0x00000669       0x22 D:/ST/STM32CubeIDE_1.15.0/STM32CubeIDE/plugins/com.st.stm32cube.ide.mcu.externaltools.gnu-tools-for-stm32.12.3.rel1.win32_1.0.100.202403111256/tools/bin/../lib/gcc/arm-none-eabi/12.3.1/thumb/v7e-m+fp/hard/crtn.o
OUTPUT(buggy_Using_HAL.elf elf32-littlearm)
LOAD linker stubs
LOAD D:/ST/STM32CubeIDE_1.15.0/STM32CubeIDE/plugins/com.st.stm32cube.ide.mcu.externaltools.gnu-tools-for-stm32.12.3.rel1.win32_1.0.100.202403111256/tools/bin/../lib/gcc/arm-none-eabi/12.3.1/../../../../arm-none-eabi/lib/thumb/v7e-m+fp/hard\libc.a
LOAD D:/ST/STM32CubeIDE_1.15.0/STM32CubeIDE/plugins/com.st.stm32cube.ide.mcu.externaltools.gnu-tools-for-stm32.12.3.rel1.win32_1.0.100.202403111256/tools/bin/../lib/gcc/arm-none-eabi/12.3.1/../../../../arm-none-eabi/lib/thumb/v7e-m+fp/hard\libm.a
LOAD D:/ST/STM32CubeIDE_1.15.0/STM32CubeIDE/plugins/com.st.stm32cube.ide.mcu.externaltools.gnu-tools-for-stm32.12.3.rel1.win32_1.0.100.202403111256/tools/bin/../lib/gcc/arm-none-eabi/12.3.1/thumb/v7e-m+fp/hard\libgcc.a

.debug_info     0x00000000    0x1181f
 .debug_info    0x00000000      0x63f ./Core/Src/BLE.o
 .debug_info    0x0000063f      0x802 ./Core/Src/Encoder.o
 .debug_info    0x00000e41      0x7c7 ./Core/Src/Motors.o
 .debug_info    0x00001608      0x2f6 ./Core/Src/PID.o
 .debug_info    0x000018fe      0xcf1 ./Core/Src/StateMachine.o
 .debug_info    0x000025ef      0xa06 ./Core/Src/adc.o
 .debug_info    0x00002ff5      0x43f ./Core/Src/dma.o
 .debug_info    0x00003434      0x5f6 ./Core/Src/gpio.o
 .debug_info    0x00003a2a      0x5b6 ./Core/Src/main.o
 .debug_info    0x00003fe0      0x2a4 ./Core/Src/stm32f4xx_hal_msp.o
 .debug_info    0x00004284      0xa14 ./Core/Src/stm32f4xx_it.o
 .debug_info    0x00004c98      0x53e ./Core/Src/system_stm32f4xx.o
 .debug_info    0x000051d6     0x11d9 ./Core/Src/tim.o
 .debug_info    0x000063af      0xb61 ./Core/Src/usart.o
 .debug_info    0x00006f10       0x30 ./Core/Startup/startup_stm32f401retx.o
 .debug_info    0x00006f40      0x8bb ./Drivers/STM32F4xx_HAL_Driver/Src/stm32f4xx_hal.o
 .debug_info    0x000077fb      0xcd1 ./Drivers/STM32F4xx_HAL_Driver/Src/stm32f4xx_hal_adc.o
 .debug_info    0x000084cc      0xcc1 ./Drivers/STM32F4xx_HAL_Driver/Src/stm32f4xx_hal_cortex.o
 .debug_info    0x0000918d      0x8e6 ./Drivers/STM32F4xx_HAL_Driver/Src/stm32f4xx_hal_dma.o
 .debug_info    0x00009a73      0x6f9 ./Drivers/STM32F4xx_HAL_Driver/Src/stm32f4xx_hal_gpio.o
 .debug_info    0x0000a16c      0x8f3 ./Drivers/STM32F4xx_HAL_Driver/Src/stm32f4xx_hal_rcc.o
 .debug_info    0x0000aa5f     0x2996 ./Drivers/STM32F4xx_HAL_Driver/Src/stm32f4xx_hal_tim.o
 .debug_info    0x0000d3f5     0x14d4 ./Drivers/STM32F4xx_HAL_Driver/Src/stm32f4xx_hal_tim_ex.o
 .debug_info    0x0000e8c9     0x2f56 ./Drivers/STM32F4xx_HAL_Driver/Src/stm32f4xx_hal_uart.o

.debug_abbrev   0x00000000     0x2f10
 .debug_abbrev  0x00000000      0x188 ./Core/Src/BLE.o
 .debug_abbrev  0x00000188      0x208 ./Core/Src/Encoder.o
 .debug_abbrev  0x00000390      0x1c0 ./Core/Src/Motors.o
 .debug_abbrev  0x00000550      0x12e ./Core/Src/PID.o
 .debug_abbrev  0x0000067e      0x2cc ./Core/Src/StateMachine.o
 .debug_abbrev  0x0000094a      0x204 ./Core/Src/adc.o
 .debug_abbrev  0x00000b4e      0x10e ./Core/Src/dma.o
 .debug_abbrev  0x00000c5c      0x173 ./Core/Src/gpio.o
 .debug_abbrev  0x00000dcf      0x20e ./Core/Src/main.o
 .debug_abbrev  0x00000fdd       0xf4 ./Core/Src/stm32f4xx_hal_msp.o
 .debug_abbrev  0x000010d1      0x1dd ./Core/Src/stm32f4xx_it.o
 .debug_abbrev  0x000012ae      0x11a ./Core/Src/system_stm32f4xx.o
 .debug_abbrev  0x000013c8      0x2a5 ./Core/Src/tim.o
 .debug_abbrev  0x0000166d      0x219 ./Core/Src/usart.o
 .debug_abbrev  0x00001886       0x24 ./Core/Startup/startup_stm32f401retx.o
 .debug_abbrev  0x000018aa      0x24b ./Drivers/STM32F4xx_HAL_Driver/Src/stm32f4xx_hal.o
 .debug_abbrev  0x00001af5      0x20e ./Drivers/STM32F4xx_HAL_Driver/Src/stm32f4xx_hal_adc.o
 .debug_abbrev  0x00001d03      0x328 ./Drivers/STM32F4xx_HAL_Driver/Src/stm32f4xx_hal_cortex.o
 .debug_abbrev  0x0000202b      0x221 ./Drivers/STM32F4xx_HAL_Driver/Src/stm32f4xx_hal_dma.o
 .debug_abbrev  0x0000224c      0x1d3 ./Drivers/STM32F4xx_HAL_Driver/Src/stm32f4xx_hal_gpio.o
 .debug_abbrev  0x0000241f      0x2b5 ./Drivers/STM32F4xx_HAL_Driver/Src/stm32f4xx_hal_rcc.o
 .debug_abbrev  0x000026d4      0x28b ./Drivers/STM32F4xx_HAL_Driver/Src/stm32f4xx_hal_tim.o
 .debug_abbrev  0x0000295f      0x296 ./Drivers/STM32F4xx_HAL_Driver/Src/stm32f4xx_hal_tim_ex.o
 .debug_abbrev  0x00002bf5      0x31b ./Drivers/STM32F4xx_HAL_Driver/Src/stm32f4xx_hal_uart.o

.debug_aranges  0x00000000      0xf48
 .debug_aranges
                0x00000000       0x20 ./Core/Src/BLE.o
 .debug_aranges
                0x00000020       0x38 ./Core/Src/Encoder.o
 .debug_aranges
                0x00000058       0x40 ./Core/Src/Motors.o
 .debug_aranges
                0x00000098       0x38 ./Core/Src/PID.o
 .debug_aranges
                0x000000d0       0x90 ./Core/Src/StateMachine.o
 .debug_aranges
                0x00000160       0x30 ./Core/Src/adc.o
 .debug_aranges
                0x00000190       0x20 ./Core/Src/dma.o
 .debug_aranges
                0x000001b0       0x20 ./Core/Src/gpio.o
 .debug_aranges
                0x000001d0       0x30 ./Core/Src/main.o
 .debug_aranges
                0x00000200       0x20 ./Core/Src/stm32f4xx_hal_msp.o
 .debug_aranges
                0x00000220       0x90 ./Core/Src/stm32f4xx_it.o
 .debug_aranges
                0x000002b0       0x28 ./Core/Src/system_stm32f4xx.o
 .debug_aranges
                0x000002d8       0x70 ./Core/Src/tim.o
 .debug_aranges
                0x00000348       0x30 ./Core/Src/usart.o
 .debug_aranges
                0x00000378       0x28 ./Core/Startup/startup_stm32f401retx.o
 .debug_aranges
                0x000003a0       0xf0 ./Drivers/STM32F4xx_HAL_Driver/Src/stm32f4xx_hal.o
 .debug_aranges
                0x00000490       0xe8 ./Drivers/STM32F4xx_HAL_Driver/Src/stm32f4xx_hal_adc.o
 .debug_aranges
                0x00000578      0x120 ./Drivers/STM32F4xx_HAL_Driver/Src/stm32f4xx_hal_cortex.o
 .debug_aranges
                0x00000698       0x90 ./Drivers/STM32F4xx_HAL_Driver/Src/stm32f4xx_hal_dma.o
 .debug_aranges
                0x00000728       0x58 ./Drivers/STM32F4xx_HAL_Driver/Src/stm32f4xx_hal_gpio.o
 .debug_aranges
                0x00000780       0x88 ./Drivers/STM32F4xx_HAL_Driver/Src/stm32f4xx_hal_rcc.o
 .debug_aranges
                0x00000808      0x3d0 ./Drivers/STM32F4xx_HAL_Driver/Src/stm32f4xx_hal_tim.o
 .debug_aranges
                0x00000bd8      0x168 ./Drivers/STM32F4xx_HAL_Driver/Src/stm32f4xx_hal_tim_ex.o
 .debug_aranges
                0x00000d40      0x208 ./Drivers/STM32F4xx_HAL_Driver/Src/stm32f4xx_hal_uart.o

.debug_rnglists
                0x00000000      0xbc7
 .debug_rnglists
                0x00000000       0x13 ./Core/Src/BLE.o
 .debug_rnglists
                0x00000013       0x27 ./Core/Src/Encoder.o
 .debug_rnglists
                0x0000003a       0x2d ./Core/Src/Motors.o
 .debug_rnglists
                0x00000067       0x26 ./Core/Src/PID.o
 .debug_rnglists
                0x0000008d       0x69 ./Core/Src/StateMachine.o
 .debug_rnglists
                0x000000f6       0x21 ./Core/Src/adc.o
 .debug_rnglists
                0x00000117       0x13 ./Core/Src/dma.o
 .debug_rnglists
                0x0000012a       0x14 ./Core/Src/gpio.o
 .debug_rnglists
                0x0000013e       0x20 ./Core/Src/main.o
 .debug_rnglists
                0x0000015e       0x13 ./Core/Src/stm32f4xx_hal_msp.o
 .debug_rnglists
                0x00000171       0x67 ./Core/Src/stm32f4xx_it.o
 .debug_rnglists
                0x000001d8       0x1a ./Core/Src/system_stm32f4xx.o
 .debug_rnglists
                0x000001f2       0x54 ./Core/Src/tim.o
 .debug_rnglists
                0x00000246       0x20 ./Core/Src/usart.o
 .debug_rnglists
                0x00000266       0x19 ./Core/Startup/startup_stm32f401retx.o
 .debug_rnglists
                0x0000027f       0xaf ./Drivers/STM32F4xx_HAL_Driver/Src/stm32f4xx_hal.o
 .debug_rnglists
                0x0000032e       0xb5 ./Drivers/STM32F4xx_HAL_Driver/Src/stm32f4xx_hal_adc.o
 .debug_rnglists
                0x000003e3       0xd4 ./Drivers/STM32F4xx_HAL_Driver/Src/stm32f4xx_hal_cortex.o
 .debug_rnglists
                0x000004b7       0x70 ./Drivers/STM32F4xx_HAL_Driver/Src/stm32f4xx_hal_dma.o
 .debug_rnglists
                0x00000527       0x3f ./Drivers/STM32F4xx_HAL_Driver/Src/stm32f4xx_hal_gpio.o
 .debug_rnglists
                0x00000566       0x66 ./Drivers/STM32F4xx_HAL_Driver/Src/stm32f4xx_hal_rcc.o
 .debug_rnglists
                0x000005cc      0x31a ./Drivers/STM32F4xx_HAL_Driver/Src/stm32f4xx_hal_tim.o
 .debug_rnglists
                0x000008e6      0x125 ./Drivers/STM32F4xx_HAL_Driver/Src/stm32f4xx_hal_tim_ex.o
 .debug_rnglists
                0x00000a0b      0x1bc ./Drivers/STM32F4xx_HAL_Driver/Src/stm32f4xx_hal_uart.o

.debug_macro    0x00000000    0x180f2
 .debug_macro   0x00000000      0x219 ./Core/Src/BLE.o
 .debug_macro   0x00000219      0xab4 ./Core/Src/BLE.o
 .debug_macro   0x00000ccd      0x2a1 ./Core/Src/BLE.o
 .debug_macro   0x00000f6e       0x2e ./Core/Src/BLE.o
 .debug_macro   0x00000f9c       0x28 ./Core/Src/BLE.o
 .debug_macro   0x00000fc4       0x22 ./Core/Src/BLE.o
 .debug_macro   0x00000fe6       0x8e ./Core/Src/BLE.o
 .debug_macro   0x00001074       0x51 ./Core/Src/BLE.o
 .debug_macro   0x000010c5      0x103 ./Core/Src/BLE.o
 .debug_macro   0x000011c8       0x6a ./Core/Src/BLE.o
 .debug_macro   0x00001232      0x1df ./Core/Src/BLE.o
 .debug_macro   0x00001411       0x1c ./Core/Src/BLE.o
 .debug_macro   0x0000142d       0x22 ./Core/Src/BLE.o
 .debug_macro   0x0000144f       0xfb ./Core/Src/BLE.o
 .debug_macro   0x0000154a     0x1011 ./Core/Src/BLE.o
 .debug_macro   0x0000255b      0x11f ./Core/Src/BLE.o
 .debug_macro   0x0000267a     0xb86c ./Core/Src/BLE.o
 .debug_macro   0x0000dee6       0x6d ./Core/Src/BLE.o
 .debug_macro   0x0000df53     0x368c ./Core/Src/BLE.o
 .debug_macro   0x000115df      0x189 ./Core/Src/BLE.o
 .debug_macro   0x00011768       0x5c ./Core/Src/BLE.o
 .debug_macro   0x000117c4      0x416 ./Core/Src/BLE.o
 .debug_macro   0x00011bda      0x9e9 ./Core/Src/BLE.o
 .debug_macro   0x000125c3      0x115 ./Core/Src/BLE.o
 .debug_macro   0x000126d8       0xf8 ./Core/Src/BLE.o
 .debug_macro   0x000127d0       0xa5 ./Core/Src/BLE.o
 .debug_macro   0x00012875      0x15f ./Core/Src/BLE.o
 .debug_macro   0x000129d4      0x287 ./Core/Src/BLE.o
 .debug_macro   0x00012c5b       0x5f ./Core/Src/BLE.o
 .debug_macro   0x00012cba      0x236 ./Core/Src/BLE.o
 .debug_macro   0x00012ef0      0x9e1 ./Core/Src/BLE.o
 .debug_macro   0x000138d1      0x38b ./Core/Src/BLE.o
 .debug_macro   0x00013c5c      0x176 ./Core/Src/BLE.o
 .debug_macro   0x00013dd2       0xf9 ./Core/Src/BLE.o
 .debug_macro   0x00013ecb      0x132 ./Core/Src/BLE.o
 .debug_macro   0x00013ffd      0x264 ./Core/Src/BLE.o
 .debug_macro   0x00014261       0x2e ./Core/Src/BLE.o
 .debug_macro   0x0001428f      0x127 ./Core/Src/BLE.o
 .debug_macro   0x000143b6       0x85 ./Core/Src/BLE.o
 .debug_macro   0x0001443b       0x89 ./Core/Src/BLE.o
 .debug_macro   0x000144c4      0x8ed ./Core/Src/BLE.o
 .debug_macro   0x00014db1       0x47 ./Core/Src/BLE.o
 .debug_macro   0x00014df8      0x2aa ./Core/Src/BLE.o
 .debug_macro   0x000150a2      0x126 ./Core/Src/BLE.o
 .debug_macro   0x000151c8      0x14e ./Core/Src/BLE.o
 .debug_macro   0x00015316      0x218 ./Core/Src/Encoder.o
 .debug_macro   0x0001552e       0x10 ./Core/Src/Encoder.o
 .debug_macro   0x0001553e      0x23b ./Core/Src/Motors.o
 .debug_macro   0x00015779      0x20f ./Core/Src/PID.o
 .debug_macro   0x00015988      0x250 ./Core/Src/StateMachine.o
 .debug_macro   0x00015bd8      0x20f ./Core/Src/adc.o
 .debug_macro   0x00015de7      0x20f ./Core/Src/dma.o
 .debug_macro   0x00015ff6      0x20f ./Core/Src/gpio.o
 .debug_macro   0x00016205      0x265 ./Core/Src/main.o
 .debug_macro   0x0001646a       0x10 ./Core/Src/main.o
 .debug_macro   0x0001647a      0x205 ./Core/Src/stm32f4xx_hal_msp.o
 .debug_macro   0x0001667f      0x226 ./Core/Src/stm32f4xx_it.o
 .debug_macro   0x000168a5      0x1f6 ./Core/Src/system_stm32f4xx.o
 .debug_macro   0x00016a9b      0x20f ./Core/Src/tim.o
 .debug_macro   0x00016caa      0x20f ./Core/Src/usart.o
 .debug_macro   0x00016eb9      0x256 ./Drivers/STM32F4xx_HAL_Driver/Src/stm32f4xx_hal.o
 .debug_macro   0x0001710f      0x1f7 ./Drivers/STM32F4xx_HAL_Driver/Src/stm32f4xx_hal_adc.o
 .debug_macro   0x00017306      0x1f6 ./Drivers/STM32F4xx_HAL_Driver/Src/stm32f4xx_hal_cortex.o
 .debug_macro   0x000174fc      0x1fc ./Drivers/STM32F4xx_HAL_Driver/Src/stm32f4xx_hal_dma.o
 .debug_macro   0x000176f8      0x1fc ./Drivers/STM32F4xx_HAL_Driver/Src/stm32f4xx_hal_gpio.o
 .debug_macro   0x000178f4      0x21a ./Drivers/STM32F4xx_HAL_Driver/Src/stm32f4xx_hal_rcc.o
 .debug_macro   0x00017b0e      0x1f7 ./Drivers/STM32F4xx_HAL_Driver/Src/stm32f4xx_hal_tim.o
 .debug_macro   0x00017d05      0x1f6 ./Drivers/STM32F4xx_HAL_Driver/Src/stm32f4xx_hal_tim_ex.o
 .debug_macro   0x00017efb      0x1f7 ./Drivers/STM32F4xx_HAL_Driver/Src/stm32f4xx_hal_uart.o

.debug_line     0x00000000    0x143a4
 .debug_line    0x00000000      0x79b ./Core/Src/BLE.o
 .debug_line    0x0000079b      0x87f ./Core/Src/Encoder.o
 .debug_line    0x0000101a      0x83d ./Core/Src/Motors.o
 .debug_line    0x00001857      0x884 ./Core/Src/PID.o
 .debug_line    0x000020db      0x9bb ./Core/Src/StateMachine.o
 .debug_line    0x00002a96      0x87a ./Core/Src/adc.o
 .debug_line    0x00003310      0x791 ./Core/Src/dma.o
 .debug_line    0x00003aa1      0x7cf ./Core/Src/gpio.o
 .debug_line    0x00004270      0x883 ./Core/Src/main.o
 .debug_line    0x00004af3      0x797 ./Core/Src/stm32f4xx_hal_msp.o
 .debug_line    0x0000528a      0x900 ./Core/Src/stm32f4xx_it.o
 .debug_line    0x00005b8a      0x81a ./Core/Src/system_stm32f4xx.o
 .debug_line    0x000063a4      0xa4e ./Core/Src/tim.o
 .debug_line    0x00006df2      0x805 ./Core/Src/usart.o
 .debug_line    0x000075f7       0x7a ./Core/Startup/startup_stm32f401retx.o
 .debug_line    0x00007671      0xa83 ./Drivers/STM32F4xx_HAL_Driver/Src/stm32f4xx_hal.o
 .debug_line    0x000080f4     0x123f ./Drivers/STM32F4xx_HAL_Driver/Src/stm32f4xx_hal_adc.o
 .debug_line    0x00009333      0xd4b ./Drivers/STM32F4xx_HAL_Driver/Src/stm32f4xx_hal_cortex.o
 .debug_line    0x0000a07e      0xff3 ./Drivers/STM32F4xx_HAL_Driver/Src/stm32f4xx_hal_dma.o
 .debug_line    0x0000b071      0xbd3 ./Drivers/STM32F4xx_HAL_Driver/Src/stm32f4xx_hal_gpio.o
 .debug_line    0x0000bc44      0xdf6 ./Drivers/STM32F4xx_HAL_Driver/Src/stm32f4xx_hal_rcc.o
 .debug_line    0x0000ca3a     0x3601 ./Drivers/STM32F4xx_HAL_Driver/Src/stm32f4xx_hal_tim.o
 .debug_line    0x0001003b     0x1a14 ./Drivers/STM32F4xx_HAL_Driver/Src/stm32f4xx_hal_tim_ex.o
 .debug_line    0x00011a4f     0x2955 ./Drivers/STM32F4xx_HAL_Driver/Src/stm32f4xx_hal_uart.o

.debug_str      0x00000000    0x9624f
 .debug_str     0x00000000    0x92213 ./Core/Src/BLE.o
                              0x924db (size before relaxing)
 .debug_str     0x00092213      0x3b1 ./Core/Src/Encoder.o
                              0x92645 (size before relaxing)
 .debug_str     0x000925c4      0x123 ./Core/Src/Motors.o
                              0x92626 (size before relaxing)
 .debug_str     0x000926e7      0x153 ./Core/Src/PID.o
                              0x92141 (size before relaxing)
 .debug_str     0x0009283a      0x245 ./Core/Src/StateMachine.o
                              0x92a5e (size before relaxing)
 .debug_str     0x00092a7f      0x391 ./Core/Src/adc.o
                              0x92655 (size before relaxing)
 .debug_str     0x00092e10      0x3ce ./Core/Src/dma.o
                              0x924ad (size before relaxing)
 .debug_str     0x000931de       0x2c ./Core/Src/gpio.o
                              0x9257b (size before relaxing)
 .debug_str     0x0009320a      0x1d0 ./Core/Src/main.o
                              0x9241f (size before relaxing)
 .debug_str     0x000933da       0x49 ./Core/Src/stm32f4xx_hal_msp.o
                              0x9210f (size before relaxing)
 .debug_str     0x00093423      0x18b ./Core/Src/stm32f4xx_it.o
                              0x928ce (size before relaxing)
 .debug_str     0x000935ae       0xdb ./Core/Src/system_stm32f4xx.o
                              0x91c84 (size before relaxing)
 .debug_str     0x00093689      0x3f1 ./Core/Src/tim.o
                              0x92f21 (size before relaxing)
 .debug_str     0x00093a7a       0x51 ./Core/Src/usart.o
                              0x92a6a (size before relaxing)
 .debug_str     0x00093acb       0x44 ./Core/Startup/startup_stm32f401retx.o
                                 0x71 (size before relaxing)
 .debug_str     0x00093b0f      0x5e4 ./Drivers/STM32F4xx_HAL_Driver/Src/stm32f4xx_hal.o
                              0x926a6 (size before relaxing)
 .debug_str     0x000940f3      0x2c6 ./Drivers/STM32F4xx_HAL_Driver/Src/stm32f4xx_hal_adc.o
                              0x9225f (size before relaxing)
 .debug_str     0x000943b9      0x329 ./Drivers/STM32F4xx_HAL_Driver/Src/stm32f4xx_hal_cortex.o
                              0x923de (size before relaxing)
 .debug_str     0x000946e2      0x2d5 ./Drivers/STM32F4xx_HAL_Driver/Src/stm32f4xx_hal_dma.o
                              0x9208c (size before relaxing)
 .debug_str     0x000949b7       0xe8 ./Drivers/STM32F4xx_HAL_Driver/Src/stm32f4xx_hal_gpio.o
                              0x91dff (size before relaxing)
 .debug_str     0x00094a9f      0x233 ./Drivers/STM32F4xx_HAL_Driver/Src/stm32f4xx_hal_rcc.o
                              0x920b8 (size before relaxing)
 .debug_str     0x00094cd2      0xbda ./Drivers/STM32F4xx_HAL_Driver/Src/stm32f4xx_hal_tim.o
                              0x92ffc (size before relaxing)
 .debug_str     0x000958ac      0x3e1 ./Drivers/STM32F4xx_HAL_Driver/Src/stm32f4xx_hal_tim_ex.o
                              0x92808 (size before relaxing)
 .debug_str     0x00095c8d      0x5c2 ./Drivers/STM32F4xx_HAL_Driver/Src/stm32f4xx_hal_uart.o
                              0x92687 (size before relaxing)

.comment        0x00000000       0x43
 .comment       0x00000000       0x43 ./Core/Src/BLE.o
                                 0x44 (size before relaxing)
 .comment       0x00000043       0x44 ./Core/Src/Encoder.o
 .comment       0x00000043       0x44 ./Core/Src/Motors.o
 .comment       0x00000043       0x44 ./Core/Src/PID.o
 .comment       0x00000043       0x44 ./Core/Src/StateMachine.o
 .comment       0x00000043       0x44 ./Core/Src/adc.o
 .comment       0x00000043       0x44 ./Core/Src/dma.o
 .comment       0x00000043       0x44 ./Core/Src/gpio.o
 .comment       0x00000043       0x44 ./Core/Src/main.o
 .comment       0x00000043       0x44 ./Core/Src/stm32f4xx_hal_msp.o
 .comment       0x00000043       0x44 ./Core/Src/stm32f4xx_it.o
 .comment       0x00000043       0x44 ./Core/Src/system_stm32f4xx.o
 .comment       0x00000043       0x44 ./Core/Src/tim.o
 .comment       0x00000043       0x44 ./Core/Src/usart.o
 .comment       0x00000043       0x44 ./Drivers/STM32F4xx_HAL_Driver/Src/stm32f4xx_hal.o
 .comment       0x00000043       0x44 ./Drivers/STM32F4xx_HAL_Driver/Src/stm32f4xx_hal_adc.o
 .comment       0x00000043       0x44 ./Drivers/STM32F4xx_HAL_Driver/Src/stm32f4xx_hal_cortex.o
 .comment       0x00000043       0x44 ./Drivers/STM32F4xx_HAL_Driver/Src/stm32f4xx_hal_dma.o
 .comment       0x00000043       0x44 ./Drivers/STM32F4xx_HAL_Driver/Src/stm32f4xx_hal_gpio.o
 .comment       0x00000043       0x44 ./Drivers/STM32F4xx_HAL_Driver/Src/stm32f4xx_hal_rcc.o
 .comment       0x00000043       0x44 ./Drivers/STM32F4xx_HAL_Driver/Src/stm32f4xx_hal_tim.o
 .comment       0x00000043       0x44 ./Drivers/STM32F4xx_HAL_Driver/Src/stm32f4xx_hal_tim_ex.o
 .comment       0x00000043       0x44 ./Drivers/STM32F4xx_HAL_Driver/Src/stm32f4xx_hal_uart.o

.debug_frame    0x00000000     0x3ef0
 .debug_frame   0x00000000       0x34 ./Core/Src/BLE.o
 .debug_frame   0x00000034       0xa8 ./Core/Src/Encoder.o
 .debug_frame   0x000000dc       0xac ./Core/Src/Motors.o
 .debug_frame   0x00000188       0xa4 ./Core/Src/PID.o
 .debug_frame   0x0000022c      0x1e8 ./Core/Src/StateMachine.o
 .debug_frame   0x00000414       0x7c ./Core/Src/adc.o
 .debug_frame   0x00000490       0x34 ./Core/Src/dma.o
 .debug_frame   0x000004c4       0x34 ./Core/Src/gpio.o
 .debug_frame   0x000004f8       0x6c ./Core/Src/main.o
 .debug_frame   0x00000564       0x34 ./Core/Src/stm32f4xx_hal_msp.o
 .debug_frame   0x00000598      0x1ac ./Core/Src/stm32f4xx_it.o
 .debug_frame   0x00000744       0x58 ./Core/Src/system_stm32f4xx.o
 .debug_frame   0x0000079c      0x1a4 ./Core/Src/tim.o
 .debug_frame   0x00000940       0x74 ./Core/Src/usart.o
 .debug_frame   0x000009b4      0x374 ./Drivers/STM32F4xx_HAL_Driver/Src/stm32f4xx_hal.o
 .debug_frame   0x00000d28      0x3fc ./Drivers/STM32F4xx_HAL_Driver/Src/stm32f4xx_hal_adc.o
 .debug_frame   0x00001124      0x4b8 ./Drivers/STM32F4xx_HAL_Driver/Src/stm32f4xx_hal_cortex.o
 .debug_frame   0x000015dc      0x250 ./Drivers/STM32F4xx_HAL_Driver/Src/stm32f4xx_hal_dma.o
 .debug_frame   0x0000182c      0x14c ./Drivers/STM32F4xx_HAL_Driver/Src/stm32f4xx_hal_gpio.o
 .debug_frame   0x00001978      0x1f4 ./Drivers/STM32F4xx_HAL_Driver/Src/stm32f4xx_hal_rcc.o
 .debug_frame   0x00001b6c     0x11b8 ./Drivers/STM32F4xx_HAL_Driver/Src/stm32f4xx_hal_tim.o
 .debug_frame   0x00002d24      0x638 ./Drivers/STM32F4xx_HAL_Driver/Src/stm32f4xx_hal_tim_ex.o
 .debug_frame   0x0000335c      0x954 ./Drivers/STM32F4xx_HAL_Driver/Src/stm32f4xx_hal_uart.o
 .debug_frame   0x00003cb0       0x20 D:/ST/STM32CubeIDE_1.15.0/STM32CubeIDE/plugins/com.st.stm32cube.ide.mcu.externaltools.gnu-tools-for-stm32.12.3.rel1.win32_1.0.100.202403111256/tools/bin/../lib/gcc/arm-none-eabi/12.3.1/../../../../arm-none-eabi/lib/thumb/v7e-m+fp/hard\libc_nano.a(libc_a-memset.o)
 .debug_frame   0x00003cd0       0x2c D:/ST/STM32CubeIDE_1.15.0/STM32CubeIDE/plugins/com.st.stm32cube.ide.mcu.externaltools.gnu-tools-for-stm32.12.3.rel1.win32_1.0.100.202403111256/tools/bin/../lib/gcc/arm-none-eabi/12.3.1/../../../../arm-none-eabi/lib/thumb/v7e-m+fp/hard\libc_nano.a(libc_a-init.o)
 .debug_frame   0x00003cfc       0xac D:/ST/STM32CubeIDE_1.15.0/STM32CubeIDE/plugins/com.st.stm32cube.ide.mcu.externaltools.gnu-tools-for-stm32.12.3.rel1.win32_1.0.100.202403111256/tools/bin/../lib/gcc/arm-none-eabi/12.3.1/thumb/v7e-m+fp/hard\libgcc.a(_arm_addsubdf3.o)
 .debug_frame   0x00003da8       0xc4 D:/ST/STM32CubeIDE_1.15.0/STM32CubeIDE/plugins/com.st.stm32cube.ide.mcu.externaltools.gnu-tools-for-stm32.12.3.rel1.win32_1.0.100.202403111256/tools/bin/../lib/gcc/arm-none-eabi/12.3.1/thumb/v7e-m+fp/hard\libgcc.a(_arm_cmpdf2.o)
 .debug_frame   0x00003e6c       0x24 D:/ST/STM32CubeIDE_1.15.0/STM32CubeIDE/plugins/com.st.stm32cube.ide.mcu.externaltools.gnu-tools-for-stm32.12.3.rel1.win32_1.0.100.202403111256/tools/bin/../lib/gcc/arm-none-eabi/12.3.1/thumb/v7e-m+fp/hard\libgcc.a(_arm_truncdfsf2.o)
 .debug_frame   0x00003e90       0x2c D:/ST/STM32CubeIDE_1.15.0/STM32CubeIDE/plugins/com.st.stm32cube.ide.mcu.externaltools.gnu-tools-for-stm32.12.3.rel1.win32_1.0.100.202403111256/tools/bin/../lib/gcc/arm-none-eabi/12.3.1/thumb/v7e-m+fp/hard\libgcc.a(_aeabi_uldivmod.o)
 .debug_frame   0x00003ebc       0x34 D:/ST/STM32CubeIDE_1.15.0/STM32CubeIDE/plugins/com.st.stm32cube.ide.mcu.externaltools.gnu-tools-for-stm32.12.3.rel1.win32_1.0.100.202403111256/tools/bin/../lib/gcc/arm-none-eabi/12.3.1/thumb/v7e-m+fp/hard\libgcc.a(_udivmoddi4.o)

.debug_line_str
                0x00000000       0x55
 .debug_line_str
                0x00000000       0x55 ./Core/Startup/startup_stm32f401retx.o
