../Core/Src/StateMachine.c:149:6:State_InState_RESET	0	static
../Core/Src/StateMachine.c:203:6:State_Exit_IDLE	0	static
../Core/Src/StateMachine.c:87:6:State_Enter_RESET	16	static
../Core/Src/StateMachine.c:111:6:State_Enter_IDLE	0	static
../Core/Src/StateMachine.c:134:6:State_Enter_CONSTANT_SPEED	0	static
../Core/Src/StateMachine.c:119:6:State_Enter_TUNE	0	static
../Core/Src/StateMachine.c:209:6:State_Exit_TUNE	0	static
../Core/Src/StateMachine.c:158:6:State_InState_TUNE	24	static
../Core/Src/StateMachine.c:214:6:State_Exit_CONSTANT_SPEED	0	static
../Core/Src/StateMachine.c:154:6:State_InState_IDLE	0	static
../Core/Src/StateMachine.c:175:6:State_InState_CONSTANT_SPEED	0	static
../Core/Src/StateMachine.c:198:6:State_Exit_RESET	0	static
../Core/Src/StateMachine.c:33:8:StateMachine	16	static
../Core/Src/StateMachine.c:224:6:HAL_GPIO_EXTI_Callback	0	static
../Core/Src/StateMachine.c:238:6:HAL_TIM_PeriodElapsedCallback	8	static
