../Core/Src/tim.c:100:6:MX_TIM2_Init	56	static
../Core/Src/tim.c:144:6:MX_TIM3_Init	32	static
../Core/Src/tim.c:184:6:MX_TIM5_Init	56	static
../Core/Src/tim.c:228:6:HAL_TIM_PWM_MspInit	8	static
../Core/Src/tim.c:244:6:HAL_TIM_Encoder_MspInit	56	static
../Core/Src/tim.c:312:6:HAL_TIM_Base_MspInit	16	static
../Core/Src/tim.c:331:6:HAL_TIM_MspPostInit	32	static
../Core/Src/tim.c:34:6:MX_TIM1_Init	80	static
../Core/Src/tim.c:360:6:HAL_TIM_PWM_MspDeInit	0	static
../Core/Src/tim.c:376:6:HAL_TIM_Encoder_MspDeInit	8	static
../Core/Src/tim.c:423:6:HAL_TIM_Base_MspDeInit	0	static
