../Core/Src/StateMachine.c:33:8:StateMachine	24	static
../Core/Src/StateMachine.c:88:6:State_Enter_RESET	4	static
../Core/Src/StateMachine.c:94:6:State_Enter_IDLE	8	static
../Core/Src/StateMachine.c:102:6:State_Enter_TUNE	8	static
../Core/Src/StateMachine.c:118:6:State_Enter_CONSTANT_SPEED	4	static
../Core/Src/StateMachine.c:133:6:State_InState_RESET	4	static
../Core/Src/StateMachine.c:138:6:State_InState_IDLE	4	static
../Core/Src/StateMachine.c:143:6:State_InState_TUNE	8	static
../Core/Src/StateMachine.c:170:6:State_InState_CONSTANT_SPEED	4	static
../Core/Src/StateMachine.c:194:6:State_Exit_RESET	16	static
../Core/Src/StateMachine.c:225:6:State_Exit_IDLE	8	static
../Core/Src/StateMachine.c:233:6:State_Exit_TUNE	8	static
../Core/Src/StateMachine.c:238:6:State_Exit_CONSTANT_SPEED	8	static
../Core/Src/StateMachine.c:249:6:HAL_GPIO_EXTI_Callback	16	static
../Core/Src/StateMachine.c:263:6:HAL_TIM_PeriodElapsedCallback	24	static
